Component: ARM Compiler 5.06 update 1 (build 61) Tool: armlink [4d35a8]

==============================================================================

Section Cross References

    port_c.o(i.cpu_task_stack_init) refers to k_task.o(i.krhino_task_deathbed) for krhino_task_deathbed
    port_s.o(.text) refers to k_stats.o(i.krhino_stack_ovf_check) for krhino_stack_ovf_check
    port_s.o(.text) refers to k_obj.o(.data) for g_active_task
    fm33a0xx_aes.o(i.AES_GroupWriteAndRead_128BIT) refers to fm33a0xx_aes.o(i.AES_AESDIN_GroupWrite_128BIT) for AES_AESDIN_GroupWrite_128BIT
    fm33a0xx_aes.o(i.AES_GroupWriteAndRead_128BIT) refers to fm33a0xx_aes.o(i.AES_AESIF_CCF_Chk) for AES_AESIF_CCF_Chk
    fm33a0xx_aes.o(i.AES_GroupWriteAndRead_128BIT) refers to fm33a0xx_aes.o(i.AES_AESCR_CCFC_Clr) for AES_AESCR_CCFC_Clr
    fm33a0xx_aes.o(i.AES_GroupWriteAndRead_128BIT) refers to fm33a0xx_aes.o(i.AES_AESDOUT_GroupRead_128BIT) for AES_AESDOUT_GroupRead_128BIT
    fm33a0xx_aes.o(i.AES_Init) refers to fm33a0xx_aes.o(i.AES_AESCR_KEYLEN_Set) for AES_AESCR_KEYLEN_Set
    fm33a0xx_aes.o(i.AES_Init) refers to fm33a0xx_aes.o(i.AES_AESCR_CHMOD_Set) for AES_AESCR_CHMOD_Set
    fm33a0xx_aes.o(i.AES_Init) refers to fm33a0xx_aes.o(i.AES_AESCR_MODE_Set) for AES_AESCR_MODE_Set
    fm33a0xx_aes.o(i.AES_Init) refers to fm33a0xx_aes.o(i.AES_AESCR_DATATYP_Set) for AES_AESCR_DATATYP_Set
    fm33a0xx_aes.o(i.AES_Init) refers to fm33a0xx_aes.o(i.AES_AESCR_DMAOEN_Setable) for AES_AESCR_DMAOEN_Setable
    fm33a0xx_aes.o(i.AES_Init) refers to fm33a0xx_aes.o(i.AES_AESCR_DMAIEN_Setable) for AES_AESCR_DMAIEN_Setable
    fm33a0xx_aes.o(i.AES_Init) refers to fm33a0xx_aes.o(i.AES_AESCR_ERRIE_Setable) for AES_AESCR_ERRIE_Setable
    fm33a0xx_aes.o(i.AES_Init) refers to fm33a0xx_aes.o(i.AES_AESCR_CCFIE_Setable) for AES_AESCR_CCFIE_Setable
    fm33a0xx_aes.o(i.AES_Init) refers to fm33a0xx_aes.o(i.AES_AESCR_AESEN_Setable) for AES_AESCR_AESEN_Setable
    fm33a0xx_anac.o(i.ANAC_ADC_Channel_SetEx) refers to fm33a0xx_anac.o(i.__ARM_common_switch8) for __ARM_common_switch8
    fm33a0xx_anac.o(i.ANAC_ADC_Channel_SetEx) refers to fm33a0xx_anac.o(i.ANAC_ADCCON_ADC_VANA_EN_Set) for ANAC_ADCCON_ADC_VANA_EN_Set
    fm33a0xx_anac.o(i.ANAC_ADC_Channel_SetEx) refers to fm33a0xx_anac.o(i.ANAC_ADCTRIM_Write) for ANAC_ADCTRIM_Write
    fm33a0xx_anac.o(i.ANAC_ADC_Channel_SetEx) refers to fm33a0xx_anac.o(i.ANAC_ADCINSEL_BUFBYP_Setable) for ANAC_ADCINSEL_BUFBYP_Setable
    fm33a0xx_anac.o(i.ANAC_ADC_Channel_SetEx) refers to fm33a0xx_anac.o(i.ANAC_ADCINSEL_BUFEN_Setable) for ANAC_ADCINSEL_BUFEN_Setable
    fm33a0xx_anac.o(i.ANAC_ADC_Channel_SetEx) refers to fm33a0xx_anac.o(i.ANAC_ADCINSEL_BUFSEL_Set) for ANAC_ADCINSEL_BUFSEL_Set
    fm33a0xx_anac.o(i.ANAC_ADC_Init) refers to fm33a0xx_anac.o(i.ANAC_ADCTRIM_Write) for ANAC_ADCTRIM_Write
    fm33a0xx_anac.o(i.ANAC_ADC_Init) refers to fm33a0xx_anac.o(i.ANAC_ADCCON_ADC_VANA_EN_Set) for ANAC_ADCCON_ADC_VANA_EN_Set
    fm33a0xx_anac.o(i.ANAC_ADC_Init) refers to fm33a0xx_anac.o(i.ANAC_ADCINSEL_BUFSEL_Set) for ANAC_ADCINSEL_BUFSEL_Set
    fm33a0xx_anac.o(i.ANAC_ADC_Init) refers to fm33a0xx_anac.o(i.ANAC_ADCINSEL_BUFBYP_Setable) for ANAC_ADCINSEL_BUFBYP_Setable
    fm33a0xx_anac.o(i.ANAC_ADC_Init) refers to fm33a0xx_anac.o(i.ANAC_ADCINSEL_BUFEN_Setable) for ANAC_ADCINSEL_BUFEN_Setable
    fm33a0xx_anac.o(i.ANAC_ADC_Init) refers to fm33a0xx_anac.o(i.ANAC_ADCCON_ADC_IE_Setable) for ANAC_ADCCON_ADC_IE_Setable
    fm33a0xx_anac.o(i.ANAC_ADC_Init) refers to fm33a0xx_anac.o(i.ANAC_ADCCON_ADC_EN_Setable) for ANAC_ADCCON_ADC_EN_Setable
    fm33a0xx_anac.o(i.ANAC_ADC_TemperatureCalc) refers to fflti.o(.text) for __aeabi_i2f
    fm33a0xx_anac.o(i.ANAC_ADC_TemperatureCalc) refers to f2d.o(.text) for __aeabi_f2d
    fm33a0xx_anac.o(i.ANAC_ADC_TemperatureCalc) refers to dmul.o(.text) for __aeabi_dmul
    fm33a0xx_anac.o(i.ANAC_ADC_TemperatureCalc) refers to dfltui.o(.text) for __aeabi_ui2d
    fm33a0xx_anac.o(i.ANAC_ADC_TemperatureCalc) refers to dadd.o(.text) for __aeabi_dadd
    fm33a0xx_anac.o(i.ANAC_ADC_TemperatureCalc) refers to d2f.o(.text) for __aeabi_d2f
    fm33a0xx_anac.o(i.ANAC_ADC_TemperatureCalc) refers to fadd.o(.text) for __aeabi_fsub
    fm33a0xx_anac.o(i.ANAC_ADC_TemperatureCalc) refers to cfcmple.o(.text) for __aeabi_cfcmple
    fm33a0xx_anac.o(i.ANAC_ADC_TemperatureCalc) refers to fdiv.o(.text) for __aeabi_fdiv
    fm33a0xx_anac.o(i.ANAC_ADC_VoltageCalc) refers to cfcmple.o(.text) for __aeabi_cfcmple
    fm33a0xx_anac.o(i.ANAC_ADC_VoltageCalc) refers to fadd.o(.text) for __aeabi_fsub
    fm33a0xx_anac.o(i.ANAC_ADC_VoltageCalc) refers to fmul.o(.text) for __aeabi_fmul
    fm33a0xx_anac.o(i.ANAC_ADC_VoltageCalc) refers to dfltui.o(.text) for __aeabi_ui2d
    fm33a0xx_anac.o(i.ANAC_ADC_VoltageCalc) refers to ddiv.o(.text) for __aeabi_ddiv
    fm33a0xx_anac.o(i.ANAC_ADC_VoltageCalc) refers to f2d.o(.text) for __aeabi_f2d
[...]
    __2snprintf                              0x00001eb9   Thumb Code     0  printfa.o(i.__0snprintf)
    __c89snprintf                            0x00001eb9   Thumb Code     0  printfa.o(i.__0snprintf)
    snprintf                                 0x00001eb9   Thumb Code     0  printfa.o(i.__0snprintf)
    __0sprintf                               0x00001ee5   Thumb Code    36  printfa.o(i.__0sprintf)
    __1sprintf                               0x00001ee5   Thumb Code     0  printfa.o(i.__0sprintf)
    __2sprintf                               0x00001ee5   Thumb Code     0  printfa.o(i.__0sprintf)
    __c89sprintf                             0x00001ee5   Thumb Code     0  printfa.o(i.__0sprintf)
    sprintf                                  0x00001ee5   Thumb Code     0  printfa.o(i.__0sprintf)
    __0vprintf                               0x00001f0d   Thumb Code    12  printfa.o(i.__0vprintf)
    __1vprintf                               0x00001f0d   Thumb Code     0  printfa.o(i.__0vprintf)
    __2vprintf                               0x00001f0d   Thumb Code     0  printfa.o(i.__0vprintf)
    __c89vprintf                             0x00001f0d   Thumb Code     0  printfa.o(i.__0vprintf)
    vprintf                                  0x00001f0d   Thumb Code     0  printfa.o(i.__0vprintf)
    __0vsnprintf                             0x00001f21   Thumb Code    32  printfa.o(i.__0vsnprintf)
    __1vsnprintf                             0x00001f21   Thumb Code     0  printfa.o(i.__0vsnprintf)
    __2vsnprintf                             0x00001f21   Thumb Code     0  printfa.o(i.__0vsnprintf)
    __c89vsnprintf                           0x00001f21   Thumb Code     0  printfa.o(i.__0vsnprintf)
    vsnprintf                                0x00001f21   Thumb Code     0  printfa.o(i.__0vsnprintf)
    __ARM_clz                                0x00001f45   Thumb Code    46  depilogue.o(i.__ARM_clz)
    __ARM_common_switch8                     0x00001f73   Thumb Code    28  fm33a0xx_anac.o(i.__ARM_common_switch8)
    __aeabi_assert                           0x00001f8f   Thumb Code     4  armcc_libc.o(i.__aeabi_assert)
    __aeabi_errno_addr                       0x00001f95   Thumb Code     4  errno.o(i.__aeabi_errno_addr)
    __rt_errno_addr                          0x00001f95   Thumb Code     0  errno.o(i.__aeabi_errno_addr)
    __scatterload_copy                       0x00002199   Thumb Code    14  handlers.o(i.__scatterload_copy)
    __scatterload_null                       0x000021a7   Thumb Code     2  handlers.o(i.__scatterload_null)
    __scatterload_zeroinit                   0x000021a9   Thumb Code    14  handlers.o(i.__scatterload_zeroinit)
    add_test                                 0x00002d71   Thumb Code     8  testcase_register.o(i.add_test)
    aos_cancel_delayed_action                0x00002d79   Thumb Code    76  yloop.o(i.aos_cancel_delayed_action)
    aos_cancel_poll_read_fd                  0x00002dc5   Thumb Code   112  yloop.o(i.aos_cancel_poll_read_fd)
    aos_cli_init                             0x00002e35   Thumb Code   138  cli.o(i.aos_cli_init)
    aos_cli_printf                           0x00002f01   Thumb Code    96  cli.o(i.aos_cli_printf)
    aos_cli_register_command                 0x00002f69   Thumb Code   138  cli.o(i.aos_cli_register_command)
    aos_cli_register_commands                0x00002ff9   Thumb Code    48  cli.o(i.aos_cli_register_commands)
    aos_close                                0x0000302d   Thumb Code   102  vfs.o(i.aos_close)
    aos_event_service_deinit                 0x00003099   Thumb Code    22  local_event.o(i.aos_event_service_deinit)
    aos_event_service_init                   0x000030b5   Thumb Code    44  local_event.o(i.aos_event_service_init)
    aos_fcntl                                0x000030f5   Thumb Code    26  select.o(i.aos_fcntl)
    aos_free                                 0x0000310f   Thumb Code    20  aos_rhino.o(i.aos_free)
    aos_get_hz                               0x00003123   Thumb Code     4  aos_rhino.o(i.aos_get_hz)
    aos_init                                 0x00003127   Thumb Code     8  aos_rhino.o(i.aos_init)
    aos_ioctl                                0x0000312f   Thumb Code    98  vfs.o(i.aos_ioctl)
    aos_kernel_init                          0x00003191   Thumb Code    38  aos_init.o(i.aos_kernel_init)
    aos_kv_del                               0x000031b9   Thumb Code    70  kvmgr.o(i.aos_kv_del)
    aos_kv_gc                                0x00003205   Thumb Code   240  kvmgr.o(i.aos_kv_gc)
    aos_kv_get                               0x000032fd   Thumb Code   128  kvmgr.o(i.aos_kv_get)
    aos_kv_init                              0x00003381   Thumb Code   118  kvmgr.o(i.aos_kv_init)
    aos_kv_set                               0x00003401   Thumb Code   156  kvmgr.o(i.aos_kv_set)
    aos_loop_destroy                         0x000034a1   Thumb Code    92  yloop.o(i.aos_loop_destroy)
    aos_loop_exit                            0x00003501   Thumb Code    14  yloop.o(i.aos_loop_exit)
    aos_loop_init                            0x00003511   Thumb Code   112  yloop.o(i.aos_loop_init)
    aos_loop_run                             0x000035b1   Thumb Code   326  yloop.o(i.aos_loop_run)
    aos_loop_set_eventfd                     0x00003715   Thumb Code    14  yloop.o(i.aos_loop_set_eventfd)
    aos_malloc                               0x00003723   Thumb Code    24  aos_rhino.o(i.aos_malloc)
    aos_msleep                               0x0000373b   Thumb Code    20  aos_rhino.o(i.aos_msleep)
    aos_mutex_free                           0x0000374f   Thumb Code    30  aos_rhino.o(i.aos_mutex_free)
    aos_mutex_is_valid                       0x0000376d   Thumb Code    22  aos_rhino.o(i.aos_mutex_is_valid)
    aos_mutex_lock                           0x00003785   Thumb Code   416  aos_rhino.o(i.aos_mutex_lock)
    aos_mutex_new                            0x0000392d   Thumb Code   400  aos_rhino.o(i.aos_mutex_new)
    aos_mutex_unlock                         0x00003ac5   Thumb Code   374  aos_rhino.o(i.aos_mutex_unlock)
    aos_now_ms                               0x00003c45   Thumb Code     8  aos_rhino.o(i.aos_now_ms)
    aos_open                                 0x00003c4d   Thumb Code   186  vfs.o(i.aos_open)
    aos_poll                                 0x00003d0d   Thumb Code   154  select.o(i.aos_poll)
    aos_poll_read_fd                         0x00003da9   Thumb Code   220  yloop.o(i.aos_poll_read_fd)
    aos_post_delayed_action                  0x00003ea5   Thumb Code   122  yloop.o(i.aos_post_delayed_action)
    aos_post_event                           0x00003f21   Thumb Code    40  local_event.o(i.aos_post_event)
    aos_queue_free                           0x00003f4d   Thumb Code    30  aos_rhino.o(i.aos_queue_free)
    aos_queue_is_valid                       0x00003f6b   Thumb Code    22  aos_rhino.o(i.aos_queue_is_valid)
    aos_queue_new                            0x00003f81   Thumb Code   416  aos_rhino.o(i.aos_queue_new)
    aos_queue_recv                           0x00004129   Thumb Code   396  aos_rhino.o(i.aos_queue_recv)
    aos_queue_send                           0x000042b9   Thumb Code   376  aos_rhino.o(i.aos_queue_send)
    aos_read                                 0x00004435   Thumb Code    90  vfs.o(i.aos_read)
    aos_realloc                              0x0000448f   Thumb Code    22  aos_rhino.o(i.aos_realloc)
    aos_register_driver                      0x000044a5   Thumb Code   118  vfs_register.o(i.aos_register_driver)
    aos_register_event_filter                0x00004521   Thumb Code    62  local_event.o(i.aos_register_event_filter)
    aos_sem_free                             0x00004565   Thumb Code    30  aos_rhino.o(i.aos_sem_free)
    aos_sem_is_valid                         0x00004583   Thumb Code    22  aos_rhino.o(i.aos_sem_is_valid)
    aos_sem_new                              0x00004599   Thumb Code   404  aos_rhino.o(i.aos_sem_new)
    aos_sem_signal                           0x00004735   Thumb Code    20  aos_rhino.o(i.aos_sem_signal)
    aos_sem_signal_all                       0x00004749   Thumb Code    20  aos_rhino.o(i.aos_sem_signal_all)
    aos_sem_wait                             0x0000475d   Thumb Code   408  aos_rhino.o(i.aos_sem_wait)
    aos_set_log_level                        0x000048f9   Thumb Code    64  log.o(i.aos_set_log_level)
    aos_start                                0x0000493d   Thumb Code     8  aos_rhino.o(i.aos_start)
    aos_task_exit                            0x00004945   Thumb Code    12  aos_rhino.o(i.aos_task_exit)
    aos_task_getspecific                     0x00004951   Thumb Code    26  aos_rhino.o(i.aos_task_getspecific)
    aos_task_key_create                      0x0000496d   Thumb Code    52  aos_rhino.o(i.aos_task_key_create)
    aos_task_key_delete                      0x000049a5   Thumb Code    24  aos_rhino.o(i.aos_task_key_delete)
    aos_task_name                            0x000049c1   Thumb Code    10  aos_rhino.o(i.aos_task_name)
    aos_task_new                             0x000049cd   Thumb Code   390  aos_rhino.o(i.aos_task_new)
    aos_task_new_ext                         0x00004b59   Thumb Code   388  aos_rhino.o(i.aos_task_new_ext)
    aos_task_setspecific                     0x00004ce1   Thumb Code   364  aos_rhino.o(i.aos_task_setspecific)
    aos_timer_change                         0x00004e51   Thumb Code   408  aos_rhino.o(i.aos_timer_change)
    aos_timer_free                           0x00004fed   Thumb Code    24  aos_rhino.o(i.aos_timer_free)
    aos_timer_new                            0x00005005   Thumb Code   482  aos_rhino.o(i.aos_timer_new)
    aos_timer_start                          0x000051f1   Thumb Code   364  aos_rhino.o(i.aos_timer_start)
    aos_timer_stop                           0x00005361   Thumb Code   364  aos_rhino.o(i.aos_timer_stop)
    aos_uart_recv                            0x000054d1   Thumb Code    26  vfs.o(i.aos_uart_recv)
    aos_uart_send                            0x000054f1   Thumb Code    22  vfs.o(i.aos_uart_send)
    aos_unregister_event_filter              0x0000550d   Thumb Code    80  local_event.o(i.aos_unregister_event_filter)
    aos_zalloc                               0x00005561   Thumb Code    36  aos_rhino.o(i.aos_zalloc)
    application_start                        0x00005585   Thumb Code    46  main.o(i.application_start)
    board_init                               0x000055e9   Thumb Code     8  board.o(i.board_init)
    cli_getchar                              0x00005785   Thumb Code    30  cli.o(i.cli_getchar)
    cli_putstr                               0x000058b5   Thumb Code    32  cli.o(i.cli_putstr)
    cli_service_init                         0x000058d5   Thumb Code    16  aos_init.o(i.cli_service_init)
    core_sched                               0x00005a35   Thumb Code    92  k_sched.o(i.core_sched)
    cpu_task_stack_init                      0x00005aa5   Thumb Code   142  port_c.o(i.cpu_task_stack_init)
    csp_printf                               0x00005b65   Thumb Code    60  log.o(i.csp_printf)
    cut_main                                 0x00005ba9   Thumb Code   324  cut.o(i.cut_main)
    del_file                                 0x0000b009   Thumb Code    16  vfs_file.o(i.del_file)
    dyn_mem_proc_task                        0x0000b4c5   Thumb Code   148  k_dyn_mem_proc.o(i.dyn_mem_proc_task)
    dyn_mem_proc_task_start                  0x0000b561   Thumb Code    42  k_dyn_mem_proc.o(i.dyn_mem_proc_task_start)
    fputc                                    0x0000b92d   Thumb Code    38  soc_init.o(i.fputc)
    free                                     0x0000b95d   Thumb Code    12  armcc_libc.o(i.free)
    get_fd                                   0x0000b98d   Thumb Code    18  vfs_file.o(i.get_fd)
    get_file                                 0x0000b9a5   Thumb Code    42  vfs_file.o(i.get_file)
    hal_flash_erase                          0x0000bd65   Thumb Code   126  flash.o(i.hal_flash_erase)
    hal_flash_get_info                       0x0000bde9   Thumb Code    12  flash.o(i.hal_flash_get_info)
    hal_flash_read                           0x0000bdf9   Thumb Code    76  flash.o(i.hal_flash_read)
    hal_flash_write                          0x0000be45   Thumb Code    50  flash.o(i.hal_flash_write)
    hal_reboot                               0x0000be81   Thumb Code    48  aos.o(i.hal_reboot)
    hal_uart_init                            0x0000beb9   Thumb Code   450  uart.o(i.hal_uart_init)
    hal_uart_recv_II                         0x0000c089   Thumb Code   192  uart.o(i.hal_uart_recv_II)
    hal_uart_send                            0x0000c14d   Thumb Code   172  uart.o(i.hal_uart_send)
    idle_task                                0x0000c799   Thumb Code    40  k_idle.o(i.idle_task)
    inode_alloc                              0x0000c815   Thumb Code    34  vfs_inode.o(i.inode_alloc)
    inode_init                               0x0000c83d   Thumb Code    16  vfs_inode.o(i.inode_init)
    inode_open                               0x0000c851   Thumb Code   102  vfs_inode.o(i.inode_open)
    inode_ptr_get                            0x0000c8bd   Thumb Code    30  vfs_inode.o(i.inode_ptr_get)
    inode_ref                                0x0000c8e1   Thumb Code     8  vfs_inode.o(i.inode_ref)
    inode_reserve                            0x0000c8e9   Thumb Code    98  vfs_inode.o(i.inode_reserve)
    inode_unref                              0x0000c985   Thumb Code    14  vfs_inode.o(i.inode_unref)
    k_err_proc                               0x0000ca0d   Thumb Code    22  k_err.o(i.k_err_proc)
    k_mm_alloc                               0x0000ca29   Thumb Code   336  k_mm.o(i.k_mm_alloc)
    k_mm_free                                0x0000cb79   Thumb Code   226  k_mm.o(i.k_mm_free)
    k_mm_init                                0x0000cd15   Thumb Code    52  k_mm.o(i.k_mm_init)
    k_mm_realloc                             0x0000cd55   Thumb Code   626  k_mm.o(i.k_mm_realloc)
    kobj_list_init                           0x0000d0a5   Thumb Code    50  k_stats.o(i.kobj_list_init)
    krhino_add_mm_region                     0x0000d0dd   Thumb Code   156  k_mm.o(i.krhino_add_mm_region)
    krhino_buf_queue_create                  0x0000d179   Thumb Code    36  k_buf_queue.o(i.krhino_buf_queue_create)
    krhino_buf_queue_del                     0x0000d19d   Thumb Code   162  k_buf_queue.o(i.krhino_buf_queue_del)
    krhino_buf_queue_recv                    0x0000d245   Thumb Code   332  k_buf_queue.o(i.krhino_buf_queue_recv)
    krhino_buf_queue_send                    0x0000d39d   Thumb Code    44  k_buf_queue.o(i.krhino_buf_queue_send)
    krhino_cur_task_get                      0x0000d475   Thumb Code    36  k_task.o(i.krhino_cur_task_get)
    krhino_fix_buf_queue_create              0x0000d4ed   Thumb Code    42  k_buf_queue.o(i.krhino_fix_buf_queue_create)
    krhino_init                              0x0000d519   Thumb Code    98  k_sys.o(i.krhino_init)
    krhino_init_mm_head                      0x0000d5ad   Thumb Code   206  k_mm.o(i.krhino_init_mm_head)
    krhino_intrpt_enter                      0x0000d68d   Thumb Code    32  k_sys.o(i.krhino_intrpt_enter)
    krhino_intrpt_exit                       0x0000d6b1   Thumb Code   102  k_sys.o(i.krhino_intrpt_exit)
    krhino_mblk_alloc                        0x0000d72d   Thumb Code   100  k_mm_blk.o(i.krhino_mblk_alloc)
    krhino_mblk_free                         0x0000d791   Thumb Code    72  k_mm_blk.o(i.krhino_mblk_free)
    krhino_mblk_pool_init                    0x0000d7d9   Thumb Code   230  k_mm_blk.o(i.krhino_mblk_pool_init)
    krhino_mm_alloc                          0x0000d8c5   Thumb Code    34  k_mm.o(i.krhino_mm_alloc)
    krhino_mm_free                           0x0000d909   Thumb Code    16  k_mm.o(i.krhino_mm_free)
    krhino_mm_realloc                        0x0000d91d   Thumb Code    24  k_mm.o(i.krhino_mm_realloc)
    krhino_ms_to_ticks                       0x0000d939   Thumb Code   116  k_time.o(i.krhino_ms_to_ticks)
    krhino_mutex_create                      0x0000d9ad   Thumb Code    18  k_mutex.o(i.krhino_mutex_create)
    krhino_mutex_del                         0x0000d9c1   Thumb Code   176  k_mutex.o(i.krhino_mutex_del)
    krhino_mutex_lock                        0x0000da75   Thumb Code   370  k_mutex.o(i.krhino_mutex_lock)
    krhino_mutex_unlock                      0x0000dbfd   Thumb Code   234  k_mutex.o(i.krhino_mutex_unlock)
    krhino_sem_create                        0x0000dcf9   Thumb Code    22  k_sem.o(i.krhino_sem_create)
    krhino_sem_del                           0x0000dd11   Thumb Code   154  k_sem.o(i.krhino_sem_del)
    krhino_sem_give                          0x0000ddb1   Thumb Code    26  k_sem.o(i.krhino_sem_give)
    krhino_sem_give_all                      0x0000ddcb   Thumb Code    26  k_sem.o(i.krhino_sem_give_all)
    krhino_sem_take                          0x0000dde5   Thumb Code   228  k_sem.o(i.krhino_sem_take)
    krhino_stack_ovf_check                   0x0000ded5   Thumb Code    56  k_stats.o(i.krhino_stack_ovf_check)
    krhino_start                             0x0000df15   Thumb Code    44  k_sys.o(i.krhino_start)
    krhino_sys_tick_get                      0x0000df51   Thumb Code    24  k_time.o(i.krhino_sys_tick_get)
    krhino_sys_time_get                      0x0000df6d   Thumb Code    40  k_time.o(i.krhino_sys_time_get)
    krhino_task_create                       0x0000df95   Thumb Code    42  k_task.o(i.krhino_task_create)
    krhino_task_deathbed                     0x0000dfbf   Thumb Code    32  k_task.o(i.krhino_task_deathbed)
    krhino_task_del                          0x0000dfe1   Thumb Code   288  k_task.o(i.krhino_task_del)
    krhino_task_dyn_create                   0x0000e111   Thumb Code    42  k_task.o(i.krhino_task_dyn_create)
    krhino_task_dyn_del                      0x0000e13d   Thumb Code   390  k_task.o(i.krhino_task_dyn_del)
    krhino_task_info_get                     0x0000e2dd   Thumb Code    50  k_task.o(i.krhino_task_info_get)
    krhino_task_info_set                     0x0000e30f   Thumb Code    52  k_task.o(i.krhino_task_info_set)
    krhino_task_sleep                        0x0000e345   Thumb Code   176  k_task.o(i.krhino_task_sleep)
    krhino_tick_proc                         0x0000e405   Thumb Code    12  k_time.o(i.krhino_tick_proc)
    krhino_timer_change                      0x0000e411   Thumb Code   108  k_timer.o(i.krhino_timer_change)
    krhino_timer_dyn_create                  0x0000e485   Thumb Code    96  k_timer.o(i.krhino_timer_dyn_create)
    krhino_timer_dyn_del                     0x0000e4e5   Thumb Code    42  k_timer.o(i.krhino_timer_dyn_del)
    krhino_timer_start                       0x0000e515   Thumb Code    42  k_timer.o(i.krhino_timer_start)
    krhino_timer_stop                        0x0000e545   Thumb Code    42  k_timer.o(i.krhino_timer_stop)
    ktimer_init                              0x0000e575   Thumb Code    66  k_timer.o(i.ktimer_init)
    log_cli_init                             0x0000ec99   Thumb Code    24  log.o(i.log_cli_init)
    main                                     0x0000ee01   Thumb Code    10  aos.o(i.main)
    malloc                                   0x0000ee0b   Thumb Code    16  armcc_libc.o(i.malloc)
    mutex_create                             0x0000ee1d   Thumb Code   102  k_mutex.o(i.mutex_create)
    mutex_pri_look                           0x0000ee89   Thumb Code    90  k_mutex.o(i.mutex_pri_look)
    mutex_task_pri_reset                     0x0000ef05   Thumb Code    36  k_mutex.o(i.mutex_task_pri_reset)
    new_file                                 0x0000ef29   Thumb Code    52  vfs_file.o(i.new_file)
    pend_list_reorder                        0x0000f113   Thumb Code    30  k_pend.o(i.pend_list_reorder)
    pend_state_end_proc                      0x0000f131   Thumb Code    68  k_pend.o(i.pend_state_end_proc)
    pend_task_rm                             0x0000f175   Thumb Code    86  k_pend.o(i.pend_task_rm)
    pend_task_wakeup                         0x0000f1d1   Thumb Code    86  k_pend.o(i.pend_task_wakeup)
    pend_to_blk_obj                          0x0000f22d   Thumb Code    78  k_pend.o(i.pend_to_blk_obj)
    port_transform_GPIOx                     0x0000f281   Thumb Code   106  gpio.o(i.port_transform_GPIOx)
    preferred_cpu_ready_task_get             0x0000f3f5   Thumb Code    24  k_sched.o(i.preferred_cpu_ready_task_get)
    ready_list_add                           0x0000f519   Thumb Code    48  k_sched.o(i.ready_list_add)
    ready_list_add_head                      0x0000f54d   Thumb Code    64  k_sched.o(i.ready_list_add_head)
    ready_list_add_tail                      0x0000f58d   Thumb Code    52  k_sched.o(i.ready_list_add_tail)
    ready_list_rm                            0x0000f61b   Thumb Code   146  k_sched.o(i.ready_list_rm)
    ringbuf_init                             0x0000f7af   Thumb Code    30  k_ringbuf.o(i.ringbuf_init)
    ringbuf_is_empty                         0x0000f7cd   Thumb Code    22  k_ringbuf.o(i.ringbuf_is_empty)
    ringbuf_is_full                          0x0000f7e3   Thumb Code    40  k_ringbuf.o(i.ringbuf_is_full)
    ringbuf_pop                              0x0000f80b   Thumb Code   332  k_ringbuf.o(i.ringbuf_pop)
    ringbuf_push                             0x0000f957   Thumb Code   294  k_ringbuf.o(i.ringbuf_push)
    ringbuf_reset                            0x0000fa7d   Thumb Code    22  k_ringbuf.o(i.ringbuf_reset)
    runqueue_init                            0x0000fa93   Thumb Code    30  k_sched.o(i.runqueue_init)
    soc_err_proc                             0x0000fbe9   Thumb Code    14  soc_impl.o(i.soc_err_proc)
    soc_get_cur_sp                           0x0000fc31   Thumb Code     4  soc_impl.o(i.soc_get_cur_sp)
    soc_init                                 0x0000fc35   Thumb Code    38  soc_init.o(i.soc_init)
    task_dyn_create                          0x000108f9   Thumb Code   150  k_task.o(i.task_dyn_create)
    task_pri_change                          0x00010a69   Thumb Code   208  k_task.o(i.task_pri_change)
    test_certificate                         0x00010b45   Thumb Code   450  aos_test.o(i.test_certificate)
    tftp_ota_thread                          0x00010d79   Thumb Code    12  cli.o(i.tftp_ota_thread)
    tick_list_init                           0x00010d85   Thumb Code    10  k_tick.o(i.tick_list_init)
    tick_list_insert                         0x00010d95   Thumb Code    52  k_tick.o(i.tick_list_insert)
    tick_list_rm                             0x00010e31   Thumb Code    24  k_tick.o(i.tick_list_rm)
    tick_list_update                         0x00010e49   Thumb Code   274  k_tick.o(i.tick_list_update)
    vfs_device_init                          0x00011355   Thumb Code    44  device.o(i.vfs_device_init)
    vfs_init                                 0x00011395   Thumb Code    44  vfs.o(i.vfs_init)
    yts_run                                  0x000113fd   Thumb Code   204  yts_main.o(i.yts_run)
    yunit_get_test_case                      0x00011531   Thumb Code    38  yunit.o(i.yunit_get_test_case)
    yunit_get_test_suite                     0x00011559   Thumb Code    36  yunit.o(i.yunit_get_test_suite)
    yunit_run_test_case                      0x00011581   Thumb Code    98  yunit.o(i.yunit_run_test_case)
    yunit_run_test_suite                     0x00011655   Thumb Code    96  yunit.o(i.yunit_run_test_suite)
    yunit_test_deinit                        0x000116fd   Thumb Code    70  yunit.o(i.yunit_test_deinit)
    yunit_test_init                          0x00011749   Thumb Code    12  yunit.o(i.yunit_test_init)
    yunit_test_print_result                  0x00011759   Thumb Code    62  yunit.o(i.yunit_test_print_result)
    yunit_test_run                           0x000117f5   Thumb Code    36  yunit.o(i.yunit_test_run)
    g_gpio_pin                               0x0001181c   Data          68  gpio.o(.constdata)
    Region$$Table$$Base                      0x00011db8   Number         0  anon$$obj.o(Region$$Table)
    Region$$Table$$Limit                     0x00011dd8   Number         0  anon$$obj.o(Region$$Table)
    SystemCoreClock                          0x20000000   Data           4  system_fm33a0xx.o(.data)
    g_gpio_irq_handler                       0x20000004   Data           4  gpio.o(.data)
    g_arg                                    0x20000008   Data           4  gpio.o(.data)
    g_port                                   0x2000000c   Data           1  gpio.o(.data)
    g_mm_region                              0x20000010   Data           8  soc_impl.o(.data)
    g_region_num                             0x20000018   Data           4  soc_impl.o(.data)
    g_err_proc                               0x2000001c   Data           4  soc_impl.o(.data)
    g_aos_init                               0x20000020   Data           4  aos.o(.data)
    g_sys_stat                               0x20000028   Data           2  k_obj.o(.data)
    g_idle_task_spawned                      0x2000002a   Data           1  k_obj.o(.data)
    g_sched_lock                             0x2000002b   Data           1  k_obj.o(.data)
    g_intrpt_nested_level                    0x2000002c   Data           1  k_obj.o(.data)
    g_preferred_ready_task                   0x20000030   Data           4  k_obj.o(.data)
    g_active_task                            0x20000034   Data           4  k_obj.o(.data)
    g_idle_count                             0x20000038   Data           8  k_obj.o(.data)
    g_tick_count                             0x20000040   Data           8  k_obj.o(.data)
    g_tick_head                              0x20000048   Data           8  k_obj.o(.data)
    g_timer_head                             0x20000050   Data           8  k_obj.o(.data)
    g_timer_count                            0x20000058   Data           8  k_obj.o(.data)
    g_res_list                               0x20000060   Data           8  k_obj.o(.data)
    g_kmm_head                               0x20000068   Data           4  k_obj.o(.data)
    g_main_ctx                               0x20000088   Data           4  yloop.o(.data)
    g_vfs_mutex                              0x20000094   Data           4  vfs.o(.data)
    hal_partitions                           0x200000ac   Data         220  board.o(.data)
    aos_log_level                            0x20000188   Data           4  log.o(.data)
    log_mutex                                0x2000018c   Data           4  log.o(.data)
    log_cli_cmd                              0x20000190   Data          12  log.o(.data)
    cut_suite_test_mm                        0x20000274   Data          24  aos_test.o(.data)
    cut_suite_test_task                      0x2000036c   Data          32  aos_test.o(.data)
    cut_suite_test_task_comm                 0x2000044c   Data          28  aos_test.o(.data)
    cut_suite_test_timer                     0x200004a8   Data          12  aos_test.o(.data)
    cut_suite_test_kv                        0x20000514   Data          16  aos_test.o(.data)
    cut_suite_test_yloop                     0x200005e4   Data          28  aos_test.o(.data)
    __stdout                                 0x20000600   Data           4  stdout.o(.data)
    __stderr                                 0x20000604   Data           4  stderr.o(.data)
    uart_0                                   0x2000080c   Data          20  soc_init.o(.bss)
    g_heap_buf                               0x20000820   Data       20480  soc_impl.o(.bss)
    g_ready_queue                            0x20005830   Data         260  k_obj.o(.bss)
    g_idle_task                              0x20005938   Data          96  k_obj.o(.bss)
    g_idle_task_stack                        0x20005998   Data         400  k_obj.o(.bss)
    g_kobj_list                              0x20005b28   Data          48  k_obj.o(.bss)
    g_timer_task                             0x20005b58   Data          96  k_obj.o(.bss)
    g_timer_task_stack                       0x20005bb8   Data        1200  k_obj.o(.bss)
    g_timer_queue                            0x20006068   Data          76  k_obj.o(.bss)
    timer_queue_cb                           0x200060b8   Data         480  k_obj.o(.bss)
    g_res_sem                                0x20006298   Data          36  k_obj.o(.bss)
    g_dyn_task                               0x200062c0   Data          96  k_obj.o(.bss)
    g_dyn_task_stack                         0x20006320   Data        1024  k_obj.o(.bss)
    esc_tag                                  0x20006be8   Data          64  cli.o(.bss)
    g_test_context                           0x20006da8   Data         124  yunit.o(.bss)
    cut                                      0x20006e24   Data         280  cut.o(.bss)
    __initial_sp                             0x20007fc0   Data           0  startup_fm33a0xx.o(STACK)



==============================================================================

Memory Map of the image

  Image Entry point : 0x000000c1

  Load Region LR_IROM1 (Base: 0x00000000, Size: 0x000123e4, Max: 0x00040000, ABSOLUTE, COMPRESSED[0x00011f80])

    Execution Region ER_IROM1 (Base: 0x00000000, Size: 0x00011dd8, Max: 0x00040000, ABSOLUTE)

    Base Addr    Size         Type   Attr      Idx    E Section Name        Object

    0x00000000   0x000000c0   Data   RO         6460    RESET               startup_fm33a0xx.o
    0x000000c0   0x00000000   Code   RO        11032  * .ARM.Collect$$$$00000000  mc_p.l(entry.o)
    0x000000c0   0x00000004   Code   RO        11381    .ARM.Collect$$$$00000001  mc_p.l(entry2.o)
    0x000000c4   0x00000004   Code   RO        11384    .ARM.Collect$$$$00000004  mc_p.l(entry5.o)
    0x000000c8   0x00000000   Code   RO        11386    .ARM.Collect$$$$00000008  mc_p.l(entry7b.o)
    0x000000c8   0x00000000   Code   RO        11388    .ARM.Collect$$$$0000000A  mc_p.l(entry8b.o)
    0x000000c8   0x00000008   Code   RO        11389    .ARM.Collect$$$$0000000B  mc_p.l(entry9a.o)
    0x000000d0   0x00000000   Code   RO        11391    .ARM.Collect$$$$0000000D  mc_p.l(entry10a.o)
    0x000000d0   0x00000000   Code   RO        11393    .ARM.Collect$$$$0000000F  mc_p.l(entry11a.o)
    0x000000d0   0x00000004   Code   RO        11382    .ARM.Collect$$$$00002712  mc_p.l(entry2.o)
    0x000000d4   0x000000ac   Code   RO          128    .text               port_s.o
    0x00000180   0x0000001c   Code   RO         6461    .text               startup_fm33a0xx.o
    0x0000019c   0x0000002c   Code   RO        11039    .text               mc_p.l(uidiv.o)
    0x000001c8   0x00000028   Code   RO        11041    .text               mc_p.l(idiv.o)
    0x000001f0   0x00000060   Code   RO        11043    .text               mc_p.l(uldiv.o)
    0x00000250   0x0000007a   Code   RO        11045    .text               mc_p.l(llmul.o)
    0x000002ca   0x00000042   Code   RO        11051    .text               mc_p.l(memmove.o)
    0x0000030c   0x00000024   Code   RO        11055    .text               mc_p.l(memseta.o)
    0x00000330   0x00000028   Code   RO        11057    .text               mc_p.l(strstr.o)
    0x00000358   0x0000001a   Code   RO        11059    .text               mc_p.l(strncpy.o)
    0x00000372   0x00000014   Code   RO        11061    .text               mc_p.l(strchr.o)
    0x00000386   0x0000000e   Code   RO        11063    .text               mc_p.l(strlen.o)
    0x00000394   0x0000001c   Code   RO        11065    .text               mc_p.l(strcmp.o)
    0x000003b0   0x0000001a   Code   RO        11067    .text               mc_p.l(memcmp.o)
    0x000003ca   0x00000012   Code   RO        11069    .text               mc_p.l(strcpy.o)
    0x000003dc   0x0000001e   Code   RO        11071    .text               mc_p.l(strncmp.o)
    0x000003fa   0x00000020   Code   RO        11073    .text               mc_p.l(strrchr.o)
    0x0000041a   0x0000007c   Code   RO        11355    .text               mf_p.l(fdiv.o)
    0x00000496   0x00000002   PAD
    0x00000498   0x00000164   Code   RO        11357    .text               mf_p.l(dadd.o)
    0x000005fc   0x000000d0   Code   RO        11359    .text               mf_p.l(dmul.o)
    0x000006cc   0x000000f0   Code   RO        11361    .text               mf_p.l(ddiv.o)
    0x000007bc   0x0000000e   Code   RO        11365    .text               mf_p.l(ffltui.o)
    0x000007ca   0x00000002   PAD
    0x000007cc   0x0000003c   Code   RO        11371    .text               mf_p.l(dfixui.o)
    0x00000808   0x00000028   Code   RO        11373    .text               mf_p.l(f2d.o)
    0x00000830   0x00000014   Code   RO        11379    .text               mf_p.l(cfrcmple.o)
    0x00000844   0x00000020   Code   RO        11395    .text               mc_p.l(llshl.o)
    0x00000864   0x00000022   Code   RO        11397    .text               mc_p.l(llushr.o)
    0x00000886   0x00000026   Code   RO        11399    .text               mc_p.l(llsshr.o)
    0x000008ac   0x00000000   Code   RO        11401    .text               mc_p.l(iusefp.o)
    0x000008ac   0x00000082   Code   RO        11402    .text               mf_p.l(fepilogue.o)
    0x0000092e   0x000000be   Code   RO        11404    .text               mf_p.l(depilogue.o)
    0x000009ec   0x00000040   Code   RO        11408    .text               mf_p.l(dfixul.o)
    0x00000a2c   0x00000028   Code   RO        11410    .text               mf_p.l(cdrcmple.o)
    0x00000a54   0x00000024   Code   RO        11412    .text               mc_p.l(init.o)
    0x00000a78   0x00000056   Code   RO        11422    .text               mc_p.l(__dczerorl2.o)
    0x00000ace   0x00000002   PAD
    0x00000ad0   0x00000024   Code   RO          414    i.ANAC_BORCON_OFF_BOR_Setable  fm33a0xx_anac.o
    0x00000af4   0x00000024   Code   RO          459    i.ANAC_PDRCON_PDREN_Setable  fm33a0xx_anac.o
    0x00000b18   0x000000a6   Code   RO         7087    i.AltFunIO          soc_init.o
    0x00000bbe   0x00000002   PAD
    0x00000bc0   0x00000014   Code   RO         2233    i.FLASH_Deinit      fm33a0xx_flash.o
    0x00000bd4   0x0000001c   Code   RO         2235    i.FLASH_EPCON_EREQ_Set  fm33a0xx_flash.o
    0x00000bf0   0x00000020   Code   RO         2237    i.FLASH_EPCON_ERTYPE_Set  fm33a0xx_flash.o
    0x00000c10   0x00000020   Code   RO         2239    i.FLASH_EPCON_PREQ_Set  fm33a0xx_flash.o
    0x00000c30   0x00000044   Code   RO         2240    i.FLASH_Erase_Sector  fm33a0xx_flash.o
    0x00000c74   0x00000018   Code   RO         2255    i.FLASH_FLSIF_ERDIF_Chk  fm33a0xx_flash.o
    0x00000c8c   0x0000000c   Code   RO         2256    i.FLASH_FLSIF_ERDIF_Clr  fm33a0xx_flash.o
    0x00000c98   0x00000018   Code   RO         2259    i.FLASH_FLSIF_PRDIF_Chk  fm33a0xx_flash.o
    0x00000cb0   0x0000000c   Code   RO         2260    i.FLASH_FLSIF_PRDIF_Clr  fm33a0xx_flash.o
    0x00000cbc   0x0000000c   Code   RO         2261    i.FLASH_FLSKEY_Write  fm33a0xx_flash.o
    0x00000cc8   0x0000001c   Code   RO         2263    i.FLASH_FLSRDCON_WAIT_Set  fm33a0xx_flash.o
    0x00000ce4   0x00000054   Code   RO         2268    i.FLASH_Prog_ByteString  fm33a0xx_flash.o
    0x00000d38   0x00000144   Code   RO         2507    i.GPIO_EXTI_EXTIxIF_ChkEx  fm33a0xx_gpio.o
    0x00000e7c   0x000000fc   Code   RO         2508    i.GPIO_EXTI_EXTIxIF_ClrEx  fm33a0xx_gpio.o
    0x00000f78   0x00000094   Code   RO         2514    i.GPIO_Get_InitPara  fm33a0xx_gpio.o
    0x0000100c   0x0000006c   Code   RO         6604    i.GPIO_IRQHandler   gpio.o
    0x00001078   0x00000072   Code   RO         2520    i.GPIO_Init         fm33a0xx_gpio.o
    0x000010ea   0x00000002   PAD
    0x000010ec   0x00000010   Code   RO         3410    i.IWDT_Clr          fm33a0xx_iwdt.o
    0x000010fc   0x0000001c   Code   RO         3413    i.IWDT_IWDTCFG_IWDTOVP_Set  fm33a0xx_iwdt.o
    0x00001118   0x00000024   Code   RO         3415    i.IWDT_IWDTCFG_IWDTSLP4096S_Setable  fm33a0xx_iwdt.o
    0x0000113c   0x00000020   Code   RO         7091    i.IWDT_Init         soc_init.o
    0x0000115c   0x00000050   Code   RO         7092    i.Init_IO           soc_init.o
    0x000011ac   0x00000020   Code   RO         7093    i.Init_PLL          soc_init.o
    0x000011cc   0x00000198   Code   RO         7095    i.Init_RCC_PERIPH_clk  soc_init.o
    0x00001364   0x00000030   Code   RO         7096    i.Init_SysClk       soc_init.o
    0x00001394   0x0000002e   Code   RO         7097    i.Init_SysClk_Gen   soc_init.o
    0x000013c2   0x00000002   PAD
    0x000013c4   0x00000048   Code   RO         7098    i.Init_SysTick      soc_init.o
    0x0000140c   0x00000044   Code   RO         7099    i.Init_System       soc_init.o
    0x00001450   0x00000014   Code   RO         7000    i.NVIC_DisableIRQ   uart.o
    0x00001464   0x00000078   Code   RO         7101    i.NVIC_SetPriority  soc_init.o
    0x000014dc   0x00000072   Code   RO         7102    i.OutputIO          soc_init.o
    0x0000154e   0x00000002   PAD
    0x00001550   0x00000130   Code   RO         4337    i.RCC_GetClocksFreq  fm33a0xx_rcc.o
    0x00001680   0x00000058   Code   RO         4338    i.RCC_Init_RCHF_Trim  fm33a0xx_rcc.o
    0x000016d8   0x0000001c   Code   RO         4340    i.RCC_MPRIL_MPRIL_Set  fm33a0xx_rcc.o
    0x000016f4   0x00000068   Code   RO         4343    i.RCC_PERCLK_SetableEx  fm33a0xx_rcc.o
    0x0000175c   0x00000014   Code   RO         4344    i.RCC_PLLCON_PLLDB_Get  fm33a0xx_rcc.o
    0x00001770   0x00000020   Code   RO         4345    i.RCC_PLLCON_PLLDB_Set  fm33a0xx_rcc.o
    0x00001790   0x00000018   Code   RO         4346    i.RCC_PLLCON_PLLEN_Getable  fm33a0xx_rcc.o
    0x000017a8   0x00000024   Code   RO         4347    i.RCC_PLLCON_PLLEN_Setable  fm33a0xx_rcc.o
    0x000017cc   0x00000010   Code   RO         4348    i.RCC_PLLCON_PLLINSEL_Get  fm33a0xx_rcc.o
    0x000017dc   0x00000020   Code   RO         4349    i.RCC_PLLCON_PLLINSEL_Set  fm33a0xx_rcc.o
    0x000017fc   0x00000020   Code   RO         4351    i.RCC_PLLCON_PLLOSEL_Set  fm33a0xx_rcc.o
    0x0000181c   0x0000000c   Code   RO         4353    i.RCC_PLLDB_WriteEx  fm33a0xx_rcc.o
    0x00001828   0x0000001e   Code   RO         4354    i.RCC_PLL_Init      fm33a0xx_rcc.o
    0x00001846   0x00000002   PAD
    0x00001848   0x00000010   Code   RO         4355    i.RCC_RCHFCON_FSEL_Get  fm33a0xx_rcc.o
    0x00001858   0x00000020   Code   RO         4356    i.RCC_RCHFCON_FSEL_Set  fm33a0xx_rcc.o
    0x00001878   0x00000018   Code   RO         4357    i.RCC_RCHFCON_RCHFEN_Getable  fm33a0xx_rcc.o
    0x00001890   0x00000024   Code   RO         4358    i.RCC_RCHFCON_RCHFEN_Setable  fm33a0xx_rcc.o
    0x000018b4   0x00000010   Code   RO         4360    i.RCC_RCHFTRIM_Write  fm33a0xx_rcc.o
    0x000018c4   0x00000012   Code   RO         4361    i.RCC_RCHF_Init     fm33a0xx_rcc.o
    0x000018d6   0x00000002   PAD
    0x000018d8   0x00000010   Code   RO         4365    i.RCC_SYSCLKSEL_AHBPRES_Get  fm33a0xx_rcc.o
    0x000018e8   0x00000020   Code   RO         4366    i.RCC_SYSCLKSEL_AHBPRES_Set  fm33a0xx_rcc.o
    0x00001908   0x00000010   Code   RO         4367    i.RCC_SYSCLKSEL_APBPRES_Get  fm33a0xx_rcc.o
    0x00001918   0x00000020   Code   RO         4368    i.RCC_SYSCLKSEL_APBPRES_Set  fm33a0xx_rcc.o
    0x00001938   0x00000020   Code   RO         4370    i.RCC_SYSCLKSEL_EXTICKSEL_Set  fm33a0xx_rcc.o
    0x00001958   0x00000024   Code   RO         4372    i.RCC_SYSCLKSEL_LPM_RCLP_OFF_Setable  fm33a0xx_rcc.o
    0x0000197c   0x00000028   Code   RO         4374    i.RCC_SYSCLKSEL_SLP_ENEXTI_Setable  fm33a0xx_rcc.o
    0x000019a4   0x00000010   Code   RO         4375    i.RCC_SYSCLKSEL_SYSCLKSEL_Get  fm33a0xx_rcc.o
    0x000019b4   0x0000001c   Code   RO         4376    i.RCC_SYSCLKSEL_SYSCLKSEL_Set  fm33a0xx_rcc.o
    0x000019d0   0x0000002a   Code   RO         4377    i.RCC_SysClk_Init   fm33a0xx_rcc.o
    0x000019fa   0x00000046   Code   RO         7103    i.SCU_Init          soc_init.o
    0x00001a40   0x00000024   Code   RO         4974    i.SCU_MCUDBGCR_DBG_BT1_STOP_Setable  fm33a0xx_scu.o
    0x00001a64   0x00000024   Code   RO         4976    i.SCU_MCUDBGCR_DBG_BT2_STOP_Setable  fm33a0xx_scu.o
    0x00001a88   0x00000024   Code   RO         4978    i.SCU_MCUDBGCR_DBG_ET1_STOP_Setable  fm33a0xx_scu.o
    0x00001aac   0x00000024   Code   RO         4980    i.SCU_MCUDBGCR_DBG_ET2_STOP_Setable  fm33a0xx_scu.o
    0x00001ad0   0x00000024   Code   RO         4982    i.SCU_MCUDBGCR_DBG_ET3_STOP_Setable  fm33a0xx_scu.o
    0x00001af4   0x00000024   Code   RO         4984    i.SCU_MCUDBGCR_DBG_ET4_STOP_Setable  fm33a0xx_scu.o
    0x00001b18   0x00000024   Code   RO         4986    i.SCU_MCUDBGCR_DBG_IWDT_STOP_Setable  fm33a0xx_scu.o
    0x00001b3c   0x00000022   Code   RO         4988    i.SCU_MCUDBGCR_DBG_WWDT_STOP_Setable  fm33a0xx_scu.o
    0x00001b5e   0x00000014   Code   RO         7104    i.SysTick_Handler   soc_init.o
    0x00001b72   0x00000002   PAD
    0x00001b74   0x00000010   Code   RO         6429    i.SystemInit        system_fm33a0xx.o
    0x00001b84   0x00000064   Code   RO         6005    i.UART_BaudREGCalc  fm33a0xx_uart.o
    0x00001be8   0x00000082   Code   RO         6014    i.UART_Init         fm33a0xx_uart.o
    0x00001c6a   0x0000008e   Code   RO         6015    i.UART_SInit        fm33a0xx_uart.o
    0x00001cf8   0x00000040   Code   RO         6017    i.UART_UARTIE_RxTxIE_SetableEx  fm33a0xx_uart.o
    0x00001d38   0x00000018   Code   RO         6022    i.UARTx_RTXCON_RTX7EN_Setable  fm33a0xx_uart.o
    0x00001d50   0x00000018   Code   RO         6024    i.UARTx_RTXCON_RXDFLAG_Setable  fm33a0xx_uart.o
    0x00001d68   0x00000018   Code   RO         6026    i.UARTx_RTXCON_TXDFLAG_Setable  fm33a0xx_uart.o
    0x00001d80   0x00000014   Code   RO         6027    i.UARTx_RXBUFSTA_RXFF_Chk  fm33a0xx_uart.o
    0x00001d94   0x00000008   Code   RO         6028    i.UARTx_RXREG_Read  fm33a0xx_uart.o
    0x00001d9c   0x00000018   Code   RO         6030    i.UARTx_RXSTA_ERRIE_Setable  fm33a0xx_uart.o
    0x00001db4   0x00000018   Code   RO         6036    i.UARTx_RXSTA_PDSEL_Set  fm33a0xx_uart.o
    0x00001dcc   0x00000018   Code   RO         6041    i.UARTx_RXSTA_RXEN_Setable  fm33a0xx_uart.o
    0x00001de4   0x00000006   Code   RO         6043    i.UARTx_SPBRG_Write  fm33a0xx_uart.o
    0x00001dea   0x00000014   Code   RO         6044    i.UARTx_TXBUFSTA_TXFF_Chk  fm33a0xx_uart.o
    0x00001dfe   0x00000018   Code   RO         6046    i.UARTx_TXBUFSTA_TX_INTSEL_Set  fm33a0xx_uart.o
    0x00001e16   0x00000006   Code   RO         6047    i.UARTx_TXREG_Write  fm33a0xx_uart.o
    0x00001e1c   0x00000018   Code   RO         6049    i.UARTx_TXSTA_IREN_Setable  fm33a0xx_uart.o
    0x00001e34   0x00000018   Code   RO         6051    i.UARTx_TXSTA_STOPSEL_Set  fm33a0xx_uart.o
    0x00001e4c   0x00000018   Code   RO         6054    i.UARTx_TXSTA_TXEN_Setable  fm33a0xx_uart.o
    0x00001e64   0x00000018   Code   RO         6056    i.UARTx_TXSTA_TXIS_Set  fm33a0xx_uart.o
    0x00001e7c   0x0000001c   Code   RO        11315    i.__0fprintf        mc_p.l(printfa.o)
    0x00001e98   0x00000020   Code   RO        11316    i.__0printf         mc_p.l(printfa.o)
    0x00001eb8   0x0000002c   Code   RO        11317    i.__0snprintf       mc_p.l(printfa.o)
    0x00001ee4   0x00000028   Code   RO        11318    i.__0sprintf        mc_p.l(printfa.o)
    0x00001f0c   0x00000014   Code   RO        11320    i.__0vprintf        mc_p.l(printfa.o)
    0x00001f20   0x00000024   Code   RO        11321    i.__0vsnprintf      mc_p.l(printfa.o)
    0x00001f44   0x0000002e   Code   RO        11406    i.__ARM_clz         mf_p.l(depilogue.o)
    0x00001f72   0x0000001c   Code   RO          969    i.__ARM_common_switch8  fm33a0xx_anac.o
    0x00001f8e   0x00000004   Code   RO        10185    i.__aeabi_assert    armcc_libc.o
    0x00001f92   0x00000002   PAD
    0x00001f94   0x00000008   Code   RO        11344    i.__aeabi_errno_addr  mc_p.l(errno.o)
    0x00001f9c   0x0000000a   Code   RO         9762    i.__dlist_add       device.o
    0x00001fa6   0x00000066   Code   RO         8962    i.__item_find_cb    kvmgr.o
    0x0000200c   0x00000088   Code   RO         8963    i.__item_gc_cb      kvmgr.o
    0x00002094   0x00000094   Code   RO         8964    i.__item_print_cb   kvmgr.o
    0x00002128   0x00000070   Code   RO         8965    i.__item_recovery_cb  kvmgr.o
    0x00002198   0x0000000e   Code   RO        11416    i.__scatterload_copy  mc_p.l(handlers.o)
    0x000021a6   0x00000002   Code   RO        11417    i.__scatterload_null  mc_p.l(handlers.o)
    0x000021a8   0x0000000e   Code   RO        11418    i.__scatterload_zeroinit  mc_p.l(handlers.o)
    0x000021b6   0x000000a8   Code   RO         9763    i._event_write      device.o
    0x0000225e   0x00000018   Code   RO         6473    i._flash_read_at    flash.o
    0x00002276   0x00000002   PAD
    0x00002278   0x00000088   Code   RO         6474    i._flash_unlock_erase  flash.o
    0x00002300   0x000000a8   Code   RO         6475    i._flash_update     flash.o
    0x000023a8   0x00000044   Code   RO         6476    i._flash_write_at   flash.o
    0x000023ec   0x00000158   Code   RO        11323    i._fp_digits        mc_p.l(printfa.o)
    0x00002544   0x00000010   Code   RO         9310    i._get_context      yloop.o
    0x00002554   0x000006ec   Code   RO        11324    i._printf_core      mc_p.l(printfa.o)
    0x00002c40   0x00000020   Code   RO        11325    i._printf_post_padding  mc_p.l(printfa.o)
    0x00002c60   0x0000002c   Code   RO        11326    i._printf_pre_padding  mc_p.l(printfa.o)
    0x00002c8c   0x000000b0   Code   RO        10624    i._run_test_case    yunit.o
    0x00002d3c   0x00000014   Code   RO         9311    i._set_context      yloop.o
    0x00002d50   0x00000016   Code   RO        11327    i._snputc           mc_p.l(printfa.o)
    0x00002d66   0x0000000a   Code   RO        11328    i._sputc            mc_p.l(printfa.o)
    0x00002d70   0x00000008   Code   RO        10612    i.add_test          testcase_register.o
    0x00002d78   0x0000004c   Code   RO         9312    i.aos_cancel_delayed_action  yloop.o
    0x00002dc4   0x00000070   Code   RO         9314    i.aos_cancel_poll_read_fd  yloop.o
    0x00002e34   0x000000cc   Code   RO        10374    i.aos_cli_init      cli.o
    0x00002f00   0x00000068   Code   RO        10375    i.aos_cli_printf    cli.o
    0x00002f68   0x00000090   Code   RO        10376    i.aos_cli_register_command  cli.o
    0x00002ff8   0x00000034   Code   RO        10377    i.aos_cli_register_commands  cli.o
    0x0000302c   0x0000006c   Code   RO         9450    i.aos_close         vfs.o
    0x00003098   0x0000001c   Code   RO         9209    i.aos_event_service_deinit  local_event.o
    0x000030b4   0x00000040   Code   RO         9210    i.aos_event_service_init  local_event.o
    0x000030f4   0x0000001a   Code   RO         9694    i.aos_fcntl         select.o
    0x0000310e   0x00000014   Code   RO         9881    i.aos_free          aos_rhino.o
    0x00003122   0x00000004   Code   RO         9882    i.aos_get_hz        aos_rhino.o
    0x00003126   0x00000008   Code   RO         9883    i.aos_init          aos_rhino.o
    0x0000312e   0x00000062   Code   RO         9452    i.aos_ioctl         vfs.o
    0x00003190   0x00000026   Code   RO        10155    i.aos_kernel_init   aos_init.o
    0x000031b6   0x00000002   PAD
    0x000031b8   0x0000004c   Code   RO         8967    i.aos_kv_del        kvmgr.o
    0x00003204   0x000000f8   Code   RO         8969    i.aos_kv_gc         kvmgr.o
    0x000032fc   0x00000084   Code   RO         8970    i.aos_kv_get        kvmgr.o
    0x00003380   0x00000080   Code   RO         8971    i.aos_kv_init       kvmgr.o
    0x00003400   0x000000a0   Code   RO         8972    i.aos_kv_set        kvmgr.o
    0x000034a0   0x00000060   Code   RO         9316    i.aos_loop_destroy  yloop.o
    0x00003500   0x0000000e   Code   RO         9317    i.aos_loop_exit     yloop.o
    0x0000350e   0x00000002   PAD
    0x00003510   0x000000a0   Code   RO         9319    i.aos_loop_init     yloop.o
    0x000035b0   0x00000164   Code   RO         9320    i.aos_loop_run      yloop.o
    0x00003714   0x0000000e   Code   RO         9321    i.aos_loop_set_eventfd  yloop.o
    0x00003722   0x00000018   Code   RO         9884    i.aos_malloc        aos_rhino.o
    0x0000373a   0x00000014   Code   RO         9885    i.aos_msleep        aos_rhino.o
    0x0000374e   0x0000001e   Code   RO         9886    i.aos_mutex_free    aos_rhino.o
    0x0000376c   0x00000016   Code   RO         9887    i.aos_mutex_is_valid  aos_rhino.o
    0x00003782   0x00000002   PAD
    0x00003784   0x000001a8   Code   RO         9888    i.aos_mutex_lock    aos_rhino.o
    0x0000392c   0x00000198   Code   RO         9889    i.aos_mutex_new     aos_rhino.o
    0x00003ac4   0x00000180   Code   RO         9890    i.aos_mutex_unlock  aos_rhino.o
    0x00003c44   0x00000008   Code   RO         9892    i.aos_now_ms        aos_rhino.o
    0x00003c4c   0x000000c0   Code   RO         9455    i.aos_open          vfs.o
    0x00003d0c   0x0000009a   Code   RO         9696    i.aos_poll          select.o
    0x00003da6   0x00000002   PAD
    0x00003da8   0x000000fc   Code   RO         9322    i.aos_poll_read_fd  yloop.o
    0x00003ea4   0x0000007a   Code   RO         9323    i.aos_post_delayed_action  yloop.o
    0x00003f1e   0x00000002   PAD
    0x00003f20   0x0000002c   Code   RO         9213    i.aos_post_event    local_event.o
    0x00003f4c   0x0000001e   Code   RO         9894    i.aos_queue_free    aos_rhino.o
    0x00003f6a   0x00000016   Code   RO         9895    i.aos_queue_is_valid  aos_rhino.o
    0x00003f80   0x000001a8   Code   RO         9896    i.aos_queue_new     aos_rhino.o
    0x00004128   0x00000190   Code   RO         9897    i.aos_queue_recv    aos_rhino.o
    0x000042b8   0x0000017c   Code   RO         9898    i.aos_queue_send    aos_rhino.o
    0x00004434   0x0000005a   Code   RO         9457    i.aos_read          vfs.o
    0x0000448e   0x00000016   Code   RO         9899    i.aos_realloc       aos_rhino.o
    0x000044a4   0x0000007c   Code   RO         9849    i.aos_register_driver  vfs_register.o
    0x00004520   0x00000044   Code   RO         9214    i.aos_register_event_filter  local_event.o
    0x00004564   0x0000001e   Code   RO         9901    i.aos_sem_free      aos_rhino.o
    0x00004582   0x00000016   Code   RO         9902    i.aos_sem_is_valid  aos_rhino.o
    0x00004598   0x0000019c   Code   RO         9903    i.aos_sem_new       aos_rhino.o
    0x00004734   0x00000014   Code   RO         9904    i.aos_sem_signal    aos_rhino.o
    0x00004748   0x00000014   Code   RO         9905    i.aos_sem_signal_all  aos_rhino.o
    0x0000475c   0x0000019c   Code   RO         9906    i.aos_sem_wait      aos_rhino.o
    0x000048f8   0x00000044   Code   RO        10314    i.aos_set_log_level  log.o
    0x0000493c   0x00000008   Code   RO         9907    i.aos_start         aos_rhino.o
    0x00004944   0x0000000c   Code   RO         9908    i.aos_task_exit     aos_rhino.o
    0x00004950   0x0000001a   Code   RO         9909    i.aos_task_getspecific  aos_rhino.o
    0x0000496a   0x00000002   PAD
    0x0000496c   0x00000038   Code   RO         9910    i.aos_task_key_create  aos_rhino.o
    0x000049a4   0x0000001c   Code   RO         9911    i.aos_task_key_delete  aos_rhino.o
    0x000049c0   0x0000000a   Code   RO         9912    i.aos_task_name     aos_rhino.o
    0x000049ca   0x00000002   PAD
    0x000049cc   0x0000018c   Code   RO         9913    i.aos_task_new      aos_rhino.o
    0x00004b58   0x00000188   Code   RO         9914    i.aos_task_new_ext  aos_rhino.o
    0x00004ce0   0x00000170   Code   RO         9915    i.aos_task_setspecific  aos_rhino.o
    0x00004e50   0x0000019c   Code   RO         9916    i.aos_timer_change  aos_rhino.o
    0x00004fec   0x00000018   Code   RO         9917    i.aos_timer_free    aos_rhino.o
    0x00005004   0x000001ec   Code   RO         9918    i.aos_timer_new     aos_rhino.o
    0x000051f0   0x00000170   Code   RO         9920    i.aos_timer_start   aos_rhino.o
    0x00005360   0x00000170   Code   RO         9921    i.aos_timer_stop    aos_rhino.o
    0x000054d0   0x00000020   Code   RO         9462    i.aos_uart_recv     vfs.o
    0x000054f0   0x0000001c   Code   RO         9463    i.aos_uart_send     vfs.o
    0x0000550c   0x00000054   Code   RO         9216    i.aos_unregister_event_filter  local_event.o
    0x00005560   0x00000024   Code   RO         9923    i.aos_zalloc        aos_rhino.o
    0x00005584   0x00000064   Code   RO        10275    i.application_start  main.o
    0x000055e8   0x00000008   Code   RO        10298    i.board_init        board.o
    0x000055f0   0x000000b0   Code   RO         7483    i.buf_queue_create  k_buf_queue.o
    0x000056a0   0x000000e4   Code   RO         7484    i.buf_queue_send    k_buf_queue.o
    0x00005784   0x0000001e   Code   RO        10381    i.cli_getchar       cli.o
    0x000057a2   0x00000002   PAD
    0x000057a4   0x00000110   Code   RO        10382    i.cli_main          cli.o
    0x000058b4   0x00000020   Code   RO        10383    i.cli_putstr        cli.o
    0x000058d4   0x00000010   Code   RO        10156    i.cli_service_init  aos_init.o
    0x000058e4   0x00000130   Code   RO         8849    i.cmd_proc          k_timer.o
    0x00005a14   0x00000020   Code   RO         7106    i.configDelay       soc_init.o
    0x00005a34   0x00000070   Code   RO         8235    i.core_sched        k_sched.o
    0x00005aa4   0x000000c0   Code   RO            1    i.cpu_task_stack_init  port_c.o
    0x00005b64   0x00000044   Code   RO        10315    i.csp_printf        log.o
    0x00005ba8   0x000001a0   Code   RO        10741    i.cut_main          cut.o
    0x00005d48   0x00000094   Code   RO        10742    i.cut_result_report  cut.o
    0x00005ddc   0x0000039c   Code   RO        10781    i.cut_test_kv_aos_2_001_run  aos_test.o
    0x00006178   0x000002cc   Code   RO        10782    i.cut_test_kv_aos_2_002_run  aos_test.o
    0x00006444   0x000004b8   Code   RO        10783    i.cut_test_kv_aos_2_003_run  aos_test.o
    0x000068fc   0x0000013c   Code   RO        10784    i.cut_test_mm_aos_1_001_run  aos_test.o
    0x00006a38   0x00000200   Code   RO        10785    i.cut_test_mm_aos_1_002_run  aos_test.o
    0x00006c38   0x00000370   Code   RO        10786    i.cut_test_mm_aos_1_003_run  aos_test.o
    0x00006fa8   0x000002bc   Code   RO        10787    i.cut_test_mm_aos_1_004_run  aos_test.o
    0x00007264   0x00000158   Code   RO        10788    i.cut_test_mm_aos_1_005_run  aos_test.o
    0x000073bc   0x0000017c   Code   RO        10789    i.cut_test_task_aos_1_006_run  aos_test.o
    0x00007538   0x00000180   Code   RO        10790    i.cut_test_task_aos_1_007_run  aos_test.o
    0x000076b8   0x0000017c   Code   RO        10791    i.cut_test_task_aos_1_008_run  aos_test.o
    0x00007834   0x0000017c   Code   RO        10792    i.cut_test_task_aos_1_009_run  aos_test.o
    0x000079b0   0x0000017c   Code   RO        10793    i.cut_test_task_aos_1_010_run  aos_test.o
    0x00007b2c   0x000001c0   Code   RO        10794    i.cut_test_task_aos_1_011_run  aos_test.o
    0x00007cec   0x000001d0   Code   RO        10795    i.cut_test_task_aos_1_012_run  aos_test.o
    0x00007ebc   0x000003e4   Code   RO        10796    i.cut_test_task_comm_aos_1_013_run  aos_test.o
    0x000082a0   0x000003dc   Code   RO        10797    i.cut_test_task_comm_aos_1_014_run  aos_test.o
    0x0000867c   0x00000350   Code   RO        10798    i.cut_test_task_comm_aos_1_015_run  aos_test.o
    0x000089cc   0x000003e8   Code   RO        10799    i.cut_test_task_comm_aos_1_016_run  aos_test.o
    0x00008db4   0x000005c8   Code   RO        10800    i.cut_test_task_comm_aos_1_017_run  aos_test.o
    0x0000937c   0x00000930   Code   RO        10801    i.cut_test_task_comm_aos_1_018_run  aos_test.o
    0x00009cac   0x00000218   Code   RO        10802    i.cut_test_timer_aos_1_019_run  aos_test.o
    0x00009ec4   0x0000028c   Code   RO        10803    i.cut_test_timer_aos_1_020_run  aos_test.o
    0x0000a150   0x00000214   Code   RO        10804    i.cut_test_yloop_aos_2_004_run  aos_test.o
    0x0000a364   0x000002ac   Code   RO        10805    i.cut_test_yloop_aos_2_005_run  aos_test.o
    0x0000a610   0x000002c0   Code   RO        10806    i.cut_test_yloop_aos_2_006_run  aos_test.o
    0x0000a8d0   0x000001fc   Code   RO        10807    i.cut_test_yloop_aos_2_007_run  aos_test.o
    0x0000aacc   0x000002bc   Code   RO        10808    i.cut_test_yloop_aos_2_008_run  aos_test.o
    0x0000ad88   0x00000274   Code   RO        10809    i.cut_test_yloop_aos_2_009_run  aos_test.o
    0x0000affc   0x0000000c   Code   RO         9697    i.deinit_parg       select.o
    0x0000b008   0x00000010   Code   RO         9580    i.del_file          vfs_file.o
    0x0000b018   0x0000005c   Code   RO        10810    i.delayed_action1   aos_test.o
    0x0000b074   0x00000044   Code   RO        10811    i.delayed_action2   aos_test.o
    0x0000b0b8   0x00000010   Code   RO        10812    i.delayed_action3   aos_test.o
    0x0000b0c8   0x0000003c   Code   RO        10384    i.devname_cmd       cli.o
    0x0000b104   0x00000012   Code   RO         9764    i.dlist_add         device.o
    0x0000b116   0x0000000a   Code   RO         9324    i.dlist_del         yloop.o
    0x0000b120   0x0000000a   Code   RO         9765    i.dlist_del         device.o
    0x0000b12a   0x00000010   Code   RO         9325    i.dlist_empty       yloop.o
    0x0000b13a   0x00000010   Code   RO         9766    i.dlist_empty       device.o
    0x0000b14a   0x00000006   Code   RO         9767    i.dlist_init        device.o
    0x0000b150   0x00000374   Code   RO        10813    i.dump_test_config  aos_test.o
    0x0000b4c4   0x0000009c   Code   RO         7603    i.dyn_mem_proc_task  k_dyn_mem_proc.o
    0x0000b560   0x0000004c   Code   RO         7604    i.dyn_mem_proc_task_start  k_dyn_mem_proc.o
    0x0000b5ac   0x000000d0   Code   RO        10385    i.echo_cmd          cli.o
    0x0000b67c   0x00000038   Code   RO        10814    i.ev_callback1      aos_test.o
    0x0000b6b4   0x00000052   Code   RO         9768    i.event_close       device.o
    0x0000b706   0x0000003c   Code   RO         9769    i.event_ioctl       device.o
    0x0000b742   0x00000032   Code   RO         9770    i.event_open        device.o
    0x0000b774   0x00000052   Code   RO         9771    i.event_poll        device.o
    0x0000b7c6   0x0000006c   Code   RO         9772    i.event_read        device.o
    0x0000b832   0x0000001e   Code   RO         9217    i.event_read_cb     local_event.o
    0x0000b850   0x00000016   Code   RO         9773    i.event_write       device.o
    0x0000b866   0x00000002   PAD
    0x0000b868   0x00000010   Code   RO        10386    i.exit_cmd          cli.o
    0x0000b878   0x00000084   Code   RO        10743    i.filter            cut.o
    0x0000b8fc   0x0000002e   Code   RO         7694    i.find_up_level     k_mm.o
    0x0000b92a   0x00000002   PAD
    0x0000b92c   0x00000030   Code   RO         7108    i.fputc             soc_init.o
    0x0000b95c   0x0000000c   Code   RO        10191    i.free              armcc_libc.o
    0x0000b968   0x00000024   Code   RO         9326    i.get_context       yloop.o
    0x0000b98c   0x00000018   Code   RO         9581    i.get_fd            vfs_file.o
    0x0000b9a4   0x00000030   Code   RO         9582    i.get_file          vfs_file.o
    0x0000b9d4   0x00000390   Code   RO        10387    i.get_input         cli.o
    0x0000bd64   0x00000084   Code   RO         6479    i.hal_flash_erase   flash.o
    0x0000bde8   0x00000010   Code   RO         6480    i.hal_flash_get_info  flash.o
    0x0000bdf8   0x0000004c   Code   RO         6481    i.hal_flash_read    flash.o
    0x0000be44   0x00000032   Code   RO         6482    i.hal_flash_write   flash.o
    0x0000be76   0x00000008   Code   RO         7349    i.hal_init          aos.o
    0x0000be7e   0x00000002   PAD
    0x0000be80   0x00000038   Code   RO         7350    i.hal_reboot        aos.o
    0x0000beb8   0x000001d0   Code   RO         7002    i.hal_uart_init     uart.o
    0x0000c088   0x000000c4   Code   RO         7004    i.hal_uart_recv_II  uart.o
    0x0000c14c   0x000000b0   Code   RO         7005    i.hal_uart_send     uart.o
    0x0000c1fc   0x00000050   Code   RO         9218    i.handle_events     local_event.o
    0x0000c24c   0x0000027c   Code   RO        10388    i.handle_input      cli.o
    0x0000c4c8   0x00000180   Code   RO         8973    i.handle_kv_cmd     kvmgr.o
    0x0000c648   0x00000050   Code   RO        10276    i.handle_yts_cmd    main.o
    0x0000c698   0x00000100   Code   RO        10389    i.help_cmd          cli.o
    0x0000c798   0x0000002c   Code   RO         7682    i.idle_task         k_idle.o
    0x0000c7c4   0x00000040   Code   RO         7695    i.init_mm_region    k_mm.o
    0x0000c804   0x00000010   Code   RO         9698    i.init_parg         select.o
    0x0000c814   0x00000028   Code   RO         9612    i.inode_alloc       vfs_inode.o
    0x0000c83c   0x00000014   Code   RO         9616    i.inode_init        vfs_inode.o
    0x0000c850   0x0000006c   Code   RO         9617    i.inode_open        vfs_inode.o
    0x0000c8bc   0x00000024   Code   RO         9618    i.inode_ptr_get     vfs_inode.o
    0x0000c8e0   0x00000008   Code   RO         9619    i.inode_ref         vfs_inode.o
    0x0000c8e8   0x00000062   Code   RO         9621    i.inode_reserve     vfs_inode.o
    0x0000c94a   0x0000003a   Code   RO         9622    i.inode_set_name    vfs_inode.o
    0x0000c984   0x0000000e   Code   RO         9623    i.inode_unref       vfs_inode.o
    0x0000c992   0x00000030   Code   RO         9219    i.input_add_event   local_event.o
    0x0000c9c2   0x00000010   Code   RO         7485    i.is_klist_empty    k_buf_queue.o
    0x0000c9d2   0x00000010   Code   RO         7910    i.is_klist_empty    k_mutex.o
    0x0000c9e2   0x00000010   Code   RO         8361    i.is_klist_empty    k_sem.o
    0x0000c9f2   0x00000002   PAD
    0x0000c9f4   0x00000018   Code   RO         8236    i.is_ready_list_empty  k_sched.o
    0x0000ca0c   0x0000001c   Code   RO         7658    i.k_err_proc        k_err.o
    0x0000ca28   0x00000150   Code   RO         7696    i.k_mm_alloc        k_mm.o
    0x0000cb78   0x000000e2   Code   RO         7697    i.k_mm_free         k_mm.o
    0x0000cc5a   0x00000068   Code   RO         7698    i.k_mm_freelist_delete  k_mm.o
    0x0000ccc2   0x00000052   Code   RO         7699    i.k_mm_freelist_insert  k_mm.o
    0x0000cd14   0x00000040   Code   RO         7700    i.k_mm_init         k_mm.o
    0x0000cd54   0x00000272   Code   RO         7701    i.k_mm_realloc      k_mm.o
    0x0000cfc6   0x00000026   Code   RO         7702    i.k_mm_smallblk_alloc  k_mm.o
    0x0000cfec   0x0000002c   Code   RO         7703    i.k_mm_smallblk_free  k_mm.o
    0x0000d018   0x00000006   Code   RO         8441    i.klist_init        k_stats.o
    0x0000d01e   0x00000006   Code   RO         8850    i.klist_init        k_timer.o
    0x0000d024   0x0000000e   Code   RO         8004    i.klist_insert      k_pend.o
    0x0000d032   0x0000000e   Code   RO         8237    i.klist_insert      k_sched.o
    0x0000d040   0x0000000e   Code   RO         8543    i.klist_insert      k_task.o
    0x0000d04e   0x0000000e   Code   RO         7486    i.klist_rm          k_buf_queue.o
    0x0000d05c   0x0000000e   Code   RO         7911    i.klist_rm          k_mutex.o
    0x0000d06a   0x0000000e   Code   RO         8005    i.klist_rm          k_pend.o
    0x0000d078   0x0000000e   Code   RO         8362    i.klist_rm          k_sem.o
    0x0000d086   0x0000000e   Code   RO         8544    i.klist_rm          k_task.o
    0x0000d094   0x0000000e   Code   RO         8736    i.klist_rm          k_tick.o
    0x0000d0a2   0x00000002   PAD
    0x0000d0a4   0x00000038   Code   RO         8442    i.kobj_list_init    k_stats.o
    0x0000d0dc   0x0000009c   Code   RO         7704    i.krhino_add_mm_region  k_mm.o
    0x0000d178   0x00000024   Code   RO         7487    i.krhino_buf_queue_create  k_buf_queue.o
    0x0000d19c   0x000000a8   Code   RO         7488    i.krhino_buf_queue_del  k_buf_queue.o
    0x0000d244   0x00000158   Code   RO         7493    i.krhino_buf_queue_recv  k_buf_queue.o
    0x0000d39c   0x0000002c   Code   RO         7494    i.krhino_buf_queue_send  k_buf_queue.o
    0x0000d3c8   0x00000058   Code   RO         7705    i.krhino_clz32      k_mm.o
    0x0000d420   0x00000054   Code   RO         7706    i.krhino_ctz32      k_mm.o
    0x0000d474   0x00000028   Code   RO         8545    i.krhino_cur_task_get  k_task.o
    0x0000d49c   0x00000050   Code   RO         8238    i.krhino_find_first_bit  k_sched.o
    0x0000d4ec   0x0000002a   Code   RO         7495    i.krhino_fix_buf_queue_create  k_buf_queue.o
    0x0000d516   0x00000002   PAD
    0x0000d518   0x00000094   Code   RO         8502    i.krhino_init       k_sys.o
    0x0000d5ac   0x000000e0   Code   RO         7708    i.krhino_init_mm_head  k_mm.o
    0x0000d68c   0x00000024   Code   RO         8503    i.krhino_intrpt_enter  k_sys.o
    0x0000d6b0   0x0000007c   Code   RO         8504    i.krhino_intrpt_exit  k_sys.o
    0x0000d72c   0x00000064   Code   RO         7815    i.krhino_mblk_alloc  k_mm_blk.o
    0x0000d790   0x00000048   Code   RO         7816    i.krhino_mblk_free  k_mm_blk.o
    0x0000d7d8   0x000000ec   Code   RO         7817    i.krhino_mblk_pool_init  k_mm_blk.o
    0x0000d8c4   0x00000044   Code   RO         7709    i.krhino_mm_alloc   k_mm.o
    0x0000d908   0x00000014   Code   RO         7710    i.krhino_mm_free    k_mm.o
    0x0000d91c   0x0000001c   Code   RO         7711    i.krhino_mm_realloc  k_mm.o
    0x0000d938   0x00000074   Code   RO         8813    i.krhino_ms_to_ticks  k_time.o
    0x0000d9ac   0x00000012   Code   RO         7912    i.krhino_mutex_create  k_mutex.o
    0x0000d9be   0x00000002   PAD
    0x0000d9c0   0x000000b4   Code   RO         7913    i.krhino_mutex_del  k_mutex.o
    0x0000da74   0x00000188   Code   RO         7916    i.krhino_mutex_lock  k_mutex.o
    0x0000dbfc   0x000000fc   Code   RO         7917    i.krhino_mutex_unlock  k_mutex.o
    0x0000dcf8   0x00000016   Code   RO         8365    i.krhino_sem_create  k_sem.o
    0x0000dd0e   0x00000002   PAD
    0x0000dd10   0x000000a0   Code   RO         8366    i.krhino_sem_del    k_sem.o
    0x0000ddb0   0x0000001a   Code   RO         8369    i.krhino_sem_give   k_sem.o
    0x0000ddca   0x0000001a   Code   RO         8370    i.krhino_sem_give_all  k_sem.o
    0x0000dde4   0x000000f0   Code   RO         8371    i.krhino_sem_take   k_sem.o
    0x0000ded4   0x00000040   Code   RO         8443    i.krhino_stack_ovf_check  k_stats.o
    0x0000df14   0x0000003c   Code   RO         8505    i.krhino_start      k_sys.o
    0x0000df50   0x0000001c   Code   RO         8814    i.krhino_sys_tick_get  k_time.o
    0x0000df6c   0x00000028   Code   RO         8815    i.krhino_sys_time_get  k_time.o
    0x0000df94   0x0000002a   Code   RO         8546    i.krhino_task_create  k_task.o
    0x0000dfbe   0x00000020   Code   RO         8547    i.krhino_task_deathbed  k_task.o
    0x0000dfde   0x00000002   PAD
    0x0000dfe0   0x00000130   Code   RO         8548    i.krhino_task_del   k_task.o
    0x0000e110   0x0000002a   Code   RO         8549    i.krhino_task_dyn_create  k_task.o
    0x0000e13a   0x00000002   PAD
    0x0000e13c   0x000001a0   Code   RO         8550    i.krhino_task_dyn_del  k_task.o
    0x0000e2dc   0x00000032   Code   RO         8551    i.krhino_task_info_get  k_task.o
    0x0000e30e   0x00000034   Code   RO         8552    i.krhino_task_info_set  k_task.o
    0x0000e342   0x00000002   PAD
    0x0000e344   0x000000c0   Code   RO         8556    i.krhino_task_sleep  k_task.o
    0x0000e404   0x0000000c   Code   RO         8816    i.krhino_tick_proc  k_time.o
    0x0000e410   0x00000074   Code   RO         8853    i.krhino_timer_change  k_timer.o
    0x0000e484   0x00000060   Code   RO         8856    i.krhino_timer_dyn_create  k_timer.o
    0x0000e4e4   0x00000030   Code   RO         8857    i.krhino_timer_dyn_del  k_timer.o
    0x0000e514   0x00000030   Code   RO         8858    i.krhino_timer_start  k_timer.o
    0x0000e544   0x00000030   Code   RO         8859    i.krhino_timer_stop  k_timer.o
    0x0000e574   0x00000074   Code   RO         8860    i.ktimer_init       k_timer.o
    0x0000e5e8   0x0000006c   Code   RO         8974    i.kv_block_format   kvmgr.o
    0x0000e654   0x0000019c   Code   RO         8975    i.kv_init           kvmgr.o
    0x0000e7f0   0x00000044   Code   RO         8976    i.kv_item_calc_pos  kvmgr.o
    0x0000e834   0x00000124   Code   RO         8977    i.kv_item_del       kvmgr.o
    0x0000e958   0x0000001c   Code   RO         8978    i.kv_item_free      kvmgr.o
    0x0000e974   0x0000003c   Code   RO         8979    i.kv_item_get       kvmgr.o
    0x0000e9b0   0x00000110   Code   RO         8980    i.kv_item_store     kvmgr.o
    0x0000eac0   0x0000017c   Code   RO         8981    i.kv_item_traverse  kvmgr.o
    0x0000ec3c   0x0000004a   Code   RO         8982    i.kv_item_update    kvmgr.o
    0x0000ec86   0x00000010   Code   RO         8983    i.kv_state_set      kvmgr.o
    0x0000ec96   0x00000002   PAD
    0x0000ec98   0x00000024   Code   RO        10316    i.log_cli_init      log.o
    0x0000ecbc   0x000000b8   Code   RO        10317    i.log_cmd           log.o
    0x0000ed74   0x0000008c   Code   RO        10390    i.lookup_command    cli.o
    0x0000ee00   0x0000000a   Code   RO         7351    i.main              aos.o
    0x0000ee0a   0x00000010   Code   RO        10194    i.malloc            armcc_libc.o
    0x0000ee1a   0x00000002   PAD
    0x0000ee1c   0x0000006c   Code   RO         7918    i.mutex_create      k_mutex.o
    0x0000ee88   0x0000005a   Code   RO         7920    i.mutex_pri_look    k_mutex.o
    0x0000eee2   0x00000022   Code   RO         7921    i.mutex_release     k_mutex.o
    0x0000ef04   0x00000024   Code   RO         7922    i.mutex_task_pri_reset  k_mutex.o
    0x0000ef28   0x00000038   Code   RO         9583    i.new_file          vfs_file.o
    0x0000ef60   0x0000002c   Code   RO        10391    i.ota_cmd           cli.o
    0x0000ef8c   0x00000154   Code   RO        10744    i.parse_arg         cut.o
    0x0000f0e0   0x00000032   Code   RO         8006    i.pend_list_add     k_pend.o
    0x0000f112   0x0000001e   Code   RO         8007    i.pend_list_reorder  k_pend.o
    0x0000f130   0x00000044   Code   RO         8008    i.pend_state_end_proc  k_pend.o
    0x0000f174   0x0000005c   Code   RO         8009    i.pend_task_rm      k_pend.o
    0x0000f1d0   0x0000005c   Code   RO         8010    i.pend_task_wakeup  k_pend.o
    0x0000f22c   0x00000054   Code   RO         8011    i.pend_to_blk_obj   k_pend.o
    0x0000f280   0x00000070   Code   RO         6617    i.port_transform_GPIOx  gpio.o
    0x0000f2f0   0x0000005e   Code   RO         9699    i.post_poll         select.o
    0x0000f34e   0x00000002   PAD
    0x0000f350   0x000000a4   Code   RO         9700    i.pre_poll          select.o
    0x0000f3f4   0x0000001c   Code   RO         8241    i.preferred_cpu_ready_task_get  k_sched.o
    0x0000f410   0x00000030   Code   RO        10392    i.print_bad_command  cli.o
    0x0000f440   0x0000009c   Code   RO        10393    i.proc_onecmd       cli.o
    0x0000f4dc   0x00000012   Code   RO         8984    i.raw_erase         kvmgr.o
    0x0000f4ee   0x00000014   Code   RO         8985    i.raw_read          kvmgr.o
    0x0000f502   0x00000014   Code   RO         8986    i.raw_write         kvmgr.o
    0x0000f516   0x00000002   PAD
    0x0000f518   0x00000034   Code   RO         8242    i.ready_list_add    k_sched.o
    0x0000f54c   0x00000040   Code   RO         8243    i.ready_list_add_head  k_sched.o
    0x0000f58c   0x00000034   Code   RO         8244    i.ready_list_add_tail  k_sched.o
    0x0000f5c0   0x0000005a   Code   RO         8246    i.ready_list_init   k_sched.o
    0x0000f61a   0x00000092   Code   RO         8247    i.ready_list_rm     k_sched.o
    0x0000f6ac   0x00000024   Code   RO        10394    i.reboot_cmd        cli.o
    0x0000f6d0   0x00000088   Code   RO         8183    i.ringbuf_headlen_compress  k_ringbuf.o
    0x0000f758   0x00000056   Code   RO         8184    i.ringbuf_headlen_decompress  k_ringbuf.o
    0x0000f7ae   0x0000001e   Code   RO         8185    i.ringbuf_init      k_ringbuf.o
    0x0000f7cc   0x00000016   Code   RO         8186    i.ringbuf_is_empty  k_ringbuf.o
    0x0000f7e2   0x00000028   Code   RO         8187    i.ringbuf_is_full   k_ringbuf.o
    0x0000f80a   0x0000014c   Code   RO         8188    i.ringbuf_pop       k_ringbuf.o
    0x0000f956   0x00000126   Code   RO         8189    i.ringbuf_push      k_ringbuf.o
    0x0000fa7c   0x00000016   Code   RO         8190    i.ringbuf_reset     k_ringbuf.o
    0x0000fa92   0x0000001e   Code   RO         8248    i.runqueue_init     k_sched.o
    0x0000fab0   0x0000006c   Code   RO         8372    i.sem_create        k_sem.o
    0x0000fb1c   0x000000a6   Code   RO         8373    i.sem_give          k_sem.o
    0x0000fbc2   0x00000002   Code   RO         9701    i.setup_fd          select.o
    0x0000fbc4   0x00000024   Code   RO         7713    i.size_to_level     k_mm.o
    0x0000fbe8   0x00000048   Code   RO         7301    i.soc_err_proc      soc_impl.o
    0x0000fc30   0x00000004   Code   RO         7302    i.soc_get_cur_sp    soc_impl.o
    0x0000fc34   0x0000002c   Code   RO         7110    i.soc_init          soc_init.o
    0x0000fc60   0x00000068   Code   RO         7303    i.soc_print_stack   soc_impl.o
    0x0000fcc8   0x00000018   Code   RO         7352    i.sys_init          aos.o
    0x0000fce0   0x00000044   Code   RO         7353    i.sys_start         aos.o
    0x0000fd24   0x00000110   Code   RO        10395    i.tab_complete      cli.o
    0x0000fe34   0x00000018   Code   RO        10815    i.task0             aos_test.o
    0x0000fe4c   0x00000034   Code   RO        10816    i.task1             aos_test.o
    0x0000fe80   0x00000174   Code   RO        10817    i.task2             aos_test.o
    0x0000fff4   0x000004f4   Code   RO        10818    i.task3             aos_test.o
    0x000104e8   0x00000074   Code   RO        10819    i.task4             aos_test.o
    0x0001055c   0x00000074   Code   RO        10820    i.task5             aos_test.o
    0x000105d0   0x00000074   Code   RO        10821    i.task6             aos_test.o
    0x00010644   0x00000074   Code   RO        10822    i.task7             aos_test.o
    0x000106b8   0x00000064   Code   RO        10823    i.task8             aos_test.o
    0x0001071c   0x00000064   Code   RO        10824    i.task9             aos_test.o
    0x00010780   0x00000178   Code   RO         8561    i.task_create       k_task.o
    0x000108f8   0x00000096   Code   RO         8562    i.task_dyn_create   k_task.o
    0x0001098e   0x00000002   PAD
    0x00010990   0x00000094   Code   RO        10825    i.task_loop1        aos_test.o
    0x00010a24   0x00000044   Code   RO         8563    i.task_mutex_free   k_task.o
    0x00010a68   0x000000d8   Code   RO         8564    i.task_pri_change   k_task.o
    0x00010b40   0x00000002   Code   RO         9702    i.teardown_fd       select.o
    0x00010b42   0x00000002   PAD
    0x00010b44   0x00000234   Code   RO        10826    i.test_certificate  aos_test.o
    0x00010d78   0x0000000c   Code   RO        10396    i.tftp_ota_thread   cli.o
    0x00010d84   0x00000010   Code   RO         8737    i.tick_list_init    k_tick.o
    0x00010d94   0x0000003c   Code   RO         8738    i.tick_list_insert  k_tick.o
    0x00010dd0   0x00000060   Code   RO         8739    i.tick_list_pri_insert  k_tick.o
    0x00010e30   0x00000018   Code   RO         8740    i.tick_list_rm      k_tick.o
    0x00010e48   0x00000120   Code   RO         8741    i.tick_list_update  k_tick.o
    0x00010f68   0x00000088   Code   RO         8861    i.timer_cb_proc     k_timer.o
    0x00010ff0   0x0000002e   Code   RO         8862    i.timer_cmd_proc    k_timer.o
    0x0001101e   0x00000002   PAD
    0x00011020   0x000000b8   Code   RO         8863    i.timer_create      k_timer.o
    0x000110d8   0x0000003c   Code   RO        10827    i.timer_handler     aos_test.o
    0x00011114   0x00000058   Code   RO         8864    i.timer_list_pri_insert  k_timer.o
    0x0001116c   0x0000001c   Code   RO         8865    i.timer_list_rm     k_timer.o
    0x00011188   0x000000d4   Code   RO         8866    i.timer_task        k_timer.o
    0x0001125c   0x00000038   Code   RO         8987    i.trigger_gc        kvmgr.o
    0x00011294   0x0000002c   Code   RO        10397    i.uptime_cmd        cli.o
    0x000112c0   0x00000014   Code   RO        10745    i.usage             cut.o
    0x000112d4   0x0000003e   Code   RO         8988    i.utils_crc8        kvmgr.o
    0x00011312   0x00000002   PAD
    0x00011314   0x00000014   Code   RO         7354    i.var_init          aos.o
    0x00011328   0x0000002c   Code   RO        10398    i.version_cmd       cli.o
    0x00011354   0x00000040   Code   RO         9774    i.vfs_device_init   device.o
    0x00011394   0x00000034   Code   RO         9466    i.vfs_init          vfs.o
    0x000113c8   0x00000010   Code   RO         9703    i.vfs_poll_notify   select.o
    0x000113d8   0x00000024   Code   RO         9704    i.wait_io           select.o
    0x000113fc   0x00000134   Code   RO        10716    i.yts_run           yts_main.o
    0x00011530   0x00000026   Code   RO        10629    i.yunit_get_test_case  yunit.o
    0x00011556   0x00000002   PAD
    0x00011558   0x00000028   Code   RO        10630    i.yunit_get_test_suite  yunit.o
    0x00011580   0x000000ac   Code   RO        10631    i.yunit_run_test_case  yunit.o
    0x0001162c   0x00000028   Code   RO        10632    i.yunit_run_test_case_list  yunit.o
    0x00011654   0x000000a8   Code   RO        10633    i.yunit_run_test_suite  yunit.o
    0x000116fc   0x0000004c   Code   RO        10634    i.yunit_test_deinit  yunit.o
    0x00011748   0x00000010   Code   RO        10635    i.yunit_test_init   yunit.o
    0x00011758   0x0000009c   Code   RO        10636    i.yunit_test_print_result  yunit.o
    0x000117f4   0x00000028   Code   RO        10637    i.yunit_test_run    yunit.o
    0x0001181c   0x00000044   Data   RO         6620    .constdata          gpio.o
    0x00011860   0x00000018   Data   RO         9775    .constdata          device.o
    0x00011878   0x00000018   Data   RO        10319    .constdata          log.o
    0x00011890   0x00000060   Data   RO        10400    .constdata          cli.o
    0x000118f0   0x00000008   Data   RO        10747    .constdata          cut.o
    0x000118f8   0x00000033   Data   RO         8990    .conststring        kvmgr.o
    0x0001192b   0x00000001   PAD
    0x0001192c   0x00000020   Data   RO        10277    .conststring        main.o
    0x0001194c   0x0000000b   Data   RO        10299    .conststring        board.o
    0x00011957   0x00000001   PAD
    0x00011958   0x00000042   Data   RO        10320    .conststring        log.o
    0x0001199a   0x00000002   PAD
    0x0001199c   0x0000007b   Data   RO        10401    .conststring        cli.o
    0x00011a17   0x00000001   PAD
    0x00011a18   0x000001ff   Data   RO        10748    .conststring        cut.o
    0x00011c17   0x00000001   PAD
    0x00011c18   0x000001a0   Data   RO        10829    .conststring        aos_test.o
    0x00011db8   0x00000020   Data   RO        11414    Region$$Table       anon$$obj.o


    Execution Region RW_IRAM1 (Base: 0x20000000, Size: 0x00007fc0, Max: 0x00008000, ABSOLUTE, COMPRESSED[0x000001a8])

    Base Addr    Size         Type   Attr      Idx    E Section Name        Object

    0x20000000   0x00000004   Data   RW         6430    .data               system_fm33a0xx.o
    0x20000004   0x00000009   Data   RW         6621    .data               gpio.o
    0x2000000d   0x00000003   PAD
    0x20000010   0x00000010   Data   RW         7305    .data               soc_impl.o
    0x20000020   0x00000004   Data   RW         7356    .data               aos.o
    0x20000024   0x00000004   PAD
    0x20000028   0x00000044   Data   RW         7992    .data               k_obj.o
    0x2000006c   0x0000000c   Data   RW         8991    .data               kvmgr.o
    0x20000078   0x00000010   Data   RW         9221    .data               local_event.o
    0x20000088   0x00000008   Data   RW         9327    .data               yloop.o
    0x20000090   0x00000008   Data   RW         9467    .data               vfs.o
    0x20000098   0x00000004   Data   RW         9776    .data               device.o
    0x2000009c   0x00000004   Data   RW         9924    .data               aos_rhino.o
    0x200000a0   0x0000000c   Data   RW        10278    .data               main.o
    0x200000ac   0x000000dc   Data   RW        10300    .data               board.o
    0x20000188   0x00000014   Data   RW        10321    .data               log.o
    0x2000019c   0x00000009   Data   RW        10402    .data               cli.o
    0x200001a5   0x00000003   PAD
    0x200001a8   0x00000008   Data   RW        10717    .data               yts_main.o
    0x200001b0   0x00000450   Data   RW        10830    .data               aos_test.o
    0x20000600   0x00000004   Data   RW        11037    .data               mc_p.l(stdout.o)
    0x20000604   0x00000004   Data   RW        11038    .data               mc_p.l(stderr.o)
    0x20000608   0x00000004   Data   RW        11347    .data               mc_p.l(errno.o)
    0x2000060c   0x00000200   Zero   RW         6483    .bss                flash.o
    0x2000080c   0x00000014   Zero   RW         7111    .bss                soc_init.o
    0x20000820   0x00005000   Zero   RW         7304    .bss                soc_impl.o
    0x20005820   0x0000000c   Zero   RW         7355    .bss                aos.o
    0x2000582c   0x00000004   PAD
    0x20005830   0x00000ef0   Zero   RW         7991    .bss                k_obj.o
    0x20006720   0x00000018   Zero   RW         8989    .bss                kvmgr.o
    0x20006738   0x00000258   Zero   RW         9584    .bss                vfs_file.o
    0x20006990   0x00000258   Zero   RW         9624    .bss                vfs_inode.o
    0x20006be8   0x000001c0   Zero   RW        10399    .bss                cli.o
    0x20006da8   0x0000007c   Zero   RW        10638    .bss                yunit.o
    0x20006e24   0x00000118   Zero   RW        10746    .bss                cut.o
    0x20006f3c   0x00000080   Zero   RW        10828    .bss                aos_test.o
    0x20006fbc   0x00000004   PAD
    0x20006fc0   0x00001000   Zero   RW         6458    STACK               startup_fm33a0xx.o


==============================================================================

Image component sizes


      Code (inc. data)   RO Data    RW Data    ZI Data      Debug   Object Name

       186         42          0          4         12      17957   aos.o
        54          0          0          0          0       1561   aos_init.o
      6542        248          0          4          0      25659   aos_rhino.o
     25292       6710        416       1104        128      53498   aos_test.o
        32          0          0          0          0       1673   armcc_libc.o
         0          0          0          0          0       4364   basic_test.o
         8          0         11        220          0       1122   board.o
      3722        726        219          9        448      16498   cli.o
      1056        292        519          0        280       8921   cut.o
       696         20         24          4          0      14206   device.o
       670         32          0          0        512       9075   flash.o
         0          0          0          0          0      10836   fm33a0xx_aes.o
       100          8          0          0          0       1206   fm33a0xx_anac.o
       376         70          0          0          0       7322   fm33a0xx_flash.o
       838         18          0          0          0      10608   fm33a0xx_gpio.o
        80         18          0          0          0       1650   fm33a0xx_iwdt.o
      1190        132          0          0          0      29179   fm33a0xx_rcc.o
       286          0          0          0          0       4626   fm33a0xx_scu.o
       760         14          0          0          0      17179   fm33a0xx_uart.o
       220         32         68          9          0       4078   gpio.o
      1068         32          0          0          0      13595   k_buf_queue.o
       232         42          0          0          0       9337   k_dyn_mem_proc.o
        28          6          0          0          0        521   k_err.o
        44          4          0          0          0        628   k_idle.o
      2334         72          0          0          0      15459   k_mm.o
       408          6          0          0          0       4763   k_mm_blk.o
      1140         50          0          0          0       8034   k_mutex.o
         0          0          0         68       3824       1779   k_obj.o
       444         18          0          0          0       7942   k_pend.o
       962          8          0          0          0       6361   k_ringbuf.o
       692         32          0          0          0      12061   k_sched.o
       778         22          0          0          0       6831   k_sem.o
       126         14          0          0          0       2658   k_stats.o
       368         92          0          0          0       2580   k_sys.o
      2008        126          0          0          0      20912   k_task.o
       498         34          0          0          0       7418   k_tick.o
       196          4          0          0          0       2240   k_time.o
      1476        126          0          0          0      10538   k_timer.o
      3512        242         51         12         24      24093   kvmgr.o
       446         46          0         16          0      15440   local_event.o
       356        108         90         20          0       4774   log.o
       180         98         32         12          0       1456   main.o
       192         50          0          0          0      19731   port_c.o
       172         24          0          0          0        424   port_s.o
         0          0          0          0          0        392   rtc.o
       522          4          0          0          0       7925   select.o
       180         80          0         16      20480       5929   soc_impl.o
      1400         76          0          0         20      19515   soc_init.o
        28          8        192          0       4096        700   startup_fm33a0xx.o
        16          8          0          4          0        783   system_fm33a0xx.o
         8          0          0          0          0        543   testcase_register.o
       856         52          0          0          0      12415   uart.o
       600         32          0          8          0       8260   vfs.o
       144         16          0          0        600       3002   vfs_file.o
       382         22          0          0        600       7694   vfs_inode.o
       124          6          0          0          0        898   vfs_register.o
      1300        128          0          8          0      16381   yloop.o
       308        104          0          8          0       1770   yts_main.o
       922        328          0          0        124       8452   yunit.o

    ----------------------------------------------------------------------
     66632      10482       1660       1536      31156     535452   Object Totals
         0          0         32          0          0          0   (incl. Generated)
        74          0          6         10          8          0   (incl. Padding)

    ----------------------------------------------------------------------

      Code (inc. data)   RO Data    RW Data    ZI Data      Debug   Library Member Name

        86          0          0          0          0          0   __dczerorl2.o
         0          0          0          0          0          0   entry.o
         0          0          0          0          0          0   entry10a.o
         0          0          0          0          0          0   entry11a.o
         8          4          0          0          0          0   entry2.o
         4          0          0          0          0          0   entry5.o
         0          0          0          0          0          0   entry7b.o
         0          0          0          0          0          0   entry8b.o
         8          4          0          0          0          0   entry9a.o
         8          4          0          4          0         60   errno.o
        30          0          0          0          0          0   handlers.o
        40          0          0          0          0         72   idiv.o
        36          8          0          0          0         68   init.o
         0          0          0          0          0          0   iusefp.o
       122          0          0          0          0         84   llmul.o
        32          0          0          0          0         68   llshl.o
        38          0          0          0          0         68   llsshr.o
        34          0          0          0          0         68   llushr.o
        26          0          0          0          0         72   memcmp.o
        66          0          0          0          0         68   memmove.o
        36          0          0          0          0        100   memseta.o
      2424        124          0          0          0        924   printfa.o
         0          0          0          4          0          0   stderr.o
         0          0          0          4          0          0   stdout.o
        20          0          0          0          0         60   strchr.o
        28          0          0          0          0         68   strcmp.o
        18          0          0          0          0         60   strcpy.o
        14          0          0          0          0         60   strlen.o
        30          0          0          0          0         72   strncmp.o
        26          0          0          0          0         68   strncpy.o
        32          0          0          0          0         60   strrchr.o
        40          0          0          0          0         72   strstr.o
        44          0          0          0          0         72   uidiv.o
        96          0          0          0          0         84   uldiv.o
        40          2          0          0          0         68   cdrcmple.o
        20          0          0          0          0         68   cfrcmple.o
       356          4          0          0          0        140   dadd.o
       240          6          0          0          0         84   ddiv.o
       236          0          0          0          0        216   depilogue.o
        60         10          0          0          0         68   dfixui.o
        64         10          0          0          0         68   dfixul.o
       208          6          0          0          0         88   dmul.o
        40          0          0          0          0         60   f2d.o
       124          0          0          0          0         72   fdiv.o
       130          0          0          0          0        144   fepilogue.o
        14          0          0          0          0         68   ffltui.o

    ----------------------------------------------------------------------
      4884        182          0         12          0       3472   Library Totals
         6          0          0          0          0          0   (incl. Padding)

    ----------------------------------------------------------------------

      Code (inc. data)   RO Data    RW Data    ZI Data      Debug   Library Name

      3346        144          0         12          0       2328   mc_p.l
      1532         38          0          0          0       1144   mf_p.l

    ----------------------------------------------------------------------
      4884        182          0         12          0       3472   Library Totals

    ----------------------------------------------------------------------

==============================================================================


      Code (inc. data)   RO Data    RW Data    ZI Data      Debug   

     71516      10664       1660       1548      31156     516692   Grand Totals
     71516      10664       1660        424      31156     516692   ELF Image Totals (compressed)
     71516      10664       1660        424          0          0   ROM Totals

==============================================================================

    Total RO  Size (Code + RO Data)                73176 (  71.46kB)
    Total RW  Size (RW Data + ZI Data)             32704 (  31.94kB)
    Total ROM Size (Code + RO Data + RW Data)      73600 (  71.88kB)

==============================================================================

