Component: ARM Compiler 5.06 update 1 (build 61) Tool: armlink [4d35a8]

==============================================================================

Section Cross References

    port_c.o(i.cpu_task_stack_init) refers to k_task.o(i.krhino_task_deathbed) for krhino_task_deathbed
    port_s.o(.text) refers to k_stats.o(i.krhino_stack_ovf_check) for krhino_stack_ovf_check
    port_s.o(.text) refers to k_obj.o(.data) for g_active_task
    port_s.o(.text) refers to k_obj.o(.data) for g_preferred_ready_task
    fm33a0xx_aes.o(i.AES_GroupWriteAndRead_128BIT) refers to fm33a0xx_aes.o(i.AES_AESDIN_GroupWrite_128BIT) for AES_AESDIN_GroupWrite_128BIT
    fm33a0xx_aes.o(i.AES_GroupWriteAndRead_128BIT) refers to fm33a0xx_aes.o(i.AES_AESIF_CCF_Chk) for AES_AESIF_CCF_Chk
    fm33a0xx_aes.o(i.AES_GroupWriteAndRead_128BIT) refers to fm33a0xx_aes.o(i.AES_AESCR_CCFC_Clr) for AES_AESCR_CCFC_Clr
    fm33a0xx_aes.o(i.AES_GroupWriteAndRead_128BIT) refers to fm33a0xx_aes.o(i.AES_AESDOUT_GroupRead_128BIT) for AES_AESDOUT_GroupRead_128BIT
    fm33a0xx_aes.o(i.AES_Init) refers to fm33a0xx_aes.o(i.AES_AESCR_KEYLEN_Set) for AES_AESCR_KEYLEN_Set
    fm33a0xx_aes.o(i.AES_Init) refers to fm33a0xx_aes.o(i.AES_AESCR_CHMOD_Set) for AES_AESCR_CHMOD_Set
    fm33a0xx_aes.o(i.AES_Init) refers to fm33a0xx_aes.o(i.AES_AESCR_MODE_Set) for AES_AESCR_MODE_Set
    fm33a0xx_aes.o(i.AES_Init) refers to fm33a0xx_aes.o(i.AES_AESCR_DATATYP_Set) for AES_AESCR_DATATYP_Set
    fm33a0xx_aes.o(i.AES_Init) refers to fm33a0xx_aes.o(i.AES_AESCR_DMAOEN_Setable) for AES_AESCR_DMAOEN_Setable
    fm33a0xx_aes.o(i.AES_Init) refers to fm33a0xx_aes.o(i.AES_AESCR_DMAIEN_Setable) for AES_AESCR_DMAIEN_Setable
    fm33a0xx_aes.o(i.AES_Init) refers to fm33a0xx_aes.o(i.AES_AESCR_ERRIE_Setable) for AES_AESCR_ERRIE_Setable
    fm33a0xx_aes.o(i.AES_Init) refers to fm33a0xx_aes.o(i.AES_AESCR_CCFIE_Setable) for AES_AESCR_CCFIE_Setable
    fm33a0xx_aes.o(i.AES_Init) refers to fm33a0xx_aes.o(i.AES_AESCR_AESEN_Setable) for AES_AESCR_AESEN_Setable
    fm33a0xx_anac.o(i.ANAC_ADC_Channel_SetEx) refers to fm33a0xx_anac.o(i.__ARM_common_switch8) for __ARM_common_switch8
    fm33a0xx_anac.o(i.ANAC_ADC_Channel_SetEx) refers to fm33a0xx_anac.o(i.ANAC_ADCCON_ADC_VANA_EN_Set) for ANAC_ADCCON_ADC_VANA_EN_Set
    fm33a0xx_anac.o(i.ANAC_ADC_Channel_SetEx) refers to fm33a0xx_anac.o(i.ANAC_ADCTRIM_Write) for ANAC_ADCTRIM_Write
    fm33a0xx_anac.o(i.ANAC_ADC_Channel_SetEx) refers to fm33a0xx_anac.o(i.ANAC_ADCINSEL_BUFBYP_Setable) for ANAC_ADCINSEL_BUFBYP_Setable
    fm33a0xx_anac.o(i.ANAC_ADC_Channel_SetEx) refers to fm33a0xx_anac.o(i.ANAC_ADCINSEL_BUFEN_Setable) for ANAC_ADCINSEL_BUFEN_Setable
    fm33a0xx_anac.o(i.ANAC_ADC_Channel_SetEx) refers to fm33a0xx_anac.o(i.ANAC_ADCINSEL_BUFSEL_Set) for ANAC_ADCINSEL_BUFSEL_Set
    fm33a0xx_anac.o(i.ANAC_ADC_Init) refers to fm33a0xx_anac.o(i.ANAC_ADCTRIM_Write) for ANAC_ADCTRIM_Write
    fm33a0xx_anac.o(i.ANAC_ADC_Init) refers to fm33a0xx_anac.o(i.ANAC_ADCCON_ADC_VANA_EN_Set) for ANAC_ADCCON_ADC_VANA_EN_Set
    fm33a0xx_anac.o(i.ANAC_ADC_Init) refers to fm33a0xx_anac.o(i.ANAC_ADCINSEL_BUFSEL_Set) for ANAC_ADCINSEL_BUFSEL_Set
    fm33a0xx_anac.o(i.ANAC_ADC_Init) refers to fm33a0xx_anac.o(i.ANAC_ADCINSEL_BUFBYP_Setable) for ANAC_ADCINSEL_BUFBYP_Setable
    fm33a0xx_anac.o(i.ANAC_ADC_Init) refers to fm33a0xx_anac.o(i.ANAC_ADCINSEL_BUFEN_Setable) for ANAC_ADCINSEL_BUFEN_Setable
    fm33a0xx_anac.o(i.ANAC_ADC_Init) refers to fm33a0xx_anac.o(i.ANAC_ADCCON_ADC_IE_Setable) for ANAC_ADCCON_ADC_IE_Setable
    fm33a0xx_anac.o(i.ANAC_ADC_Init) refers to fm33a0xx_anac.o(i.ANAC_ADCCON_ADC_EN_Setable) for ANAC_ADCCON_ADC_EN_Setable
    fm33a0xx_anac.o(i.ANAC_ADC_TemperatureCalc) refers to fadd.o(.text) for __aeabi_fsub
    fm33a0xx_anac.o(i.ANAC_ADC_TemperatureCalc) refers to cfcmple.o(.text) for __aeabi_cfcmple
    fm33a0xx_anac.o(i.ANAC_ADC_TemperatureCalc) refers to fdiv.o(.text) for __aeabi_fdiv
    fm33a0xx_anac.o(i.ANAC_ADC_TemperatureCalc) refers to dfltui.o(.text) for __aeabi_ui2d
    fm33a0xx_anac.o(i.ANAC_ADC_TemperatureCalc) refers to dscalb.o(.text) for __ARM_scalbn
    fm33a0xx_anac.o(i.ANAC_ADC_TemperatureCalc) refers to dadd.o(.text) for __aeabi_dadd
    fm33a0xx_anac.o(i.ANAC_ADC_TemperatureCalc) refers to d2f.o(.text) for __aeabi_d2f
    fm33a0xx_anac.o(i.ANAC_ADC_VoltageCalc) refers to fadd.o(.text) for __aeabi_fsub
    fm33a0xx_anac.o(i.ANAC_ADC_VoltageCalc) refers to fmul.o(.text) for __aeabi_fmul
    fm33a0xx_anac.o(i.ANAC_ADC_VoltageCalc) refers to dfltui.o(.text) for __aeabi_ui2d
    fm33a0xx_anac.o(i.ANAC_ADC_VoltageCalc) refers to ddiv.o(.text) for __aeabi_ddiv
    fm33a0xx_anac.o(i.ANAC_ADC_VoltageCalc) refers to f2d.o(.text) for __aeabi_f2d
    fm33a0xx_anac.o(i.ANAC_ADC_VoltageCalc) refers to dmul.o(.text) for __aeabi_dmul
    fm33a0xx_anac.o(i.ANAC_ADC_VoltageCalc) refers to d2f.o(.text) for __aeabi_d2f
    fm33a0xx_anac.o(i.ANAC_ADC_VoltageCalc) refers to dflti.o(.text) for __aeabi_i2d
[...]
    aos_register_event_filter                0x00003fe1   Thumb Code    56  local_event.o(i.aos_register_event_filter)
    aos_sem_free                             0x0000401d   Thumb Code    26  aos_rhino.o(i.aos_sem_free)
    aos_sem_is_valid                         0x00004037   Thumb Code    22  aos_rhino.o(i.aos_sem_is_valid)
    aos_sem_new                              0x0000404d   Thumb Code   320  aos_rhino.o(i.aos_sem_new)
    aos_sem_signal                           0x00004195   Thumb Code    14  aos_rhino.o(i.aos_sem_signal)
    aos_sem_signal_all                       0x000041a3   Thumb Code    14  aos_rhino.o(i.aos_sem_signal_all)
    aos_sem_wait                             0x000041b1   Thumb Code   316  aos_rhino.o(i.aos_sem_wait)
    aos_set_log_level                        0x000042f5   Thumb Code    42  log.o(i.aos_set_log_level)
    aos_start                                0x00004325   Thumb Code     8  aos_rhino.o(i.aos_start)
    aos_task_exit                            0x0000432d   Thumb Code    10  aos_rhino.o(i.aos_task_exit)
    aos_task_getspecific                     0x00004337   Thumb Code    24  aos_rhino.o(i.aos_task_getspecific)
    aos_task_key_create                      0x00004351   Thumb Code    42  aos_rhino.o(i.aos_task_key_create)
    aos_task_key_delete                      0x00004381   Thumb Code    18  aos_rhino.o(i.aos_task_key_delete)
    aos_task_name                            0x00004399   Thumb Code    10  aos_rhino.o(i.aos_task_name)
    aos_task_new                             0x000043a5   Thumb Code   264  aos_rhino.o(i.aos_task_new)
    aos_task_new_ext                         0x000044b1   Thumb Code   264  aos_rhino.o(i.aos_task_new_ext)
    aos_task_setspecific                     0x000045bd   Thumb Code   246  aos_rhino.o(i.aos_task_setspecific)
    aos_timer_change                         0x000046b9   Thumb Code   282  aos_rhino.o(i.aos_timer_change)
    aos_timer_free                           0x000047d9   Thumb Code    20  aos_rhino.o(i.aos_timer_free)
    aos_timer_new                            0x000047ed   Thumb Code   342  aos_rhino.o(i.aos_timer_new)
    aos_timer_start                          0x0000494d   Thumb Code   282  aos_rhino.o(i.aos_timer_start)
    aos_timer_stop                           0x00004a6d   Thumb Code   282  aos_rhino.o(i.aos_timer_stop)
    aos_uart_recv                            0x00004b8d   Thumb Code    18  vfs.o(i.aos_uart_recv)
    aos_uart_send                            0x00004ba5   Thumb Code    16  vfs.o(i.aos_uart_send)
    aos_unregister_event_filter              0x00004bb9   Thumb Code    56  local_event.o(i.aos_unregister_event_filter)
    aos_zalloc                               0x00004bf5   Thumb Code    36  aos_rhino.o(i.aos_zalloc)
    application_start                        0x00004c19   Thumb Code    28  main.o(i.application_start)
    board_init                               0x00004c69   Thumb Code     8  board.o(i.board_init)
    cli_getchar                              0x00004db9   Thumb Code    26  cli.o(i.cli_getchar)
    cli_putstr                               0x00004ead   Thumb Code    30  cli.o(i.cli_putstr)
    cli_service_init                         0x00004ecb   Thumb Code    14  aos_init.o(i.cli_service_init)
    core_sched                               0x00004fed   Thumb Code    80  k_sched.o(i.core_sched)
    cpu_task_stack_init                      0x00005051   Thumb Code   104  port_c.o(i.cpu_task_stack_init)
    csp_printf                               0x000050e9   Thumb Code    56  log.o(i.csp_printf)
    cut_main                                 0x00005129   Thumb Code   222  cut.o(i.cut_main)
    del_file                                 0x00008d65   Thumb Code    16  vfs_file.o(i.del_file)
    dyn_mem_proc_task                        0x000091a9   Thumb Code   114  k_dyn_mem_proc.o(i.dyn_mem_proc_task)
    dyn_mem_proc_task_start                  0x00009225   Thumb Code    42  k_dyn_mem_proc.o(i.dyn_mem_proc_task_start)
    fputc                                    0x000095bd   Thumb Code    36  soc_init.o(i.fputc)
    free                                     0x000095e9   Thumb Code     8  armcc_libc.o(i.free)
    get_fd                                   0x00009611   Thumb Code    16  vfs_file.o(i.get_fd)
    get_file                                 0x00009625   Thumb Code    36  vfs_file.o(i.get_file)
    hal_flash_erase                          0x00009969   Thumb Code   106  flash.o(i.hal_flash_erase)
    hal_flash_get_info                       0x000099d9   Thumb Code    10  flash.o(i.hal_flash_get_info)
    hal_flash_read                           0x000099e9   Thumb Code    60  flash.o(i.hal_flash_read)
    hal_flash_write                          0x00009a25   Thumb Code    38  flash.o(i.hal_flash_write)
    hal_reboot                               0x00009a55   Thumb Code    24  aos.o(i.hal_reboot)
    hal_uart_init                            0x00009a75   Thumb Code   570  uart.o(i.hal_uart_init)
    hal_uart_recv_II                         0x00009ccd   Thumb Code   134  uart.o(i.hal_uart_recv_II)
    hal_uart_send                            0x00009d53   Thumb Code   118  uart.o(i.hal_uart_send)
    idle_task                                0x0000a255   Thumb Code    26  k_idle.o(i.idle_task)
    inode_alloc                              0x0000a2b1   Thumb Code    28  vfs_inode.o(i.inode_alloc)
    inode_init                               0x0000a2d1   Thumb Code    16  vfs_inode.o(i.inode_init)
    inode_open                               0x0000a2e5   Thumb Code    90  vfs_inode.o(i.inode_open)
    inode_ptr_get                            0x0000a345   Thumb Code    24  vfs_inode.o(i.inode_ptr_get)
    inode_ref                                0x0000a361   Thumb Code     8  vfs_inode.o(i.inode_ref)
    inode_reserve                            0x0000a369   Thumb Code    76  vfs_inode.o(i.inode_reserve)
    inode_unref                              0x0000a3e9   Thumb Code    12  vfs_inode.o(i.inode_unref)
    k_err_proc                               0x0000a45d   Thumb Code    12  k_err.o(i.k_err_proc)
    k_mm_alloc                               0x0000a46d   Thumb Code   230  k_mm.o(i.k_mm_alloc)
    k_mm_free                                0x0000a553   Thumb Code   166  k_mm.o(i.k_mm_free)
    k_mm_init                                0x0000a67d   Thumb Code    46  k_mm.o(i.k_mm_init)
    k_mm_realloc                             0x0000a6b9   Thumb Code   450  k_mm.o(i.k_mm_realloc)
    kobj_list_init                           0x0000a8f9   Thumb Code    38  k_stats.o(i.kobj_list_init)
    krhino_add_mm_region                     0x0000a925   Thumb Code   106  k_mm.o(i.krhino_add_mm_region)
    krhino_buf_queue_create                  0x0000a98f   Thumb Code    18  k_buf_queue.o(i.krhino_buf_queue_create)
    krhino_buf_queue_del                     0x0000a9a1   Thumb Code   130  k_buf_queue.o(i.krhino_buf_queue_del)
    krhino_buf_queue_recv                    0x0000aa29   Thumb Code   240  k_buf_queue.o(i.krhino_buf_queue_recv)
    krhino_buf_queue_send                    0x0000ab25   Thumb Code    24  k_buf_queue.o(i.krhino_buf_queue_send)
    krhino_cur_task_get                      0x0000ab3d   Thumb Code    18  k_task.o(i.krhino_cur_task_get)
    krhino_fix_buf_queue_create              0x0000ab55   Thumb Code    22  k_buf_queue.o(i.krhino_fix_buf_queue_create)
    krhino_init                              0x0000ab6d   Thumb Code    92  k_sys.o(i.krhino_init)
    krhino_init_mm_head                      0x0000abf9   Thumb Code   164  k_mm.o(i.krhino_init_mm_head)
    krhino_intrpt_enter                      0x0000acad   Thumb Code    22  k_sys.o(i.krhino_intrpt_enter)
    krhino_intrpt_exit                       0x0000acc9   Thumb Code    86  k_sys.o(i.krhino_intrpt_exit)
    krhino_mblk_alloc                        0x0000ad35   Thumb Code    72  k_mm_blk.o(i.krhino_mblk_alloc)
    krhino_mblk_free                         0x0000ad7d   Thumb Code    56  k_mm_blk.o(i.krhino_mblk_free)
    krhino_mblk_pool_init                    0x0000adb5   Thumb Code   150  k_mm_blk.o(i.krhino_mblk_pool_init)
    krhino_mm_alloc                          0x0000ae51   Thumb Code    28  k_mm.o(i.krhino_mm_alloc)
    krhino_mm_free                           0x0000ae8d   Thumb Code    14  k_mm.o(i.krhino_mm_free)
    krhino_mm_realloc                        0x0000aea1   Thumb Code    16  k_mm.o(i.krhino_mm_realloc)
    krhino_ms_to_ticks                       0x0000aeb5   Thumb Code    54  k_time.o(i.krhino_ms_to_ticks)
    krhino_mutex_create                      0x0000aeeb   Thumb Code    10  k_mutex.o(i.krhino_mutex_create)
    krhino_mutex_del                         0x0000aef5   Thumb Code   134  k_mutex.o(i.krhino_mutex_del)
    krhino_mutex_lock                        0x0000af81   Thumb Code   250  k_mutex.o(i.krhino_mutex_lock)
    krhino_mutex_unlock                      0x0000b091   Thumb Code   176  k_mutex.o(i.krhino_mutex_unlock)
    krhino_sem_create                        0x0000b151   Thumb Code    10  k_sem.o(i.krhino_sem_create)
    krhino_sem_del                           0x0000b15d   Thumb Code   122  k_sem.o(i.krhino_sem_del)
    krhino_sem_give                          0x0000b1dd   Thumb Code    18  k_sem.o(i.krhino_sem_give)
    krhino_sem_give_all                      0x0000b1ef   Thumb Code    18  k_sem.o(i.krhino_sem_give_all)
    krhino_sem_take                          0x0000b201   Thumb Code   164  k_sem.o(i.krhino_sem_take)
    krhino_stack_ovf_check                   0x0000b2b1   Thumb Code    42  k_stats.o(i.krhino_stack_ovf_check)
    krhino_start                             0x0000b2e5   Thumb Code    42  k_sys.o(i.krhino_start)
    krhino_sys_tick_get                      0x0000b321   Thumb Code    24  k_time.o(i.krhino_sys_tick_get)
    krhino_sys_time_get                      0x0000b33d   Thumb Code    26  k_time.o(i.krhino_sys_time_get)
    krhino_task_create                       0x0000b357   Thumb Code    54  k_task.o(i.krhino_task_create)
    krhino_task_deathbed                     0x0000b38d   Thumb Code    30  k_task.o(i.krhino_task_deathbed)
    krhino_task_del                          0x0000b3ad   Thumb Code   208  k_task.o(i.krhino_task_del)
    krhino_task_dyn_create                   0x0000b48d   Thumb Code    46  k_task.o(i.krhino_task_dyn_create)
    krhino_task_dyn_del                      0x0000b4bd   Thumb Code   288  k_task.o(i.krhino_task_dyn_del)
    krhino_task_info_get                     0x0000b5f5   Thumb Code    36  k_task.o(i.krhino_task_info_get)
    krhino_task_info_set                     0x0000b619   Thumb Code    42  k_task.o(i.krhino_task_info_set)
    krhino_task_sleep                        0x0000b645   Thumb Code   120  k_task.o(i.krhino_task_sleep)
    krhino_tick_proc                         0x0000b6cd   Thumb Code    12  k_time.o(i.krhino_tick_proc)
    krhino_timer_change                      0x0000b6d9   Thumb Code    82  k_timer.o(i.krhino_timer_change)
    krhino_timer_dyn_create                  0x0000b735   Thumb Code    96  k_timer.o(i.krhino_timer_dyn_create)
    krhino_timer_dyn_del                     0x0000b795   Thumb Code    32  k_timer.o(i.krhino_timer_dyn_del)
    krhino_timer_start                       0x0000b7b9   Thumb Code    32  k_timer.o(i.krhino_timer_start)
    krhino_timer_stop                        0x0000b7dd   Thumb Code    32  k_timer.o(i.krhino_timer_stop)
    ktimer_init                              0x0000b801   Thumb Code    66  k_timer.o(i.ktimer_init)
    log_cli_init                             0x0000bdd9   Thumb Code    28  log.o(i.log_cli_init)
    main                                     0x0000bf0d   Thumb Code    10  aos.o(i.main)
    malloc                                   0x0000bf17   Thumb Code     8  armcc_libc.o(i.malloc)
    mutex_create                             0x0000bf21   Thumb Code    76  k_mutex.o(i.mutex_create)
    mutex_pri_look                           0x0000bf71   Thumb Code    62  k_mutex.o(i.mutex_pri_look)
    mutex_task_pri_reset                     0x0000bfcb   Thumb Code    34  k_mutex.o(i.mutex_task_pri_reset)
    new_file                                 0x0000bfed   Thumb Code    44  vfs_file.o(i.new_file)
    pend_list_reorder                        0x0000c1b1   Thumb Code    30  k_pend.o(i.pend_list_reorder)
    pend_state_end_proc                      0x0000c1cf   Thumb Code    58  k_pend.o(i.pend_state_end_proc)
    pend_task_rm                             0x0000c209   Thumb Code    70  k_pend.o(i.pend_task_rm)
    pend_task_wakeup                         0x0000c255   Thumb Code    70  k_pend.o(i.pend_task_wakeup)
    pend_to_blk_obj                          0x0000c2a1   Thumb Code    64  k_pend.o(i.pend_to_blk_obj)
    port_transform_GPIOx                     0x0000c2e5   Thumb Code    96  gpio.o(i.port_transform_GPIOx)
    preferred_cpu_ready_task_get             0x0000c41d   Thumb Code    20  k_sched.o(i.preferred_cpu_ready_task_get)
    ready_list_add                           0x0000c515   Thumb Code    30  k_sched.o(i.ready_list_add)
    ready_list_add_head                      0x0000c539   Thumb Code    54  k_sched.o(i.ready_list_add_head)
    ready_list_add_tail                      0x0000c56f   Thumb Code    48  k_sched.o(i.ready_list_add_tail)
    ready_list_rm                            0x0000c5dd   Thumb Code   150  k_sched.o(i.ready_list_rm)
    ringbuf_init                             0x0000c759   Thumb Code    22  k_ringbuf.o(i.ringbuf_init)
    ringbuf_is_empty                         0x0000c76f   Thumb Code    20  k_ringbuf.o(i.ringbuf_is_empty)
    ringbuf_is_full                          0x0000c783   Thumb Code    36  k_ringbuf.o(i.ringbuf_is_full)
    ringbuf_pop                              0x0000c7a7   Thumb Code   284  k_ringbuf.o(i.ringbuf_pop)
    ringbuf_push                             0x0000c8c3   Thumb Code   270  k_ringbuf.o(i.ringbuf_push)
    ringbuf_reset                            0x0000c9d1   Thumb Code    16  k_ringbuf.o(i.ringbuf_reset)
    runqueue_init                            0x0000c9e1   Thumb Code    26  k_sched.o(i.runqueue_init)
    soc_err_proc                             0x0000cb21   Thumb Code    14  soc_impl.o(i.soc_err_proc)
    soc_get_cur_sp                           0x0000cb69   Thumb Code     4  soc_impl.o(i.soc_get_cur_sp)
    soc_init                                 0x0000cb6d   Thumb Code    38  soc_init.o(i.soc_init)
    task_dyn_create                          0x0000d5a9   Thumb Code   148  k_task.o(i.task_dyn_create)
    task_pri_change                          0x0000d6f1   Thumb Code   170  k_task.o(i.task_pri_change)
    test_certificate                         0x0000d7a9   Thumb Code   316  aos_test.o(i.test_certificate)
    tftp_ota_thread                          0x0000d941   Thumb Code    10  cli.o(i.tftp_ota_thread)
    tick_list_init                           0x0000d94d   Thumb Code     8  k_tick.o(i.tick_list_init)
    tick_list_insert                         0x0000d959   Thumb Code   100  k_tick.o(i.tick_list_insert)
    tick_list_rm                             0x0000d9c5   Thumb Code    24  k_tick.o(i.tick_list_rm)
    tick_list_update                         0x0000d9dd   Thumb Code   226  k_tick.o(i.tick_list_update)
    vfs_device_init                          0x0000de0d   Thumb Code    36  device.o(i.vfs_device_init)
    vfs_init                                 0x0000de45   Thumb Code    38  vfs.o(i.vfs_init)
    yts_run                                  0x0000de91   Thumb Code   172  yts_main.o(i.yts_run)
    yunit_get_test_case                      0x0000dfa1   Thumb Code    34  yunit.o(i.yunit_get_test_case)
    yunit_get_test_suite                     0x0000dfc5   Thumb Code    36  yunit.o(i.yunit_get_test_suite)
    yunit_run_test_case                      0x0000dfed   Thumb Code    76  yunit.o(i.yunit_run_test_case)
    yunit_run_test_suite                     0x0000e0a1   Thumb Code    76  yunit.o(i.yunit_run_test_suite)
    yunit_test_deinit                        0x0000e135   Thumb Code    56  yunit.o(i.yunit_test_deinit)
    yunit_test_init                          0x0000e171   Thumb Code    12  yunit.o(i.yunit_test_init)
    yunit_test_print_result                  0x0000e181   Thumb Code    56  yunit.o(i.yunit_test_print_result)
    yunit_test_run                           0x0000e215   Thumb Code    28  yunit.o(i.yunit_test_run)
    g_gpio_pin                               0x0000e234   Data          68  gpio.o(.constdata)
    Region$$Table$$Base                      0x0000e7d8   Number         0  anon$$obj.o(Region$$Table)
    Region$$Table$$Limit                     0x0000e7f8   Number         0  anon$$obj.o(Region$$Table)
    SystemCoreClock                          0x20000000   Data           4  system_fm33a0xx.o(.data)
    g_port                                   0x20000004   Data           1  gpio.o(.data)
    g_gpio_irq_handler                       0x20000008   Data           4  gpio.o(.data)
    g_arg                                    0x2000000c   Data           4  gpio.o(.data)
    g_mm_region                              0x20000028   Data           8  soc_impl.o(.data)
    g_region_num                             0x20000030   Data           4  soc_impl.o(.data)
    g_err_proc                               0x20000034   Data           4  soc_impl.o(.data)
    g_aos_init                               0x20000038   Data           4  aos.o(.data)
    g_sys_stat                               0x2000003c   Data           2  k_obj.o(.data)
    g_idle_task_spawned                      0x2000003e   Data           1  k_obj.o(.data)
    g_sched_lock                             0x2000003f   Data           1  k_obj.o(.data)
    g_intrpt_nested_level                    0x20000040   Data           1  k_obj.o(.data)
    g_preferred_ready_task                   0x20000044   Data           4  k_obj.o(.data)
    g_active_task                            0x20000048   Data           4  k_obj.o(.data)
    g_idle_count                             0x20000050   Data           8  k_obj.o(.data)
    g_tick_count                             0x20000058   Data           8  k_obj.o(.data)
    g_tick_head                              0x20000060   Data           8  k_obj.o(.data)
    g_timer_head                             0x20000068   Data           8  k_obj.o(.data)
    g_timer_count                            0x20000070   Data           8  k_obj.o(.data)
    g_res_list                               0x20000078   Data           8  k_obj.o(.data)
    g_kmm_head                               0x20000080   Data           4  k_obj.o(.data)
    g_main_ctx                               0x200000a0   Data           4  yloop.o(.data)
    g_vfs_mutex                              0x200000ac   Data           4  vfs.o(.data)
    hal_partitions                           0x200000c4   Data         220  board.o(.data)
    aos_log_level                            0x200001a0   Data           4  log.o(.data)
    log_mutex                                0x200001a4   Data           4  log.o(.data)
    log_cli_cmd                              0x200001a8   Data          12  log.o(.data)
    cut_suite_test_mm                        0x200001ec   Data          24  aos_test.o(.data)
    cut_suite_test_task                      0x20000204   Data          32  aos_test.o(.data)
    cut_suite_test_task_comm                 0x20000224   Data          28  aos_test.o(.data)
    cut_suite_test_timer                     0x20000240   Data          12  aos_test.o(.data)
    cut_suite_test_kv                        0x2000024c   Data          16  aos_test.o(.data)
    cut_suite_test_yloop                     0x2000025c   Data          28  aos_test.o(.data)
    __stdout                                 0x20000618   Data           4  stdout.o(.data)
    __stderr                                 0x2000061c   Data           4  stderr.o(.data)
    SerialServerParams                       0x20000824   Data         144  uart.o(.bss)
    uart_0                                   0x200008b4   Data          20  soc_init.o(.bss)
    g_heap_buf                               0x200008c8   Data       22528  soc_impl.o(.bss)
    g_ready_queue                            0x200060d4   Data         260  k_obj.o(.bss)
    g_idle_task                              0x200061d8   Data          96  k_obj.o(.bss)
    g_idle_task_stack                        0x20006238   Data         400  k_obj.o(.bss)
    g_kobj_list                              0x200063c8   Data          48  k_obj.o(.bss)
    g_timer_task                             0x200063f8   Data          96  k_obj.o(.bss)
    g_timer_task_stack                       0x20006458   Data        1200  k_obj.o(.bss)
    g_timer_queue                            0x20006908   Data          76  k_obj.o(.bss)
    timer_queue_cb                           0x20006958   Data         480  k_obj.o(.bss)
    g_res_sem                                0x20006b38   Data          36  k_obj.o(.bss)
    g_dyn_task                               0x20006b60   Data          96  k_obj.o(.bss)
    g_dyn_task_stack                         0x20006bc0   Data        1024  k_obj.o(.bss)
    esc_tag                                  0x20007488   Data          64  cli.o(.bss)
    g_test_context                           0x20007648   Data         124  yunit.o(.bss)
    cut                                      0x200076c4   Data         280  cut.o(.bss)
    __initial_sp                             0x20007c60   Data           0  startup_fm33a0xx.o(STACK)



==============================================================================

Memory Map of the image

  Image Entry point : 0x000000c1

  Load Region LR_IROM1 (Base: 0x00000000, Size: 0x0000ee1c, Max: 0x00040000, ABSOLUTE, COMPRESSED[0x0000e9a4])

    Execution Region ER_IROM1 (Base: 0x00000000, Size: 0x0000e7f8, Max: 0x00040000, ABSOLUTE)

    Base Addr    Size         Type   Attr      Idx    E Section Name        Object

    0x00000000   0x000000c0   Data   RO         6460    RESET               startup_fm33a0xx.o
    0x000000c0   0x00000000   Code   RO        11058  * .ARM.Collect$$$$00000000  mc_p.l(entry.o)
    0x000000c0   0x00000004   Code   RO        11405    .ARM.Collect$$$$00000001  mc_p.l(entry2.o)
    0x000000c4   0x00000004   Code   RO        11408    .ARM.Collect$$$$00000004  mc_p.l(entry5.o)
    0x000000c8   0x00000000   Code   RO        11410    .ARM.Collect$$$$00000008  mc_p.l(entry7b.o)
    0x000000c8   0x00000000   Code   RO        11412    .ARM.Collect$$$$0000000A  mc_p.l(entry8b.o)
    0x000000c8   0x00000008   Code   RO        11413    .ARM.Collect$$$$0000000B  mc_p.l(entry9a.o)
    0x000000d0   0x00000000   Code   RO        11415    .ARM.Collect$$$$0000000D  mc_p.l(entry10a.o)
    0x000000d0   0x00000000   Code   RO        11417    .ARM.Collect$$$$0000000F  mc_p.l(entry11a.o)
    0x000000d0   0x00000004   Code   RO        11406    .ARM.Collect$$$$00002712  mc_p.l(entry2.o)
    0x000000d4   0x000000ac   Code   RO          128    .text               port_s.o
    0x00000180   0x0000001c   Code   RO         6461    .text               startup_fm33a0xx.o
    0x0000019c   0x0000002c   Code   RO        11065    .text               mc_p.l(uidiv.o)
    0x000001c8   0x00000028   Code   RO        11067    .text               mc_p.l(idiv.o)
    0x000001f0   0x00000060   Code   RO        11069    .text               mc_p.l(uldiv.o)
    0x00000250   0x0000007a   Code   RO        11071    .text               mc_p.l(llmul.o)
    0x000002ca   0x00000042   Code   RO        11077    .text               mc_p.l(memmove.o)
    0x0000030c   0x00000024   Code   RO        11081    .text               mc_p.l(memseta.o)
    0x00000330   0x00000028   Code   RO        11083    .text               mc_p.l(strstr.o)
    0x00000358   0x0000001a   Code   RO        11085    .text               mc_p.l(strncpy.o)
    0x00000372   0x00000014   Code   RO        11087    .text               mc_p.l(strchr.o)
    0x00000386   0x0000000e   Code   RO        11089    .text               mc_p.l(strlen.o)
    0x00000394   0x0000001c   Code   RO        11091    .text               mc_p.l(strcmp.o)
    0x000003b0   0x0000001a   Code   RO        11093    .text               mc_p.l(memcmp.o)
    0x000003ca   0x00000012   Code   RO        11095    .text               mc_p.l(strcpy.o)
    0x000003dc   0x0000001e   Code   RO        11097    .text               mc_p.l(strncmp.o)
    0x000003fa   0x00000020   Code   RO        11099    .text               mc_p.l(strrchr.o)
    0x0000041a   0x0000007c   Code   RO        11381    .text               mf_p.l(fdiv.o)
    0x00000496   0x00000002   PAD
    0x00000498   0x00000164   Code   RO        11383    .text               mf_p.l(dadd.o)
    0x000005fc   0x000000d0   Code   RO        11385    .text               mf_p.l(dmul.o)
    0x000006cc   0x000000f0   Code   RO        11387    .text               mf_p.l(ddiv.o)
    0x000007bc   0x0000000e   Code   RO        11391    .text               mf_p.l(ffltui.o)
    0x000007ca   0x00000002   PAD
    0x000007cc   0x0000003c   Code   RO        11397    .text               mf_p.l(dfixui.o)
    0x00000808   0x00000028   Code   RO        11399    .text               mf_p.l(f2d.o)
    0x00000830   0x00000020   Code   RO        11419    .text               mc_p.l(llshl.o)
    0x00000850   0x00000022   Code   RO        11421    .text               mc_p.l(llushr.o)
    0x00000872   0x00000026   Code   RO        11423    .text               mc_p.l(llsshr.o)
    0x00000898   0x00000000   Code   RO        11425    .text               mc_p.l(iusefp.o)
    0x00000898   0x00000082   Code   RO        11426    .text               mf_p.l(fepilogue.o)
    0x0000091a   0x000000be   Code   RO        11428    .text               mf_p.l(depilogue.o)
    0x000009d8   0x00000040   Code   RO        11432    .text               mf_p.l(dfixul.o)
    0x00000a18   0x00000028   Code   RO        11434    .text               mf_p.l(cdrcmple.o)
    0x00000a40   0x00000024   Code   RO        11436    .text               mc_p.l(init.o)
    0x00000a64   0x00000056   Code   RO        11446    .text               mc_p.l(__dczerorl2.o)
    0x00000aba   0x00000002   PAD
    0x00000abc   0x00000020   Code   RO          414    i.ANAC_BORCON_OFF_BOR_Setable  fm33a0xx_anac.o
    0x00000adc   0x00000020   Code   RO          459    i.ANAC_PDRCON_PDREN_Setable  fm33a0xx_anac.o
    0x00000afc   0x00000090   Code   RO         7207    i.AltFunIO          soc_init.o
    0x00000b8c   0x00000014   Code   RO         2233    i.FLASH_Deinit      fm33a0xx_flash.o
    0x00000ba0   0x00000018   Code   RO         2235    i.FLASH_EPCON_EREQ_Set  fm33a0xx_flash.o
    0x00000bb8   0x00000018   Code   RO         2237    i.FLASH_EPCON_ERTYPE_Set  fm33a0xx_flash.o
    0x00000bd0   0x00000014   Code   RO         2239    i.FLASH_EPCON_PREQ_Set  fm33a0xx_flash.o
    0x00000be4   0x00000044   Code   RO         2240    i.FLASH_Erase_Sector  fm33a0xx_flash.o
    0x00000c28   0x00000014   Code   RO         2255    i.FLASH_FLSIF_ERDIF_Chk  fm33a0xx_flash.o
    0x00000c3c   0x0000000c   Code   RO         2256    i.FLASH_FLSIF_ERDIF_Clr  fm33a0xx_flash.o
    0x00000c48   0x00000014   Code   RO         2259    i.FLASH_FLSIF_PRDIF_Chk  fm33a0xx_flash.o
    0x00000c5c   0x0000000c   Code   RO         2260    i.FLASH_FLSIF_PRDIF_Clr  fm33a0xx_flash.o
    0x00000c68   0x0000000c   Code   RO         2261    i.FLASH_FLSKEY_Write  fm33a0xx_flash.o
    0x00000c74   0x00000018   Code   RO         2263    i.FLASH_FLSRDCON_WAIT_Set  fm33a0xx_flash.o
    0x00000c8c   0x00000054   Code   RO         2268    i.FLASH_Prog_ByteString  fm33a0xx_flash.o
    0x00000ce0   0x000000e4   Code   RO         2507    i.GPIO_EXTI_EXTIxIF_ChkEx  fm33a0xx_gpio.o
    0x00000dc4   0x000000b0   Code   RO         2508    i.GPIO_EXTI_EXTIxIF_ClrEx  fm33a0xx_gpio.o
    0x00000e74   0x00000078   Code   RO         2514    i.GPIO_Get_InitPara  fm33a0xx_gpio.o
    0x00000eec   0x00000050   Code   RO         6601    i.GPIO_IRQHandler   gpio.o
    0x00000f3c   0x00000050   Code   RO         2520    i.GPIO_Init         fm33a0xx_gpio.o
    0x00000f8c   0x00000010   Code   RO         3410    i.IWDT_Clr          fm33a0xx_iwdt.o
    0x00000f9c   0x00000018   Code   RO         3413    i.IWDT_IWDTCFG_IWDTOVP_Set  fm33a0xx_iwdt.o
    0x00000fb4   0x0000001c   Code   RO         3415    i.IWDT_IWDTCFG_IWDTSLP4096S_Setable  fm33a0xx_iwdt.o
    0x00000fd0   0x00000020   Code   RO         7211    i.IWDT_Init         soc_init.o
    0x00000ff0   0x0000004c   Code   RO         7212    i.Init_IO           soc_init.o
    0x0000103c   0x00000020   Code   RO         7213    i.Init_PLL          soc_init.o
    0x0000105c   0x00000198   Code   RO         7215    i.Init_RCC_PERIPH_clk  soc_init.o
    0x000011f4   0x0000002a   Code   RO         7216    i.Init_SysClk       soc_init.o
    0x0000121e   0x0000002e   Code   RO         7217    i.Init_SysClk_Gen   soc_init.o
    0x0000124c   0x00000038   Code   RO         7218    i.Init_SysTick      soc_init.o
    0x00001284   0x00000044   Code   RO         7219    i.Init_System       soc_init.o
    0x000012c8   0x00000014   Code   RO         7042    i.NVIC_DisableIRQ   uart.o
    0x000012dc   0x00000044   Code   RO         7221    i.NVIC_SetPriority  soc_init.o
    0x00001320   0x00000070   Code   RO         7222    i.OutputIO          soc_init.o
    0x00001390   0x00000104   Code   RO         4337    i.RCC_GetClocksFreq  fm33a0xx_rcc.o
    0x00001494   0x0000004c   Code   RO         4338    i.RCC_Init_RCHF_Trim  fm33a0xx_rcc.o
    0x000014e0   0x00000018   Code   RO         4340    i.RCC_MPRIL_MPRIL_Set  fm33a0xx_rcc.o
    0x000014f8   0x00000054   Code   RO         4343    i.RCC_PERCLK_SetableEx  fm33a0xx_rcc.o
    0x0000154c   0x00000014   Code   RO         4344    i.RCC_PLLCON_PLLDB_Get  fm33a0xx_rcc.o
    0x00001560   0x0000001c   Code   RO         4345    i.RCC_PLLCON_PLLDB_Set  fm33a0xx_rcc.o
    0x0000157c   0x00000014   Code   RO         4346    i.RCC_PLLCON_PLLEN_Getable  fm33a0xx_rcc.o
    0x00001590   0x00000020   Code   RO         4347    i.RCC_PLLCON_PLLEN_Setable  fm33a0xx_rcc.o
    0x000015b0   0x00000010   Code   RO         4348    i.RCC_PLLCON_PLLINSEL_Get  fm33a0xx_rcc.o
    0x000015c0   0x00000014   Code   RO         4349    i.RCC_PLLCON_PLLINSEL_Set  fm33a0xx_rcc.o
    0x000015d4   0x00000014   Code   RO         4351    i.RCC_PLLCON_PLLOSEL_Set  fm33a0xx_rcc.o
    0x000015e8   0x0000000a   Code   RO         4353    i.RCC_PLLDB_WriteEx  fm33a0xx_rcc.o
    0x000015f2   0x0000001e   Code   RO         4354    i.RCC_PLL_Init      fm33a0xx_rcc.o
    0x00001610   0x00000010   Code   RO         4355    i.RCC_RCHFCON_FSEL_Get  fm33a0xx_rcc.o
    0x00001620   0x00000018   Code   RO         4356    i.RCC_RCHFCON_FSEL_Set  fm33a0xx_rcc.o
    0x00001638   0x00000014   Code   RO         4357    i.RCC_RCHFCON_RCHFEN_Getable  fm33a0xx_rcc.o
    0x0000164c   0x00000020   Code   RO         4358    i.RCC_RCHFCON_RCHFEN_Setable  fm33a0xx_rcc.o
    0x0000166c   0x00000010   Code   RO         4360    i.RCC_RCHFTRIM_Write  fm33a0xx_rcc.o
    0x0000167c   0x00000012   Code   RO         4361    i.RCC_RCHF_Init     fm33a0xx_rcc.o
    0x0000168e   0x00000002   PAD
    0x00001690   0x00000010   Code   RO         4365    i.RCC_SYSCLKSEL_AHBPRES_Get  fm33a0xx_rcc.o
    0x000016a0   0x00000018   Code   RO         4366    i.RCC_SYSCLKSEL_AHBPRES_Set  fm33a0xx_rcc.o
    0x000016b8   0x00000010   Code   RO         4367    i.RCC_SYSCLKSEL_APBPRES_Get  fm33a0xx_rcc.o
    0x000016c8   0x00000018   Code   RO         4368    i.RCC_SYSCLKSEL_APBPRES_Set  fm33a0xx_rcc.o
    0x000016e0   0x00000014   Code   RO         4370    i.RCC_SYSCLKSEL_EXTICKSEL_Set  fm33a0xx_rcc.o
    0x000016f4   0x00000020   Code   RO         4372    i.RCC_SYSCLKSEL_LPM_RCLP_OFF_Setable  fm33a0xx_rcc.o
    0x00001714   0x0000001c   Code   RO         4374    i.RCC_SYSCLKSEL_SLP_ENEXTI_Setable  fm33a0xx_rcc.o
    0x00001730   0x00000010   Code   RO         4375    i.RCC_SYSCLKSEL_SYSCLKSEL_Get  fm33a0xx_rcc.o
    0x00001740   0x00000018   Code   RO         4376    i.RCC_SYSCLKSEL_SYSCLKSEL_Set  fm33a0xx_rcc.o
    0x00001758   0x0000002a   Code   RO         4377    i.RCC_SysClk_Init   fm33a0xx_rcc.o
    0x00001782   0x00000046   Code   RO         7223    i.SCU_Init          soc_init.o
    0x000017c8   0x0000001a   Code   RO         4974    i.SCU_MCUDBGCR_DBG_BT1_STOP_Setable  fm33a0xx_scu.o
    0x000017e2   0x0000001a   Code   RO         4976    i.SCU_MCUDBGCR_DBG_BT2_STOP_Setable  fm33a0xx_scu.o
    0x000017fc   0x0000001a   Code   RO         4978    i.SCU_MCUDBGCR_DBG_ET1_STOP_Setable  fm33a0xx_scu.o
    0x00001816   0x0000001a   Code   RO         4980    i.SCU_MCUDBGCR_DBG_ET2_STOP_Setable  fm33a0xx_scu.o
    0x00001830   0x0000001a   Code   RO         4982    i.SCU_MCUDBGCR_DBG_ET3_STOP_Setable  fm33a0xx_scu.o
    0x0000184a   0x0000001a   Code   RO         4984    i.SCU_MCUDBGCR_DBG_ET4_STOP_Setable  fm33a0xx_scu.o
    0x00001864   0x0000001c   Code   RO         4986    i.SCU_MCUDBGCR_DBG_IWDT_STOP_Setable  fm33a0xx_scu.o
    0x00001880   0x0000001a   Code   RO         4988    i.SCU_MCUDBGCR_DBG_WWDT_STOP_Setable  fm33a0xx_scu.o
    0x0000189a   0x00000002   PAD
    0x0000189c   0x00000040   Code   RO         7044    i.SerialBuffInit    uart.o
    0x000018dc   0x00000010   Code   RO         7045    i.SerialGetSendRemain  uart.o
    0x000018ec   0x00000074   Code   RO         7046    i.Serial_InterruptRx  uart.o
    0x00001960   0x00000054   Code   RO         7047    i.Serial_InterruptTx  uart.o
    0x000019b4   0x000000a4   Code   RO         7048    i.Serial_SvRecv     uart.o
    0x00001a58   0x000000dc   Code   RO         7049    i.Serial_SvSend     uart.o
    0x00001b34   0x00000014   Code   RO         7224    i.SysTick_Handler   soc_init.o
    0x00001b48   0x00000010   Code   RO         6429    i.SystemInit        system_fm33a0xx.o
    0x00001b58   0x00000010   Code   RO         7050    i.UART0_IRQHandler  uart.o
    0x00001b68   0x00000010   Code   RO         7051    i.UART1_IRQHandler  uart.o
    0x00001b78   0x00000010   Code   RO         7052    i.UART2_IRQHandler  uart.o
    0x00001b88   0x00000010   Code   RO         7053    i.UART3_IRQHandler  uart.o
    0x00001b98   0x00000010   Code   RO         7054    i.UART4_IRQHandler  uart.o
    0x00001ba8   0x00000010   Code   RO         7055    i.UART5_IRQHandler  uart.o
    0x00001bb8   0x00000044   Code   RO         6005    i.UART_BaudREGCalc  fm33a0xx_uart.o
    0x00001bfc   0x0000002c   Code   RO         7056    i.UART_IRQHandler   uart.o
    0x00001c28   0x00000080   Code   RO         6014    i.UART_Init         fm33a0xx_uart.o
    0x00001ca8   0x00000028   Code   RO         6016    i.UART_UARTIE_RxTxIE_GetableEx  fm33a0xx_uart.o
    0x00001cd0   0x00000030   Code   RO         6017    i.UART_UARTIE_RxTxIE_SetableEx  fm33a0xx_uart.o
    0x00001d00   0x00000028   Code   RO         6018    i.UART_UARTIF_RxTxIF_ChkEx  fm33a0xx_uart.o
    0x00001d28   0x00000016   Code   RO         6022    i.UARTx_RTXCON_RTX7EN_Setable  fm33a0xx_uart.o
    0x00001d3e   0x00000016   Code   RO         6024    i.UARTx_RTXCON_RXDFLAG_Setable  fm33a0xx_uart.o
    0x00001d54   0x00000018   Code   RO         6026    i.UARTx_RTXCON_TXDFLAG_Setable  fm33a0xx_uart.o
    0x00001d6c   0x00000006   Code   RO         6028    i.UARTx_RXREG_Read  fm33a0xx_uart.o
    0x00001d72   0x00000016   Code   RO         6030    i.UARTx_RXSTA_ERRIE_Setable  fm33a0xx_uart.o
    0x00001d88   0x0000000e   Code   RO         6036    i.UARTx_RXSTA_PDSEL_Set  fm33a0xx_uart.o
    0x00001d96   0x00000016   Code   RO         6041    i.UARTx_RXSTA_RXEN_Setable  fm33a0xx_uart.o
    0x00001dac   0x00000006   Code   RO         6043    i.UARTx_SPBRG_Write  fm33a0xx_uart.o
    0x00001db2   0x0000000e   Code   RO         6046    i.UARTx_TXBUFSTA_TX_INTSEL_Set  fm33a0xx_uart.o
    0x00001dc0   0x00000006   Code   RO         6047    i.UARTx_TXREG_Write  fm33a0xx_uart.o
    0x00001dc6   0x00000016   Code   RO         6049    i.UARTx_TXSTA_IREN_Setable  fm33a0xx_uart.o
    0x00001ddc   0x0000000e   Code   RO         6051    i.UARTx_TXSTA_STOPSEL_Set  fm33a0xx_uart.o
    0x00001dea   0x00000016   Code   RO         6054    i.UARTx_TXSTA_TXEN_Setable  fm33a0xx_uart.o
    0x00001e00   0x0000000e   Code   RO         6056    i.UARTx_TXSTA_TXIS_Set  fm33a0xx_uart.o
    0x00001e0e   0x00000002   PAD
    0x00001e10   0x0000001c   Code   RO        11341    i.__0fprintf        mc_p.l(printfa.o)
    0x00001e2c   0x00000020   Code   RO        11342    i.__0printf         mc_p.l(printfa.o)
    0x00001e4c   0x0000002c   Code   RO        11343    i.__0snprintf       mc_p.l(printfa.o)
    0x00001e78   0x00000028   Code   RO        11344    i.__0sprintf        mc_p.l(printfa.o)
    0x00001ea0   0x00000014   Code   RO        11346    i.__0vprintf        mc_p.l(printfa.o)
    0x00001eb4   0x00000024   Code   RO        11347    i.__0vsnprintf      mc_p.l(printfa.o)
    0x00001ed8   0x0000002e   Code   RO        11430    i.__ARM_clz         mf_p.l(depilogue.o)
    0x00001f06   0x0000001a   Code   RO          969    i.__ARM_common_switch8  fm33a0xx_anac.o
    0x00001f20   0x00000002   Code   RO        10157    i.__aeabi_assert    armcc_libc.o
    0x00001f22   0x00000002   PAD
    0x00001f24   0x00000008   Code   RO        11370    i.__aeabi_errno_addr  mc_p.l(errno.o)
    0x00001f2c   0x00000064   Code   RO         8972    i.__item_find_cb    kvmgr.o
    0x00001f90   0x00000074   Code   RO         8973    i.__item_gc_cb      kvmgr.o
    0x00002004   0x00000088   Code   RO         8974    i.__item_print_cb   kvmgr.o
    0x0000208c   0x0000006a   Code   RO         8975    i.__item_recovery_cb  kvmgr.o
    0x000020f6   0x0000000e   Code   RO        11440    i.__scatterload_copy  mc_p.l(handlers.o)
    0x00002104   0x00000002   Code   RO        11441    i.__scatterload_null  mc_p.l(handlers.o)
    0x00002106   0x0000000e   Code   RO        11442    i.__scatterload_zeroinit  mc_p.l(handlers.o)
    0x00002114   0x000000a0   Code   RO         9754    i._event_write      device.o
    0x000021b4   0x0000000e   Code   RO         6473    i._flash_read_at    flash.o
    0x000021c2   0x00000002   PAD
    0x000021c4   0x00000074   Code   RO         6474    i._flash_unlock_erase  flash.o
    0x00002238   0x00000080   Code   RO         6475    i._flash_update     flash.o
    0x000022b8   0x0000003c   Code   RO         6476    i._flash_write_at   flash.o
    0x000022f4   0x00000158   Code   RO        11349    i._fp_digits        mc_p.l(printfa.o)
    0x0000244c   0x000006ec   Code   RO        11350    i._printf_core      mc_p.l(printfa.o)
    0x00002b38   0x00000020   Code   RO        11351    i._printf_post_padding  mc_p.l(printfa.o)
    0x00002b58   0x0000002c   Code   RO        11352    i._printf_pre_padding  mc_p.l(printfa.o)
    0x00002b84   0x00000098   Code   RO        10593    i._run_test_case    yunit.o
    0x00002c1c   0x00000016   Code   RO        11353    i._snputc           mc_p.l(printfa.o)
    0x00002c32   0x0000000a   Code   RO        11354    i._sputc            mc_p.l(printfa.o)
    0x00002c3c   0x00000008   Code   RO        10581    i.add_test          testcase_register.o
    0x00002c44   0x0000003e   Code   RO         9317    i.aos_cancel_delayed_action  yloop.o
    0x00002c82   0x00000054   Code   RO         9319    i.aos_cancel_poll_read_fd  yloop.o
    0x00002cd6   0x00000002   PAD
    0x00002cd8   0x000000b4   Code   RO        10346    i.aos_cli_init      cli.o
    0x00002d8c   0x00000060   Code   RO        10347    i.aos_cli_printf    cli.o
    0x00002dec   0x0000005c   Code   RO        10348    i.aos_cli_register_command  cli.o
    0x00002e48   0x00000030   Code   RO        10349    i.aos_cli_register_commands  cli.o
    0x00002e78   0x0000005c   Code   RO         9442    i.aos_close         vfs.o
    0x00002ed4   0x0000001c   Code   RO         9216    i.aos_event_service_deinit  local_event.o
    0x00002ef0   0x00000040   Code   RO         9217    i.aos_event_service_init  local_event.o
    0x00002f30   0x00000018   Code   RO         9686    i.aos_fcntl         select.o
    0x00002f48   0x0000000c   Code   RO         9853    i.aos_free          aos_rhino.o
    0x00002f54   0x00000004   Code   RO         9854    i.aos_get_hz        aos_rhino.o
    0x00002f58   0x00000008   Code   RO         9855    i.aos_init          aos_rhino.o
    0x00002f60   0x0000004e   Code   RO         9444    i.aos_ioctl         vfs.o
    0x00002fae   0x00000024   Code   RO        10127    i.aos_kernel_init   aos_init.o
    0x00002fd2   0x00000002   PAD
    0x00002fd4   0x0000004c   Code   RO         8977    i.aos_kv_del        kvmgr.o
    0x00003020   0x000000cc   Code   RO         8979    i.aos_kv_gc         kvmgr.o
    0x000030ec   0x0000007c   Code   RO         8980    i.aos_kv_get        kvmgr.o
    0x00003168   0x0000006c   Code   RO         8981    i.aos_kv_init       kvmgr.o
    0x000031d4   0x00000094   Code   RO         8982    i.aos_kv_set        kvmgr.o
    0x00003268   0x0000005c   Code   RO         9321    i.aos_loop_destroy  yloop.o
    0x000032c4   0x0000000c   Code   RO         9322    i.aos_loop_exit     yloop.o
    0x000032d0   0x0000008c   Code   RO         9324    i.aos_loop_init     yloop.o
    0x0000335c   0x0000011c   Code   RO         9325    i.aos_loop_run      yloop.o
    0x00003478   0x0000000c   Code   RO         9326    i.aos_loop_set_eventfd  yloop.o
    0x00003484   0x00000010   Code   RO         9856    i.aos_malloc        aos_rhino.o
    0x00003494   0x0000000e   Code   RO         9857    i.aos_msleep        aos_rhino.o
    0x000034a2   0x0000001a   Code   RO         9858    i.aos_mutex_free    aos_rhino.o
    0x000034bc   0x00000016   Code   RO         9859    i.aos_mutex_is_valid  aos_rhino.o
    0x000034d2   0x00000002   PAD
    0x000034d4   0x00000150   Code   RO         9860    i.aos_mutex_lock    aos_rhino.o
    0x00003624   0x00000144   Code   RO         9861    i.aos_mutex_new     aos_rhino.o
    0x00003768   0x0000012c   Code   RO         9862    i.aos_mutex_unlock  aos_rhino.o
    0x00003894   0x00000008   Code   RO         9864    i.aos_now_ms        aos_rhino.o
    0x0000389c   0x000000b0   Code   RO         9447    i.aos_open          vfs.o
    0x0000394c   0x0000008c   Code   RO         9688    i.aos_poll          select.o
    0x000039d8   0x000000e8   Code   RO         9327    i.aos_poll_read_fd  yloop.o
    0x00003ac0   0x00000064   Code   RO         9328    i.aos_post_delayed_action  yloop.o
    0x00003b24   0x00000024   Code   RO         9220    i.aos_post_event    local_event.o
    0x00003b48   0x0000001a   Code   RO         9866    i.aos_queue_free    aos_rhino.o
    0x00003b62   0x00000016   Code   RO         9867    i.aos_queue_is_valid  aos_rhino.o
    0x00003b78   0x00000158   Code   RO         9868    i.aos_queue_new     aos_rhino.o
    0x00003cd0   0x00000138   Code   RO         9869    i.aos_queue_recv    aos_rhino.o
    0x00003e08   0x00000124   Code   RO         9870    i.aos_queue_send    aos_rhino.o
    0x00003f2c   0x00000046   Code   RO         9449    i.aos_read          vfs.o
    0x00003f72   0x00000008   Code   RO         9871    i.aos_realloc       aos_rhino.o
    0x00003f7a   0x00000002   PAD
    0x00003f7c   0x00000064   Code   RO         9821    i.aos_register_driver  vfs_register.o
    0x00003fe0   0x0000003c   Code   RO         9221    i.aos_register_event_filter  local_event.o
    0x0000401c   0x0000001a   Code   RO         9873    i.aos_sem_free      aos_rhino.o
    0x00004036   0x00000016   Code   RO         9874    i.aos_sem_is_valid  aos_rhino.o
    0x0000404c   0x00000148   Code   RO         9875    i.aos_sem_new       aos_rhino.o
    0x00004194   0x0000000e   Code   RO         9876    i.aos_sem_signal    aos_rhino.o
    0x000041a2   0x0000000e   Code   RO         9877    i.aos_sem_signal_all  aos_rhino.o
    0x000041b0   0x00000144   Code   RO         9878    i.aos_sem_wait      aos_rhino.o
    0x000042f4   0x00000030   Code   RO        10286    i.aos_set_log_level  log.o
    0x00004324   0x00000008   Code   RO         9879    i.aos_start         aos_rhino.o
    0x0000432c   0x0000000a   Code   RO         9880    i.aos_task_exit     aos_rhino.o
    0x00004336   0x00000018   Code   RO         9881    i.aos_task_getspecific  aos_rhino.o
    0x0000434e   0x00000002   PAD
    0x00004350   0x00000030   Code   RO         9882    i.aos_task_key_create  aos_rhino.o
    0x00004380   0x00000018   Code   RO         9883    i.aos_task_key_delete  aos_rhino.o
    0x00004398   0x0000000a   Code   RO         9884    i.aos_task_name     aos_rhino.o
    0x000043a2   0x00000002   PAD
    0x000043a4   0x0000010c   Code   RO         9885    i.aos_task_new      aos_rhino.o
    0x000044b0   0x0000010c   Code   RO         9886    i.aos_task_new_ext  aos_rhino.o
    0x000045bc   0x000000fc   Code   RO         9887    i.aos_task_setspecific  aos_rhino.o
    0x000046b8   0x00000120   Code   RO         9888    i.aos_timer_change  aos_rhino.o
    0x000047d8   0x00000014   Code   RO         9889    i.aos_timer_free    aos_rhino.o
    0x000047ec   0x00000160   Code   RO         9890    i.aos_timer_new     aos_rhino.o
    0x0000494c   0x00000120   Code   RO         9892    i.aos_timer_start   aos_rhino.o
    0x00004a6c   0x00000120   Code   RO         9893    i.aos_timer_stop    aos_rhino.o
    0x00004b8c   0x00000018   Code   RO         9454    i.aos_uart_recv     vfs.o
    0x00004ba4   0x00000014   Code   RO         9455    i.aos_uart_send     vfs.o
    0x00004bb8   0x0000003c   Code   RO         9223    i.aos_unregister_event_filter  local_event.o
    0x00004bf4   0x00000024   Code   RO         9895    i.aos_zalloc        aos_rhino.o
    0x00004c18   0x00000050   Code   RO        10247    i.application_start  main.o
    0x00004c68   0x00000008   Code   RO        10270    i.board_init        board.o
    0x00004c70   0x00000090   Code   RO         7596    i.buf_queue_create  k_buf_queue.o
    0x00004d00   0x000000b8   Code   RO         7597    i.buf_queue_send    k_buf_queue.o
    0x00004db8   0x0000001a   Code   RO        10353    i.cli_getchar       cli.o
    0x00004dd2   0x00000002   PAD
    0x00004dd4   0x000000d8   Code   RO        10354    i.cli_main          cli.o
    0x00004eac   0x0000001e   Code   RO        10355    i.cli_putstr        cli.o
    0x00004eca   0x0000000e   Code   RO        10128    i.cli_service_init  aos_init.o
    0x00004ed8   0x000000f4   Code   RO         8864    i.cmd_proc          k_timer.o
    0x00004fcc   0x00000020   Code   RO         7226    i.configDelay       soc_init.o
    0x00004fec   0x00000064   Code   RO         8312    i.core_sched        k_sched.o
    0x00005050   0x00000098   Code   RO            1    i.cpu_task_stack_init  port_c.o
    0x000050e8   0x00000040   Code   RO        10287    i.csp_printf        log.o
    0x00005128   0x0000013c   Code   RO        10710    i.cut_main          cut.o
    0x00005264   0x00000088   Code   RO        10711    i.cut_result_report  cut.o
    0x000052ec   0x00000294   Code   RO        10750    i.cut_test_kv_aos_2_001_run  aos_test.o
    0x00005580   0x0000020c   Code   RO        10751    i.cut_test_kv_aos_2_002_run  aos_test.o
    0x0000578c   0x0000036c   Code   RO        10752    i.cut_test_kv_aos_2_003_run  aos_test.o
    0x00005af8   0x000000f8   Code   RO        10753    i.cut_test_mm_aos_1_001_run  aos_test.o
    0x00005bf0   0x00000184   Code   RO        10754    i.cut_test_mm_aos_1_002_run  aos_test.o
    0x00005d74   0x00000224   Code   RO        10755    i.cut_test_mm_aos_1_003_run  aos_test.o
    0x00005f98   0x000001a4   Code   RO        10756    i.cut_test_mm_aos_1_004_run  aos_test.o
    0x0000613c   0x00000114   Code   RO        10757    i.cut_test_mm_aos_1_005_run  aos_test.o
    0x00006250   0x00000138   Code   RO        10758    i.cut_test_task_aos_1_006_run  aos_test.o
    0x00006388   0x00000144   Code   RO        10759    i.cut_test_task_aos_1_007_run  aos_test.o
    0x000064cc   0x00000138   Code   RO        10760    i.cut_test_task_aos_1_008_run  aos_test.o
    0x00006604   0x00000138   Code   RO        10761    i.cut_test_task_aos_1_009_run  aos_test.o
    0x0000673c   0x00000138   Code   RO        10762    i.cut_test_task_aos_1_010_run  aos_test.o
    0x00006874   0x00000174   Code   RO        10763    i.cut_test_task_aos_1_011_run  aos_test.o
    0x000069e8   0x00000188   Code   RO        10764    i.cut_test_task_aos_1_012_run  aos_test.o
    0x00006b70   0x000002a4   Code   RO        10765    i.cut_test_task_comm_aos_1_013_run  aos_test.o
    0x00006e14   0x00000268   Code   RO        10766    i.cut_test_task_comm_aos_1_014_run  aos_test.o
    0x0000707c   0x00000250   Code   RO        10767    i.cut_test_task_comm_aos_1_015_run  aos_test.o
    0x000072cc   0x00000270   Code   RO        10768    i.cut_test_task_comm_aos_1_016_run  aos_test.o
    0x0000753c   0x0000040c   Code   RO        10769    i.cut_test_task_comm_aos_1_017_run  aos_test.o
    0x00007948   0x0000057c   Code   RO        10770    i.cut_test_task_comm_aos_1_018_run  aos_test.o
    0x00007ec4   0x0000019c   Code   RO        10771    i.cut_test_timer_aos_1_019_run  aos_test.o
    0x00008060   0x00000214   Code   RO        10772    i.cut_test_timer_aos_1_020_run  aos_test.o
    0x00008274   0x00000190   Code   RO        10773    i.cut_test_yloop_aos_2_004_run  aos_test.o
    0x00008404   0x000001ec   Code   RO        10774    i.cut_test_yloop_aos_2_005_run  aos_test.o
    0x000085f0   0x00000204   Code   RO        10775    i.cut_test_yloop_aos_2_006_run  aos_test.o
    0x000087f4   0x00000178   Code   RO        10776    i.cut_test_yloop_aos_2_007_run  aos_test.o
    0x0000896c   0x000001fc   Code   RO        10777    i.cut_test_yloop_aos_2_008_run  aos_test.o
    0x00008b68   0x000001f4   Code   RO        10778    i.cut_test_yloop_aos_2_009_run  aos_test.o
    0x00008d5c   0x00000008   Code   RO         9689    i.deinit_parg       select.o
    0x00008d64   0x00000010   Code   RO         9572    i.del_file          vfs_file.o
    0x00008d74   0x00000054   Code   RO        10779    i.delayed_action1   aos_test.o
    0x00008dc8   0x0000003c   Code   RO        10780    i.delayed_action2   aos_test.o
    0x00008e04   0x00000010   Code   RO        10781    i.delayed_action3   aos_test.o
    0x00008e14   0x0000002c   Code   RO        10356    i.devname_cmd       cli.o
    0x00008e40   0x0000000e   Code   RO         9329    i.dlist_empty       yloop.o
    0x00008e4e   0x0000000e   Code   RO         9755    i.dlist_empty       device.o
    0x00008e5c   0x0000034c   Code   RO        10782    i.dump_test_config  aos_test.o
    0x000091a8   0x0000007c   Code   RO         7711    i.dyn_mem_proc_task  k_dyn_mem_proc.o
    0x00009224   0x0000004c   Code   RO         7712    i.dyn_mem_proc_task_start  k_dyn_mem_proc.o
    0x00009270   0x000000c0   Code   RO        10357    i.echo_cmd          cli.o
    0x00009330   0x00000034   Code   RO        10783    i.ev_callback1      aos_test.o
    0x00009364   0x00000050   Code   RO         9756    i.event_close       device.o
    0x000093b4   0x0000002a   Code   RO         9757    i.event_ioctl       device.o
    0x000093de   0x0000002e   Code   RO         9758    i.event_open        device.o
    0x0000940c   0x00000046   Code   RO         9759    i.event_poll        device.o
    0x00009452   0x0000006c   Code   RO         9760    i.event_read        device.o
    0x000094be   0x00000016   Code   RO         9224    i.event_read_cb     local_event.o
    0x000094d4   0x0000000a   Code   RO         9761    i.event_write       device.o
    0x000094de   0x00000002   PAD
    0x000094e0   0x0000000c   Code   RO        10358    i.exit_cmd          cli.o
    0x000094ec   0x00000074   Code   RO        10712    i.filter            cut.o
    0x00009560   0x0000005a   Code   RO         7802    i.find_up_level     k_mm.o
    0x000095ba   0x00000002   PAD
    0x000095bc   0x0000002c   Code   RO         7228    i.fputc             soc_init.o
    0x000095e8   0x00000008   Code   RO        10163    i.free              armcc_libc.o
    0x000095f0   0x00000020   Code   RO         9330    i.get_context       yloop.o
    0x00009610   0x00000014   Code   RO         9573    i.get_fd            vfs_file.o
    0x00009624   0x00000028   Code   RO         9574    i.get_file          vfs_file.o
    0x0000964c   0x0000031c   Code   RO        10359    i.get_input         cli.o
    0x00009968   0x00000070   Code   RO         6479    i.hal_flash_erase   flash.o
    0x000099d8   0x00000010   Code   RO         6480    i.hal_flash_get_info  flash.o
    0x000099e8   0x0000003c   Code   RO         6481    i.hal_flash_read    flash.o
    0x00009a24   0x00000026   Code   RO         6482    i.hal_flash_write   flash.o
    0x00009a4a   0x00000008   Code   RO         7456    i.hal_init          aos.o
    0x00009a52   0x00000002   PAD
    0x00009a54   0x00000020   Code   RO         7457    i.hal_reboot        aos.o
    0x00009a74   0x00000258   Code   RO         7058    i.hal_uart_init     uart.o
    0x00009ccc   0x00000086   Code   RO         7060    i.hal_uart_recv_II  uart.o
    0x00009d52   0x00000076   Code   RO         7061    i.hal_uart_send     uart.o
    0x00009dc8   0x0000003c   Code   RO         9225    i.handle_events     local_event.o
    0x00009e04   0x000001e0   Code   RO        10360    i.handle_input      cli.o
    0x00009fe4   0x00000154   Code   RO         8983    i.handle_kv_cmd     kvmgr.o
    0x0000a138   0x00000048   Code   RO        10248    i.handle_yts_cmd    main.o
    0x0000a180   0x000000d4   Code   RO        10361    i.help_cmd          cli.o
    0x0000a254   0x00000020   Code   RO         7790    i.idle_task         k_idle.o
    0x0000a274   0x00000030   Code   RO         7803    i.init_mm_region    k_mm.o
    0x0000a2a4   0x0000000c   Code   RO         9690    i.init_parg         select.o
    0x0000a2b0   0x00000020   Code   RO         9604    i.inode_alloc       vfs_inode.o
    0x0000a2d0   0x00000014   Code   RO         9608    i.inode_init        vfs_inode.o
    0x0000a2e4   0x00000060   Code   RO         9609    i.inode_open        vfs_inode.o
    0x0000a344   0x0000001c   Code   RO         9610    i.inode_ptr_get     vfs_inode.o
    0x0000a360   0x00000008   Code   RO         9611    i.inode_ref         vfs_inode.o
    0x0000a368   0x0000004c   Code   RO         9613    i.inode_reserve     vfs_inode.o
    0x0000a3b4   0x00000034   Code   RO         9614    i.inode_set_name    vfs_inode.o
    0x0000a3e8   0x0000000c   Code   RO         9615    i.inode_unref       vfs_inode.o
    0x0000a3f4   0x00000024   Code   RO         9226    i.input_add_event   local_event.o
    0x0000a418   0x0000000e   Code   RO         7598    i.is_klist_empty    k_buf_queue.o
    0x0000a426   0x0000000e   Code   RO         7980    i.is_klist_empty    k_mutex.o
    0x0000a434   0x0000000e   Code   RO         8433    i.is_klist_empty    k_sem.o
    0x0000a442   0x00000002   PAD
    0x0000a444   0x00000018   Code   RO         8313    i.is_ready_list_empty  k_sched.o
    0x0000a45c   0x00000010   Code   RO         7766    i.k_err_proc        k_err.o
    0x0000a46c   0x000000e6   Code   RO         7804    i.k_mm_alloc        k_mm.o
    0x0000a552   0x000000a6   Code   RO         7805    i.k_mm_free         k_mm.o
    0x0000a5f8   0x0000004c   Code   RO         7806    i.k_mm_freelist_delete  k_mm.o
    0x0000a644   0x00000036   Code   RO         7807    i.k_mm_freelist_insert  k_mm.o
    0x0000a67a   0x00000002   PAD
    0x0000a67c   0x0000003c   Code   RO         7808    i.k_mm_init         k_mm.o
    0x0000a6b8   0x000001c2   Code   RO         7809    i.k_mm_realloc      k_mm.o
    0x0000a87a   0x0000001e   Code   RO         7810    i.k_mm_smallblk_alloc  k_mm.o
    0x0000a898   0x0000001c   Code   RO         7811    i.k_mm_smallblk_free  k_mm.o
    0x0000a8b4   0x0000000e   Code   RO         8091    i.klist_insert      k_pend.o
    0x0000a8c2   0x0000000e   Code   RO         8314    i.klist_insert      k_sched.o
    0x0000a8d0   0x0000000e   Code   RO         8605    i.klist_insert      k_task.o
    0x0000a8de   0x0000000c   Code   RO         8092    i.klist_rm          k_pend.o
    0x0000a8ea   0x0000000c   Code   RO         8606    i.klist_rm          k_task.o
    0x0000a8f6   0x00000002   PAD
    0x0000a8f8   0x0000002c   Code   RO         8508    i.kobj_list_init    k_stats.o
    0x0000a924   0x0000006a   Code   RO         7812    i.krhino_add_mm_region  k_mm.o
    0x0000a98e   0x00000012   Code   RO         7599    i.krhino_buf_queue_create  k_buf_queue.o
    0x0000a9a0   0x00000088   Code   RO         7600    i.krhino_buf_queue_del  k_buf_queue.o
    0x0000aa28   0x000000fc   Code   RO         7605    i.krhino_buf_queue_recv  k_buf_queue.o
    0x0000ab24   0x00000018   Code   RO         7606    i.krhino_buf_queue_send  k_buf_queue.o
    0x0000ab3c   0x00000018   Code   RO         8607    i.krhino_cur_task_get  k_task.o
    0x0000ab54   0x00000016   Code   RO         7607    i.krhino_fix_buf_queue_create  k_buf_queue.o
    0x0000ab6a   0x00000002   PAD
    0x0000ab6c   0x0000008c   Code   RO         8564    i.krhino_init       k_sys.o
    0x0000abf8   0x000000b4   Code   RO         7814    i.krhino_init_mm_head  k_mm.o
    0x0000acac   0x0000001c   Code   RO         8565    i.krhino_intrpt_enter  k_sys.o
    0x0000acc8   0x0000006c   Code   RO         8566    i.krhino_intrpt_exit  k_sys.o
    0x0000ad34   0x00000048   Code   RO         7913    i.krhino_mblk_alloc  k_mm_blk.o
    0x0000ad7c   0x00000038   Code   RO         7914    i.krhino_mblk_free  k_mm_blk.o
    0x0000adb4   0x0000009c   Code   RO         7915    i.krhino_mblk_pool_init  k_mm_blk.o
    0x0000ae50   0x0000003c   Code   RO         7815    i.krhino_mm_alloc   k_mm.o
    0x0000ae8c   0x00000014   Code   RO         7816    i.krhino_mm_free    k_mm.o
    0x0000aea0   0x00000014   Code   RO         7817    i.krhino_mm_realloc  k_mm.o
    0x0000aeb4   0x00000036   Code   RO         8828    i.krhino_ms_to_ticks  k_time.o
    0x0000aeea   0x0000000a   Code   RO         7981    i.krhino_mutex_create  k_mutex.o
    0x0000aef4   0x0000008c   Code   RO         7982    i.krhino_mutex_del  k_mutex.o
    0x0000af80   0x00000110   Code   RO         7985    i.krhino_mutex_lock  k_mutex.o
    0x0000b090   0x000000c0   Code   RO         7986    i.krhino_mutex_unlock  k_mutex.o
    0x0000b150   0x0000000a   Code   RO         8436    i.krhino_sem_create  k_sem.o
    0x0000b15a   0x00000002   PAD
    0x0000b15c   0x00000080   Code   RO         8437    i.krhino_sem_del    k_sem.o
    0x0000b1dc   0x00000012   Code   RO         8440    i.krhino_sem_give   k_sem.o
    0x0000b1ee   0x00000012   Code   RO         8441    i.krhino_sem_give_all  k_sem.o
    0x0000b200   0x000000b0   Code   RO         8442    i.krhino_sem_take   k_sem.o
    0x0000b2b0   0x00000034   Code   RO         8509    i.krhino_stack_ovf_check  k_stats.o
    0x0000b2e4   0x0000003c   Code   RO         8567    i.krhino_start      k_sys.o
    0x0000b320   0x0000001c   Code   RO         8829    i.krhino_sys_tick_get  k_time.o
    0x0000b33c   0x0000001a   Code   RO         8830    i.krhino_sys_time_get  k_time.o
    0x0000b356   0x00000036   Code   RO         8608    i.krhino_task_create  k_task.o
    0x0000b38c   0x0000001e   Code   RO         8609    i.krhino_task_deathbed  k_task.o
    0x0000b3aa   0x00000002   PAD
    0x0000b3ac   0x000000e0   Code   RO         8610    i.krhino_task_del   k_task.o
    0x0000b48c   0x0000002e   Code   RO         8611    i.krhino_task_dyn_create  k_task.o
    0x0000b4ba   0x00000002   PAD
    0x0000b4bc   0x00000138   Code   RO         8612    i.krhino_task_dyn_del  k_task.o
    0x0000b5f4   0x00000024   Code   RO         8613    i.krhino_task_info_get  k_task.o
    0x0000b618   0x0000002a   Code   RO         8614    i.krhino_task_info_set  k_task.o
    0x0000b642   0x00000002   PAD
    0x0000b644   0x00000088   Code   RO         8618    i.krhino_task_sleep  k_task.o
    0x0000b6cc   0x0000000c   Code   RO         8831    i.krhino_tick_proc  k_time.o
    0x0000b6d8   0x0000005c   Code   RO         8867    i.krhino_timer_change  k_timer.o
    0x0000b734   0x00000060   Code   RO         8870    i.krhino_timer_dyn_create  k_timer.o
    0x0000b794   0x00000024   Code   RO         8871    i.krhino_timer_dyn_del  k_timer.o
    0x0000b7b8   0x00000024   Code   RO         8872    i.krhino_timer_start  k_timer.o
    0x0000b7dc   0x00000024   Code   RO         8873    i.krhino_timer_stop  k_timer.o
    0x0000b800   0x00000074   Code   RO         8874    i.ktimer_init       k_timer.o
    0x0000b874   0x00000060   Code   RO         8984    i.kv_block_format   kvmgr.o
    0x0000b8d4   0x0000013c   Code   RO         8985    i.kv_init           kvmgr.o
    0x0000ba10   0x00000038   Code   RO         8986    i.kv_item_calc_pos  kvmgr.o
    0x0000ba48   0x000000f4   Code   RO         8987    i.kv_item_del       kvmgr.o
    0x0000bb3c   0x0000001a   Code   RO         8988    i.kv_item_free      kvmgr.o
    0x0000bb56   0x00000002   PAD
    0x0000bb58   0x00000034   Code   RO         8989    i.kv_item_get       kvmgr.o
    0x0000bb8c   0x000000d4   Code   RO         8990    i.kv_item_store     kvmgr.o
    0x0000bc60   0x00000128   Code   RO         8991    i.kv_item_traverse  kvmgr.o
    0x0000bd88   0x00000040   Code   RO         8992    i.kv_item_update    kvmgr.o
    0x0000bdc8   0x0000000e   Code   RO         8993    i.kv_state_set      kvmgr.o
    0x0000bdd6   0x00000002   PAD
    0x0000bdd8   0x00000020   Code   RO        10288    i.log_cli_init      log.o
    0x0000bdf8   0x000000a8   Code   RO        10289    i.log_cmd           log.o
    0x0000bea0   0x0000006c   Code   RO        10362    i.lookup_command    cli.o
    0x0000bf0c   0x0000000a   Code   RO         7458    i.main              aos.o
    0x0000bf16   0x00000008   Code   RO        10166    i.malloc            armcc_libc.o
    0x0000bf1e   0x00000002   PAD
    0x0000bf20   0x00000050   Code   RO         7987    i.mutex_create      k_mutex.o
    0x0000bf70   0x0000003e   Code   RO         7989    i.mutex_pri_look    k_mutex.o
    0x0000bfae   0x0000001c   Code   RO         7990    i.mutex_release     k_mutex.o
    0x0000bfca   0x00000022   Code   RO         7991    i.mutex_task_pri_reset  k_mutex.o
    0x0000bfec   0x00000030   Code   RO         9575    i.new_file          vfs_file.o
    0x0000c01c   0x00000024   Code   RO        10363    i.ota_cmd           cli.o
    0x0000c040   0x0000014c   Code   RO        10713    i.parse_arg         cut.o
    0x0000c18c   0x00000024   Code   RO         8093    i.pend_list_add     k_pend.o
    0x0000c1b0   0x0000001e   Code   RO         8094    i.pend_list_reorder  k_pend.o
    0x0000c1ce   0x0000003a   Code   RO         8095    i.pend_state_end_proc  k_pend.o
    0x0000c208   0x0000004c   Code   RO         8096    i.pend_task_rm      k_pend.o
    0x0000c254   0x0000004c   Code   RO         8097    i.pend_task_wakeup  k_pend.o
    0x0000c2a0   0x00000044   Code   RO         8098    i.pend_to_blk_obj   k_pend.o
    0x0000c2e4   0x00000064   Code   RO         6613    i.port_transform_GPIOx  gpio.o
    0x0000c348   0x0000004a   Code   RO         9691    i.post_poll         select.o
    0x0000c392   0x00000002   PAD
    0x0000c394   0x00000088   Code   RO         9692    i.pre_poll          select.o
    0x0000c41c   0x00000018   Code   RO         8317    i.preferred_cpu_ready_task_get  k_sched.o
    0x0000c434   0x0000002c   Code   RO        10364    i.print_bad_command  cli.o
    0x0000c460   0x00000084   Code   RO        10365    i.proc_onecmd       cli.o
    0x0000c4e4   0x0000000e   Code   RO         8994    i.raw_erase         kvmgr.o
    0x0000c4f2   0x00000010   Code   RO         8995    i.raw_read          kvmgr.o
    0x0000c502   0x00000010   Code   RO         8996    i.raw_write         kvmgr.o
    0x0000c512   0x00000002   PAD
    0x0000c514   0x00000024   Code   RO         8318    i.ready_list_add    k_sched.o
    0x0000c538   0x00000036   Code   RO         8319    i.ready_list_add_head  k_sched.o
    0x0000c56e   0x00000030   Code   RO         8320    i.ready_list_add_tail  k_sched.o
    0x0000c59e   0x0000003e   Code   RO         8322    i.ready_list_init   k_sched.o
    0x0000c5dc   0x00000096   Code   RO         8323    i.ready_list_rm     k_sched.o
    0x0000c672   0x00000002   PAD
    0x0000c674   0x0000001c   Code   RO        10366    i.reboot_cmd        cli.o
    0x0000c690   0x00000088   Code   RO         8260    i.ringbuf_headlen_compress  k_ringbuf.o
    0x0000c718   0x00000040   Code   RO         8261    i.ringbuf_headlen_decompress  k_ringbuf.o
    0x0000c758   0x00000016   Code   RO         8262    i.ringbuf_init      k_ringbuf.o
    0x0000c76e   0x00000014   Code   RO         8263    i.ringbuf_is_empty  k_ringbuf.o
    0x0000c782   0x00000024   Code   RO         8264    i.ringbuf_is_full   k_ringbuf.o
    0x0000c7a6   0x0000011c   Code   RO         8265    i.ringbuf_pop       k_ringbuf.o
    0x0000c8c2   0x0000010e   Code   RO         8266    i.ringbuf_push      k_ringbuf.o
    0x0000c9d0   0x00000010   Code   RO         8267    i.ringbuf_reset     k_ringbuf.o
    0x0000c9e0   0x0000001a   Code   RO         8324    i.runqueue_init     k_sched.o
    0x0000c9fa   0x00000002   PAD
    0x0000c9fc   0x00000050   Code   RO         8443    i.sem_create        k_sem.o
    0x0000ca4c   0x0000007e   Code   RO         8444    i.sem_give          k_sem.o
    0x0000caca   0x00000002   Code   RO         9693    i.setup_fd          select.o
    0x0000cacc   0x00000054   Code   RO         7819    i.size_to_level     k_mm.o
    0x0000cb20   0x00000048   Code   RO         7415    i.soc_err_proc      soc_impl.o
    0x0000cb68   0x00000004   Code   RO         7416    i.soc_get_cur_sp    soc_impl.o
    0x0000cb6c   0x0000002c   Code   RO         7230    i.soc_init          soc_init.o
    0x0000cb98   0x00000054   Code   RO         7417    i.soc_print_stack   soc_impl.o
    0x0000cbec   0x00000018   Code   RO         7459    i.sys_init          aos.o
    0x0000cc04   0x00000044   Code   RO         7460    i.sys_start         aos.o
    0x0000cc48   0x000000f8   Code   RO        10367    i.tab_complete      cli.o
    0x0000cd40   0x00000014   Code   RO        10784    i.task0             aos_test.o
    0x0000cd54   0x00000030   Code   RO        10785    i.task1             aos_test.o
    0x0000cd84   0x00000138   Code   RO        10786    i.task2             aos_test.o
    0x0000cebc   0x00000378   Code   RO        10787    i.task3             aos_test.o
    0x0000d234   0x00000068   Code   RO        10788    i.task4             aos_test.o
    0x0000d29c   0x00000068   Code   RO        10789    i.task5             aos_test.o
    0x0000d304   0x00000068   Code   RO        10790    i.task6             aos_test.o
    0x0000d36c   0x00000068   Code   RO        10791    i.task7             aos_test.o
    0x0000d3d4   0x00000054   Code   RO        10792    i.task8             aos_test.o
    0x0000d428   0x00000054   Code   RO        10793    i.task9             aos_test.o
    0x0000d47c   0x0000012c   Code   RO         8623    i.task_create       k_task.o
    0x0000d5a8   0x00000094   Code   RO         8624    i.task_dyn_create   k_task.o
    0x0000d63c   0x00000080   Code   RO        10794    i.task_loop1        aos_test.o
    0x0000d6bc   0x00000034   Code   RO         8625    i.task_mutex_free   k_task.o
    0x0000d6f0   0x000000b4   Code   RO         8626    i.task_pri_change   k_task.o
    0x0000d7a4   0x00000002   Code   RO         9694    i.teardown_fd       select.o
    0x0000d7a6   0x00000002   PAD
    0x0000d7a8   0x00000198   Code   RO        10795    i.test_certificate  aos_test.o
    0x0000d940   0x0000000a   Code   RO        10368    i.tftp_ota_thread   cli.o
    0x0000d94a   0x00000002   PAD
    0x0000d94c   0x0000000c   Code   RO         8798    i.tick_list_init    k_tick.o
    0x0000d958   0x0000006c   Code   RO         8799    i.tick_list_insert  k_tick.o
    0x0000d9c4   0x00000018   Code   RO         8800    i.tick_list_rm      k_tick.o
    0x0000d9dc   0x000000f0   Code   RO         8801    i.tick_list_update  k_tick.o
    0x0000dacc   0x0000006c   Code   RO         8875    i.timer_cb_proc     k_timer.o
    0x0000db38   0x0000002c   Code   RO         8876    i.timer_cmd_proc    k_timer.o
    0x0000db64   0x00000098   Code   RO         8877    i.timer_create      k_timer.o
    0x0000dbfc   0x00000034   Code   RO        10796    i.timer_handler     aos_test.o
    0x0000dc30   0x00000040   Code   RO         8878    i.timer_list_pri_insert  k_timer.o
    0x0000dc70   0x00000018   Code   RO         8879    i.timer_list_rm     k_timer.o
    0x0000dc88   0x000000ac   Code   RO         8880    i.timer_task        k_timer.o
    0x0000dd34   0x00000030   Code   RO         8997    i.trigger_gc        kvmgr.o
    0x0000dd64   0x00000024   Code   RO        10369    i.uptime_cmd        cli.o
    0x0000dd88   0x00000014   Code   RO        10714    i.usage             cut.o
    0x0000dd9c   0x00000036   Code   RO         8998    i.utils_crc8        kvmgr.o
    0x0000ddd2   0x00000002   PAD
    0x0000ddd4   0x00000014   Code   RO         7461    i.var_init          aos.o
    0x0000dde8   0x00000024   Code   RO        10370    i.version_cmd       cli.o
    0x0000de0c   0x00000038   Code   RO         9762    i.vfs_device_init   device.o
    0x0000de44   0x0000002c   Code   RO         9458    i.vfs_init          vfs.o
    0x0000de70   0x0000000a   Code   RO         9695    i.vfs_poll_notify   select.o
    0x0000de7a   0x00000016   Code   RO         9696    i.wait_io           select.o
    0x0000de90   0x00000110   Code   RO        10685    i.yts_run           yts_main.o
    0x0000dfa0   0x00000022   Code   RO        10598    i.yunit_get_test_case  yunit.o
    0x0000dfc2   0x00000002   PAD
    0x0000dfc4   0x00000028   Code   RO        10599    i.yunit_get_test_suite  yunit.o
    0x0000dfec   0x00000094   Code   RO        10600    i.yunit_run_test_case  yunit.o
    0x0000e080   0x0000001e   Code   RO        10601    i.yunit_run_test_case_list  yunit.o
    0x0000e09e   0x00000002   PAD
    0x0000e0a0   0x00000094   Code   RO        10602    i.yunit_run_test_suite  yunit.o
    0x0000e134   0x0000003c   Code   RO        10603    i.yunit_test_deinit  yunit.o
    0x0000e170   0x00000010   Code   RO        10604    i.yunit_test_init   yunit.o
    0x0000e180   0x00000094   Code   RO        10605    i.yunit_test_print_result  yunit.o
    0x0000e214   0x00000020   Code   RO        10606    i.yunit_test_run    yunit.o
    0x0000e234   0x00000044   Data   RO         6616    .constdata          gpio.o
    0x0000e278   0x00000006   Data   RO         7063    .constdata          uart.o
    0x0000e27e   0x00000002   PAD
    0x0000e280   0x00000018   Data   RO         9763    .constdata          device.o
    0x0000e298   0x00000018   Data   RO        10291    .constdata          log.o
    0x0000e2b0   0x00000060   Data   RO        10372    .constdata          cli.o
    0x0000e310   0x00000008   Data   RO        10716    .constdata          cut.o
    0x0000e318   0x00000033   Data   RO         9000    .conststring        kvmgr.o
    0x0000e34b   0x00000001   PAD
    0x0000e34c   0x00000020   Data   RO        10249    .conststring        main.o
    0x0000e36c   0x0000000b   Data   RO        10271    .conststring        board.o
    0x0000e377   0x00000001   PAD
    0x0000e378   0x00000042   Data   RO        10292    .conststring        log.o
    0x0000e3ba   0x00000002   PAD
    0x0000e3bc   0x0000007b   Data   RO        10373    .conststring        cli.o
    0x0000e437   0x00000001   PAD
    0x0000e438   0x000001ff   Data   RO        10717    .conststring        cut.o
    0x0000e637   0x00000001   PAD
    0x0000e638   0x00000014   Data   RO        10798    .conststring        aos_test.o
    0x0000e64c   0x0000000a   Data   RO        10799    .conststring        aos_test.o
    0x0000e656   0x00000002   PAD
    0x0000e658   0x0000000a   Data   RO        10800    .conststring        aos_test.o
    0x0000e662   0x00000002   PAD
    0x0000e664   0x0000000a   Data   RO        10801    .conststring        aos_test.o
    0x0000e66e   0x00000002   PAD
    0x0000e670   0x0000000a   Data   RO        10802    .conststring        aos_test.o
    0x0000e67a   0x00000002   PAD
    0x0000e67c   0x00000016   Data   RO        10803    .conststring        aos_test.o
    0x0000e692   0x00000002   PAD
    0x0000e694   0x0000000a   Data   RO        10804    .conststring        aos_test.o
    0x0000e69e   0x00000002   PAD
    0x0000e6a0   0x0000000a   Data   RO        10805    .conststring        aos_test.o
    0x0000e6aa   0x00000002   PAD
    0x0000e6ac   0x0000000a   Data   RO        10806    .conststring        aos_test.o
    0x0000e6b6   0x00000002   PAD
    0x0000e6b8   0x0000000a   Data   RO        10807    .conststring        aos_test.o
    0x0000e6c2   0x00000002   PAD
    0x0000e6c4   0x0000000a   Data   RO        10808    .conststring        aos_test.o
    0x0000e6ce   0x00000002   PAD
    0x0000e6d0   0x0000000a   Data   RO        10809    .conststring        aos_test.o
    0x0000e6da   0x00000002   PAD
    0x0000e6dc   0x0000001b   Data   RO        10810    .conststring        aos_test.o
    0x0000e6f7   0x00000001   PAD
    0x0000e6f8   0x0000000a   Data   RO        10811    .conststring        aos_test.o
    0x0000e702   0x00000002   PAD
    0x0000e704   0x0000000a   Data   RO        10812    .conststring        aos_test.o
    0x0000e70e   0x00000002   PAD
    0x0000e710   0x0000000a   Data   RO        10813    .conststring        aos_test.o
    0x0000e71a   0x00000002   PAD
    0x0000e71c   0x0000000a   Data   RO        10814    .conststring        aos_test.o
    0x0000e726   0x00000002   PAD
    0x0000e728   0x0000000a   Data   RO        10815    .conststring        aos_test.o
    0x0000e732   0x00000002   PAD
    0x0000e734   0x00000017   Data   RO        10816    .conststring        aos_test.o
    0x0000e74b   0x00000001   PAD
    0x0000e74c   0x0000000a   Data   RO        10817    .conststring        aos_test.o
    0x0000e756   0x00000002   PAD
    0x0000e758   0x00000014   Data   RO        10818    .conststring        aos_test.o
    0x0000e76c   0x0000000a   Data   RO        10819    .conststring        aos_test.o
    0x0000e776   0x00000002   PAD
    0x0000e778   0x0000000a   Data   RO        10820    .conststring        aos_test.o
    0x0000e782   0x00000002   PAD
    0x0000e784   0x00000017   Data   RO        10821    .conststring        aos_test.o
    0x0000e79b   0x00000001   PAD
    0x0000e79c   0x0000000a   Data   RO        10822    .conststring        aos_test.o
    0x0000e7a6   0x00000002   PAD
    0x0000e7a8   0x0000000a   Data   RO        10823    .conststring        aos_test.o
    0x0000e7b2   0x00000002   PAD
    0x0000e7b4   0x0000000a   Data   RO        10824    .conststring        aos_test.o
    0x0000e7be   0x00000002   PAD
    0x0000e7c0   0x0000000a   Data   RO        10825    .conststring        aos_test.o
    0x0000e7ca   0x00000002   PAD
    0x0000e7cc   0x0000000a   Data   RO        10826    .conststring        aos_test.o
    0x0000e7d6   0x00000002   PAD
    0x0000e7d8   0x00000020   Data   RO        11438    Region$$Table       anon$$obj.o


    Execution Region RW_IRAM1 (Base: 0x20000000, Size: 0x00007c60, Max: 0x00008000, ABSOLUTE, COMPRESSED[0x000001ac])

    Base Addr    Size         Type   Attr      Idx    E Section Name        Object

    0x20000000   0x00000004   Data   RW         6430    .data               system_fm33a0xx.o
    0x20000004   0x0000000c   Data   RW         6617    .data               gpio.o
    0x20000010   0x00000018   Data   RW         7064    .data               uart.o
    0x20000028   0x00000008   Data   RW         7419    .data               soc_impl.o
    0x20000030   0x00000004   Data   RW         7420    .data               soc_impl.o
    0x20000034   0x00000004   Data   RW         7421    .data               soc_impl.o
    0x20000038   0x00000004   Data   RW         7463    .data               aos.o
    0x2000003c   0x00000002   Data   RW         8067    .data               k_obj.o
    0x2000003e   0x00000001   Data   RW         8068    .data               k_obj.o
    0x2000003f   0x00000001   Data   RW         8069    .data               k_obj.o
    0x20000040   0x00000001   Data   RW         8070    .data               k_obj.o
    0x20000041   0x00000003   PAD
    0x20000044   0x00000004   Data   RW         8071    .data               k_obj.o
    0x20000048   0x00000004   Data   RW         8072    .data               k_obj.o
    0x2000004c   0x00000004   PAD
    0x20000050   0x00000008   Data   RW         8073    .data               k_obj.o
    0x20000058   0x00000008   Data   RW         8074    .data               k_obj.o
    0x20000060   0x00000008   Data   RW         8075    .data               k_obj.o
    0x20000068   0x00000008   Data   RW         8076    .data               k_obj.o
    0x20000070   0x00000008   Data   RW         8077    .data               k_obj.o
    0x20000078   0x00000008   Data   RW         8078    .data               k_obj.o
    0x20000080   0x00000004   Data   RW         8079    .data               k_obj.o
    0x20000084   0x0000000c   Data   RW         9001    .data               kvmgr.o
    0x20000090   0x00000010   Data   RW         9228    .data               local_event.o
    0x200000a0   0x00000008   Data   RW         9331    .data               yloop.o
    0x200000a8   0x00000008   Data   RW         9459    .data               vfs.o
    0x200000b0   0x00000004   Data   RW         9764    .data               device.o
    0x200000b4   0x00000004   Data   RW         9896    .data               aos_rhino.o
    0x200000b8   0x0000000c   Data   RW        10250    .data               main.o
    0x200000c4   0x000000dc   Data   RW        10272    .data               board.o
    0x200001a0   0x00000014   Data   RW        10293    .data               log.o
    0x200001b4   0x0000000c   Data   RW        10374    .data               cli.o
    0x200001c0   0x00000008   Data   RW        10686    .data               yts_main.o
    0x200001c8   0x000000b0   Data   RW        10827    .data               aos_test.o
    0x20000278   0x00000020   Data   RW        10828    .data               aos_test.o
    0x20000298   0x00000020   Data   RW        10829    .data               aos_test.o
    0x200002b8   0x00000020   Data   RW        10830    .data               aos_test.o
    0x200002d8   0x00000020   Data   RW        10831    .data               aos_test.o
    0x200002f8   0x00000020   Data   RW        10832    .data               aos_test.o
    0x20000318   0x00000020   Data   RW        10833    .data               aos_test.o
    0x20000338   0x00000020   Data   RW        10834    .data               aos_test.o
    0x20000358   0x00000020   Data   RW        10835    .data               aos_test.o
    0x20000378   0x00000020   Data   RW        10836    .data               aos_test.o
    0x20000398   0x00000020   Data   RW        10837    .data               aos_test.o
    0x200003b8   0x00000020   Data   RW        10838    .data               aos_test.o
    0x200003d8   0x00000020   Data   RW        10839    .data               aos_test.o
    0x200003f8   0x00000020   Data   RW        10840    .data               aos_test.o
    0x20000418   0x00000020   Data   RW        10841    .data               aos_test.o
    0x20000438   0x00000020   Data   RW        10842    .data               aos_test.o
    0x20000458   0x00000020   Data   RW        10843    .data               aos_test.o
    0x20000478   0x00000020   Data   RW        10844    .data               aos_test.o
    0x20000498   0x00000020   Data   RW        10845    .data               aos_test.o
    0x200004b8   0x00000020   Data   RW        10846    .data               aos_test.o
    0x200004d8   0x00000020   Data   RW        10847    .data               aos_test.o
    0x200004f8   0x00000020   Data   RW        10848    .data               aos_test.o
    0x20000518   0x00000020   Data   RW        10849    .data               aos_test.o
    0x20000538   0x00000020   Data   RW        10850    .data               aos_test.o
    0x20000558   0x00000020   Data   RW        10851    .data               aos_test.o
    0x20000578   0x00000020   Data   RW        10852    .data               aos_test.o
    0x20000598   0x00000020   Data   RW        10853    .data               aos_test.o
    0x200005b8   0x00000020   Data   RW        10854    .data               aos_test.o
    0x200005d8   0x00000020   Data   RW        10855    .data               aos_test.o
    0x200005f8   0x00000020   Data   RW        10856    .data               aos_test.o
    0x20000618   0x00000004   Data   RW        11063    .data               mc_p.l(stdout.o)
    0x2000061c   0x00000004   Data   RW        11064    .data               mc_p.l(stderr.o)
    0x20000620   0x00000004   Data   RW        11373    .data               mc_p.l(errno.o)
    0x20000624   0x00000200   Zero   RW         6483    .bss                flash.o
    0x20000824   0x00000090   Zero   RW         7062    .bss                uart.o
    0x200008b4   0x00000014   Zero   RW         7231    .bss                soc_init.o
    0x200008c8   0x00005800   Zero   RW         7418    .bss                soc_impl.o
    0x200060c8   0x0000000c   Zero   RW         7462    .bss                aos.o
    0x200060d4   0x00000104   Zero   RW         8056    .bss                k_obj.o
    0x200061d8   0x00000060   Zero   RW         8057    .bss                k_obj.o
    0x20006238   0x00000190   Zero   RW         8058    .bss                k_obj.o
    0x200063c8   0x00000030   Zero   RW         8059    .bss                k_obj.o
    0x200063f8   0x00000060   Zero   RW         8060    .bss                k_obj.o
    0x20006458   0x000004b0   Zero   RW         8061    .bss                k_obj.o
    0x20006908   0x0000004c   Zero   RW         8062    .bss                k_obj.o
    0x20006954   0x00000004   PAD
    0x20006958   0x000001e0   Zero   RW         8063    .bss                k_obj.o
    0x20006b38   0x00000024   Zero   RW         8064    .bss                k_obj.o
    0x20006b5c   0x00000004   PAD
    0x20006b60   0x00000060   Zero   RW         8065    .bss                k_obj.o
    0x20006bc0   0x00000400   Zero   RW         8066    .bss                k_obj.o
    0x20006fc0   0x00000018   Zero   RW         8999    .bss                kvmgr.o
    0x20006fd8   0x00000258   Zero   RW         9576    .bss                vfs_file.o
    0x20007230   0x00000258   Zero   RW         9616    .bss                vfs_inode.o
    0x20007488   0x000001c0   Zero   RW        10371    .bss                cli.o
    0x20007648   0x0000007c   Zero   RW        10607    .bss                yunit.o
    0x200076c4   0x00000118   Zero   RW        10715    .bss                cut.o
    0x200077dc   0x00000080   Zero   RW        10797    .bss                aos_test.o
    0x2000785c   0x00000004   PAD
    0x20007860   0x00000400   Zero   RW         6458    STACK               startup_fm33a0xx.o


==============================================================================

Image component sizes


      Code (inc. data)   RO Data    RW Data    ZI Data      Debug   Object Name

       162         42          0          4         12      19809   aos.o
        50          0          0          0          0       1621   aos_init.o
      4986        270          0          4          0      29251   aos_rhino.o
     18456       6508        365       1104        128      52634   aos_test.o
        18          0          0          0          0       1705   armcc_libc.o
         0          0          0          0          0       4388   basic_test.o
         8          0         11        220          0       1194   board.o
      3102        700        219         12        448      17218   cli.o
       920        294        519          0        280       9233   cut.o
       586         20         24          4          0      13798   device.o
       544         34          0          0        512       9171   flash.o
         0          0          0          0          0      10860   fm33a0xx_aes.o
        90         12          0          0          0       1294   fm33a0xx_anac.o
       340         72          0          0          0       7750   fm33a0xx_flash.o
       604         16          0          0          0      11256   fm33a0xx_gpio.o
        68         18          0          0          0       1766   fm33a0xx_iwdt.o
      1008        138          0          0          0      30411   fm33a0xx_rcc.o
       210          0          0          0          0       4994   fm33a0xx_scu.o
       554         32          0          0          0      17212   fm33a0xx_uart.o
       180         24         68         12          0      11978   gpio.o
       794         32          0          0          0      13755   k_buf_queue.o
       200         44          0          0          0       9657   k_dyn_mem_proc.o
        16          4          0          0          0        509   k_err.o
        32          6          0          0          0        632   k_idle.o
      1702         72          0          0          0      15263   k_mm.o
       284          6          0          0          0       4923   k_mm_blk.o
       832         48          0          0          0       8018   k_mutex.o
         0          0          0         65       3812       1831   k_obj.o
       370         16          0          0          0       8454   k_pend.o
       848         10          0          0          0       6793   k_ringbuf.o
       538         36          0          0          0      12061   k_sched.o
       570         22          0          0          0       6771   k_sem.o
        96         16          0          0          0       2646   k_stats.o
       336         94          0          0          0       2684   k_sys.o
      1610        128          0          0          0      21664   k_task.o
       384         26          0          0          0       3830   k_tick.o
       120          4          0          0          0       2312   k_time.o
      1220        120          0          0          0      11102   k_timer.o
      2982        256         51         12         24      25313   kvmgr.o
       366         46          0         16          0      15764   local_event.o
       312        104         90         20          0       4902   log.o
       152         96         32         12          0       1472   main.o
       152         48          0          0          0      20155   port_c.o
       172         24          0          0          0        452   port_s.o
         0          0          0          0          0        392   rtc.o
       430          6          0          0          0       8201   select.o
       160         78          0         16      22528       4585   soc_impl.o
      1294         74          0          0         20      20055   soc_init.o
        28          8        192          0       1024        724   startup_fm33a0xx.o
        16          8          0          4          0        831   system_fm33a0xx.o
         8          0          0          0          0        567   testcase_register.o
      1676        108          6         24        144      13694   uart.o
       504         28          0          8          0       8668   vfs.o
       124         12          0          0        600       3146   vfs_file.o
       324         18          0          0        600       7978   vfs_inode.o
       100          4          0          0          0        894   vfs_register.o
      1064        118          0          8          0      16013   yloop.o
       272        100          0          8          0       1902   yts_main.o
       808        322          0          0        124       8636   yunit.o

    ----------------------------------------------------------------------
     52852      10322       1668       1560      30268     554792   Object Totals
         0          0         32          0          0          0   (incl. Generated)
        70          0         59          7         12          0   (incl. Padding)

    ----------------------------------------------------------------------

      Code (inc. data)   RO Data    RW Data    ZI Data      Debug   Library Member Name

        86          0          0          0          0          0   __dczerorl2.o
         0          0          0          0          0          0   entry.o
         0          0          0          0          0          0   entry10a.o
         0          0          0          0          0          0   entry11a.o
         8          4          0          0          0          0   entry2.o
         4          0          0          0          0          0   entry5.o
         0          0          0          0          0          0   entry7b.o
         0          0          0          0          0          0   entry8b.o
         8          4          0          0          0          0   entry9a.o
         8          4          0          4          0         60   errno.o
        30          0          0          0          0          0   handlers.o
        40          0          0          0          0         72   idiv.o
        36          8          0          0          0         68   init.o
         0          0          0          0          0          0   iusefp.o
       122          0          0          0          0         84   llmul.o
        32          0          0          0          0         68   llshl.o
        38          0          0          0          0         68   llsshr.o
        34          0          0          0          0         68   llushr.o
        26          0          0          0          0         72   memcmp.o
        66          0          0          0          0         68   memmove.o
        36          0          0          0          0        100   memseta.o
      2424        124          0          0          0        924   printfa.o
         0          0          0          4          0          0   stderr.o
         0          0          0          4          0          0   stdout.o
        20          0          0          0          0         60   strchr.o
        28          0          0          0          0         68   strcmp.o
        18          0          0          0          0         60   strcpy.o
        14          0          0          0          0         60   strlen.o
        30          0          0          0          0         72   strncmp.o
        26          0          0          0          0         68   strncpy.o
        32          0          0          0          0         60   strrchr.o
        40          0          0          0          0         72   strstr.o
        44          0          0          0          0         72   uidiv.o
        96          0          0          0          0         84   uldiv.o
        40          2          0          0          0         68   cdrcmple.o
       356          4          0          0          0        140   dadd.o
       240          6          0          0          0         84   ddiv.o
       236          0          0          0          0        216   depilogue.o
        60         10          0          0          0         68   dfixui.o
        64         10          0          0          0         68   dfixul.o
       208          6          0          0          0         88   dmul.o
        40          0          0          0          0         60   f2d.o
       124          0          0          0          0         72   fdiv.o
       130          0          0          0          0        144   fepilogue.o
        14          0          0          0          0         68   ffltui.o

    ----------------------------------------------------------------------
      4864        182          0         12          0       3404   Library Totals
         6          0          0          0          0          0   (incl. Padding)

    ----------------------------------------------------------------------

      Code (inc. data)   RO Data    RW Data    ZI Data      Debug   Library Name

      3346        144          0         12          0       2328   mc_p.l
      1512         38          0          0          0       1076   mf_p.l

    ----------------------------------------------------------------------
      4864        182          0         12          0       3404   Library Totals

    ----------------------------------------------------------------------

==============================================================================


      Code (inc. data)   RO Data    RW Data    ZI Data      Debug   

     57716      10504       1668       1572      30268     536280   Grand Totals
     57716      10504       1668        428      30268     536280   ELF Image Totals (compressed)
     57716      10504       1668        428          0          0   ROM Totals

==============================================================================

    Total RO  Size (Code + RO Data)                59384 (  57.99kB)
    Total RW  Size (RW Data + ZI Data)             31840 (  31.09kB)
    Total ROM Size (Code + RO Data + RW Data)      59812 (  58.41kB)

==============================================================================

