<!doctype html public "-//w3c//dtd html 4.0 transitional//en">
<html><head>
<title>Static Call Graph - [.\Objects\helloword.axf]</title></head>
<body><HR>
<H1>Static Call Graph for image .\Objects\helloword.axf</H1><HR>
<BR><P>#&#060CALLGRAPH&#062# ARM Linker, 5060061: Last Updated: Fri Aug 10 14:59:03 2018
<BR><P>
<H3>Maximum Stack Usage =        600 bytes + Unknown(Functions without stacksize, Cycles, Untraceable Function Pointers)</H3><H3>
Call chain for Maximum Stack Depth:</H3>
cut_test_kv_aos_2_003_run &rArr; aos_kv_set &rArr; kv_item_update &rArr; kv_item_store &rArr; kv_item_calc_pos &rArr; trigger_gc &rArr; aos_task_new &rArr; krhino_task_dyn_create &rArr; task_dyn_create &rArr; task_create &rArr; ready_list_add_tail &rArr; ready_list_init
<P>
<H3>
Functions with no stack information
</H3><UL>
 <LI><a href="#[1a1]">cpu_intrpt_save</a>
 <LI><a href="#[1a2]">cpu_intrpt_restore</a>
 <LI><a href="#[1b3]">cpu_task_switch</a>
 <LI><a href="#[1f5]">cpu_intrpt_switch</a>
 <LI><a href="#[1fd]">cpu_first_task_start</a>
 <LI><a href="#[26]">PendSV_Handler</a>
</UL>
</UL>
<P>
<H3>
Mutually Recursive functions
</H3> <LI><a href="#[23]">NMI_Handler</a>&nbsp;&nbsp;&nbsp;&rArr;&nbsp;&nbsp;&nbsp;<a href="#[23]">NMI_Handler</a><BR>
 <LI><a href="#[24]">HardFault_Handler</a>&nbsp;&nbsp;&nbsp;&rArr;&nbsp;&nbsp;&nbsp;<a href="#[24]">HardFault_Handler</a><BR>
 <LI><a href="#[25]">SVC_Handler</a>&nbsp;&nbsp;&nbsp;&rArr;&nbsp;&nbsp;&nbsp;<a href="#[25]">SVC_Handler</a><BR>
 <LI><a href="#[2d]">ADC_IRQHandler</a>&nbsp;&nbsp;&nbsp;&rArr;&nbsp;&nbsp;&nbsp;<a href="#[2d]">ADC_IRQHandler</a><BR>
 <LI><a href="#[103]">__aeabi_assert</a>&nbsp;&nbsp;&nbsp;&rArr;&nbsp;&nbsp;&nbsp;<a href="#[103]">__aeabi_assert</a><BR>
</UL>
<P>
<H3>
Function Pointers
</H3><UL>
 <LI><a href="#[2d]">ADC_IRQHandler</a> from startup_fm33a0xx.o(.text) referenced from startup_fm33a0xx.o(RESET)
 <LI><a href="#[3b]">AES_IRQHandler</a> from startup_fm33a0xx.o(.text) referenced from startup_fm33a0xx.o(RESET)
 <LI><a href="#[40]">BTIM1_IRQHandler</a> from startup_fm33a0xx.o(.text) referenced from startup_fm33a0xx.o(RESET)
 <LI><a href="#[41]">BTIM2_IRQHandler</a> from startup_fm33a0xx.o(.text) referenced from startup_fm33a0xx.o(RESET)
 <LI><a href="#[3f]">COMP_IRQHandler</a> from startup_fm33a0xx.o(.text) referenced from startup_fm33a0xx.o(RESET)
 <LI><a href="#[3d]">DMA_IRQHandler</a> from startup_fm33a0xx.o(.text) referenced from startup_fm33a0xx.o(RESET)
 <LI><a href="#[42]">ETIM1_IRQHandler</a> from startup_fm33a0xx.o(.text) referenced from startup_fm33a0xx.o(RESET)
 <LI><a href="#[43]">ETIM2_IRQHandler</a> from startup_fm33a0xx.o(.text) referenced from startup_fm33a0xx.o(RESET)
 <LI><a href="#[44]">ETIM3_IRQHandler</a> from startup_fm33a0xx.o(.text) referenced from startup_fm33a0xx.o(RESET)
 <LI><a href="#[45]">ETIM4_IRQHandler</a> from startup_fm33a0xx.o(.text) referenced from startup_fm33a0xx.o(RESET)
 <LI><a href="#[2c]">FDET_IRQHandler</a> from startup_fm33a0xx.o(.text) referenced from startup_fm33a0xx.o(RESET)
 <LI><a href="#[46]">GPIO_IRQHandler</a> from gpio.o(i.GPIO_IRQHandler) referenced from startup_fm33a0xx.o(RESET)
 <LI><a href="#[2e]">HSPI_IRQHandler</a> from startup_fm33a0xx.o(.text) referenced from startup_fm33a0xx.o(RESET)
 <LI><a href="#[24]">HardFault_Handler</a> from startup_fm33a0xx.o(.text) referenced from startup_fm33a0xx.o(RESET)
 <LI><a href="#[39]">I2C_IRQHandler</a> from startup_fm33a0xx.o(.text) referenced from startup_fm33a0xx.o(RESET)
 <LI><a href="#[3a]">LCD_IRQHandler</a> from startup_fm33a0xx.o(.text) referenced from startup_fm33a0xx.o(RESET)
 <LI><a href="#[3c]">LPTIM_IRQHandler</a> from startup_fm33a0xx.o(.text) referenced from startup_fm33a0xx.o(RESET)
 <LI><a href="#[23]">NMI_Handler</a> from startup_fm33a0xx.o(.text) referenced from startup_fm33a0xx.o(RESET)
 <LI><a href="#[2b]">NVMIF_IRQHandler</a> from startup_fm33a0xx.o(.text) referenced from startup_fm33a0xx.o(RESET)
 <LI><a href="#[26]">PendSV_Handler</a> from port_s.o(.text) referenced from startup_fm33a0xx.o(RESET)
 <LI><a href="#[2a]">RTC_IRQHandler</a> from startup_fm33a0xx.o(.text) referenced from startup_fm33a0xx.o(RESET)
 <LI><a href="#[22]">Reset_Handler</a> from startup_fm33a0xx.o(.text) referenced from startup_fm33a0xx.o(RESET)
 <LI><a href="#[2f]">SPI1_IRQHandler</a> from startup_fm33a0xx.o(.text) referenced from startup_fm33a0xx.o(RESET)
 <LI><a href="#[30]">SPI2_IRQHandler</a> from startup_fm33a0xx.o(.text) referenced from startup_fm33a0xx.o(RESET)
 <LI><a href="#[25]">SVC_Handler</a> from startup_fm33a0xx.o(.text) referenced from startup_fm33a0xx.o(RESET)
 <LI><a href="#[29]">SVD_IRQHandler</a> from startup_fm33a0xx.o(.text) referenced from startup_fm33a0xx.o(RESET)
 <LI><a href="#[27]">SysTick_Handler</a> from soc_init.o(i.SysTick_Handler) referenced from startup_fm33a0xx.o(RESET)
 <LI><a href="#[48]">SystemInit</a> from system_fm33a0xx.o(i.SystemInit) referenced from startup_fm33a0xx.o(.text)
 <LI><a href="#[3e]">TRNG_IRQHandler</a> from startup_fm33a0xx.o(.text) referenced from startup_fm33a0xx.o(RESET)
 <LI><a href="#[37]">U78160_IRQHandler</a> from startup_fm33a0xx.o(.text) referenced from startup_fm33a0xx.o(RESET)
 <LI><a href="#[38]">U78161_IRQHandler</a> from startup_fm33a0xx.o(.text) referenced from startup_fm33a0xx.o(RESET)
 <LI><a href="#[31]">UART0_IRQHandler</a> from uart.o(i.UART0_IRQHandler) referenced from startup_fm33a0xx.o(RESET)
 <LI><a href="#[32]">UART1_IRQHandler</a> from uart.o(i.UART1_IRQHandler) referenced from startup_fm33a0xx.o(RESET)
 <LI><a href="#[33]">UART2_IRQHandler</a> from uart.o(i.UART2_IRQHandler) referenced from startup_fm33a0xx.o(RESET)
 <LI><a href="#[34]">UART3_IRQHandler</a> from uart.o(i.UART3_IRQHandler) referenced from startup_fm33a0xx.o(RESET)
 <LI><a href="#[35]">UART4_IRQHandler</a> from uart.o(i.UART4_IRQHandler) referenced from startup_fm33a0xx.o(RESET)
 <LI><a href="#[36]">UART5_IRQHandler</a> from uart.o(i.UART5_IRQHandler) referenced from startup_fm33a0xx.o(RESET)
 <LI><a href="#[28]">WWDT_IRQHandler</a> from startup_fm33a0xx.o(.text) referenced from startup_fm33a0xx.o(RESET)
 <LI><a href="#[66]">__item_find_cb</a> from kvmgr.o(i.__item_find_cb) referenced from kvmgr.o(i.kv_item_get)
 <LI><a href="#[4f]">__item_gc_cb</a> from kvmgr.o(i.__item_gc_cb) referenced from kvmgr.o(i.aos_kv_gc)
 <LI><a href="#[62]">__item_print_cb</a> from kvmgr.o(i.__item_print_cb) referenced from kvmgr.o(i.handle_kv_cmd)
 <LI><a href="#[65]">__item_recovery_cb</a> from kvmgr.o(i.__item_recovery_cb) referenced from kvmgr.o(i.kv_init)
 <LI><a href="#[49]">__main</a> from entry.o(.ARM.Collect$$$$00000000) referenced from startup_fm33a0xx.o(.text)
 <LI><a href="#[4b]">_snputc</a> from printfa.o(i._snputc) referenced from printfa.o(i.__0snprintf)
 <LI><a href="#[4b]">_snputc</a> from printfa.o(i._snputc) referenced from printfa.o(i.__0vsnprintf)
 <LI><a href="#[4c]">_sputc</a> from printfa.o(i._sputc) referenced from printfa.o(i.__0sprintf)
 <LI><a href="#[6a]">aos_kv_gc</a> from kvmgr.o(i.aos_kv_gc) referenced from kvmgr.o(i.trigger_gc)
 <LI><a href="#[4d]">cli_main</a> from cli.o(i.cli_main) referenced from cli.o(i.aos_cli_init)
 <LI><a href="#[19]">cut_test_kv_aos_2_001_run</a> from aos_test.o(i.cut_test_kv_aos_2_001_run) referenced 2 times from aos_test.o(.data)
 <LI><a href="#[1a]">cut_test_kv_aos_2_002_run</a> from aos_test.o(i.cut_test_kv_aos_2_002_run) referenced 2 times from aos_test.o(.data)
 <LI><a href="#[1b]">cut_test_kv_aos_2_003_run</a> from aos_test.o(i.cut_test_kv_aos_2_003_run) referenced 2 times from aos_test.o(.data)
 <LI><a href="#[5]">cut_test_mm_aos_1_001_run</a> from aos_test.o(i.cut_test_mm_aos_1_001_run) referenced 2 times from aos_test.o(.data)
 <LI><a href="#[6]">cut_test_mm_aos_1_002_run</a> from aos_test.o(i.cut_test_mm_aos_1_002_run) referenced 2 times from aos_test.o(.data)
 <LI><a href="#[7]">cut_test_mm_aos_1_003_run</a> from aos_test.o(i.cut_test_mm_aos_1_003_run) referenced 2 times from aos_test.o(.data)
 <LI><a href="#[8]">cut_test_mm_aos_1_004_run</a> from aos_test.o(i.cut_test_mm_aos_1_004_run) referenced 2 times from aos_test.o(.data)
 <LI><a href="#[9]">cut_test_mm_aos_1_005_run</a> from aos_test.o(i.cut_test_mm_aos_1_005_run) referenced 2 times from aos_test.o(.data)
 <LI><a href="#[a]">cut_test_task_aos_1_006_run</a> from aos_test.o(i.cut_test_task_aos_1_006_run) referenced 2 times from aos_test.o(.data)
 <LI><a href="#[b]">cut_test_task_aos_1_007_run</a> from aos_test.o(i.cut_test_task_aos_1_007_run) referenced 2 times from aos_test.o(.data)
 <LI><a href="#[c]">cut_test_task_aos_1_008_run</a> from aos_test.o(i.cut_test_task_aos_1_008_run) referenced 2 times from aos_test.o(.data)
 <LI><a href="#[d]">cut_test_task_aos_1_009_run</a> from aos_test.o(i.cut_test_task_aos_1_009_run) referenced 2 times from aos_test.o(.data)
 <LI><a href="#[e]">cut_test_task_aos_1_010_run</a> from aos_test.o(i.cut_test_task_aos_1_010_run) referenced 2 times from aos_test.o(.data)
 <LI><a href="#[f]">cut_test_task_aos_1_011_run</a> from aos_test.o(i.cut_test_task_aos_1_011_run) referenced 2 times from aos_test.o(.data)
 <LI><a href="#[10]">cut_test_task_aos_1_012_run</a> from aos_test.o(i.cut_test_task_aos_1_012_run) referenced 2 times from aos_test.o(.data)
 <LI><a href="#[11]">cut_test_task_comm_aos_1_013_run</a> from aos_test.o(i.cut_test_task_comm_aos_1_013_run) referenced 2 times from aos_test.o(.data)
 <LI><a href="#[12]">cut_test_task_comm_aos_1_014_run</a> from aos_test.o(i.cut_test_task_comm_aos_1_014_run) referenced 2 times from aos_test.o(.data)
 <LI><a href="#[13]">cut_test_task_comm_aos_1_015_run</a> from aos_test.o(i.cut_test_task_comm_aos_1_015_run) referenced 2 times from aos_test.o(.data)
 <LI><a href="#[14]">cut_test_task_comm_aos_1_016_run</a> from aos_test.o(i.cut_test_task_comm_aos_1_016_run) referenced 2 times from aos_test.o(.data)
 <LI><a href="#[15]">cut_test_task_comm_aos_1_017_run</a> from aos_test.o(i.cut_test_task_comm_aos_1_017_run) referenced 2 times from aos_test.o(.data)
 <LI><a href="#[16]">cut_test_task_comm_aos_1_018_run</a> from aos_test.o(i.cut_test_task_comm_aos_1_018_run) referenced 2 times from aos_test.o(.data)
 <LI><a href="#[17]">cut_test_timer_aos_1_019_run</a> from aos_test.o(i.cut_test_timer_aos_1_019_run) referenced 2 times from aos_test.o(.data)
 <LI><a href="#[18]">cut_test_timer_aos_1_020_run</a> from aos_test.o(i.cut_test_timer_aos_1_020_run) referenced 2 times from aos_test.o(.data)
 <LI><a href="#[1c]">cut_test_yloop_aos_2_004_run</a> from aos_test.o(i.cut_test_yloop_aos_2_004_run) referenced 2 times from aos_test.o(.data)
 <LI><a href="#[1d]">cut_test_yloop_aos_2_005_run</a> from aos_test.o(i.cut_test_yloop_aos_2_005_run) referenced 2 times from aos_test.o(.data)
 <LI><a href="#[1e]">cut_test_yloop_aos_2_006_run</a> from aos_test.o(i.cut_test_yloop_aos_2_006_run) referenced 2 times from aos_test.o(.data)
 <LI><a href="#[1f]">cut_test_yloop_aos_2_007_run</a> from aos_test.o(i.cut_test_yloop_aos_2_007_run) referenced 2 times from aos_test.o(.data)
 <LI><a href="#[20]">cut_test_yloop_aos_2_008_run</a> from aos_test.o(i.cut_test_yloop_aos_2_008_run) referenced 2 times from aos_test.o(.data)
 <LI><a href="#[21]">cut_test_yloop_aos_2_009_run</a> from aos_test.o(i.cut_test_yloop_aos_2_009_run) referenced 2 times from aos_test.o(.data)
 <LI><a href="#[5d]">delayed_action1</a> from aos_test.o(i.delayed_action1) referenced from aos_test.o(i.cut_test_yloop_aos_2_005_run)
 <LI><a href="#[5d]">delayed_action1</a> from aos_test.o(i.delayed_action1) referenced from aos_test.o(i.delayed_action1)
 <LI><a href="#[5e]">delayed_action2</a> from aos_test.o(i.delayed_action2) referenced from aos_test.o(i.cut_test_yloop_aos_2_005_run)
 <LI><a href="#[5e]">delayed_action2</a> from aos_test.o(i.delayed_action2) referenced from aos_test.o(i.cut_test_yloop_aos_2_007_run)
 <LI><a href="#[5e]">delayed_action2</a> from aos_test.o(i.delayed_action2) referenced from aos_test.o(i.cut_test_yloop_aos_2_008_run)
 <LI><a href="#[5e]">delayed_action2</a> from aos_test.o(i.delayed_action2) referenced from aos_test.o(i.task_loop1)
 <LI><a href="#[60]">delayed_action3</a> from aos_test.o(i.delayed_action3) referenced from aos_test.o(i.cut_test_yloop_aos_2_008_run)
 <LI><a href="#[74]">devname_cmd</a> from cli.o(i.devname_cmd) referenced from cli.o(.constdata)
 <LI><a href="#[61]">dyn_mem_proc_task</a> from k_dyn_mem_proc.o(i.dyn_mem_proc_task) referenced from k_dyn_mem_proc.o(i.dyn_mem_proc_task_start)
 <LI><a href="#[72]">echo_cmd</a> from cli.o(i.echo_cmd) referenced from cli.o(.constdata)
 <LI><a href="#[5c]">ev_callback1</a> from aos_test.o(i.ev_callback1) referenced from aos_test.o(i.cut_test_yloop_aos_2_004_run)
 <LI><a href="#[6c]">event_close</a> from device.o(i.event_close) referenced from device.o(.constdata)
 <LI><a href="#[6f]">event_ioctl</a> from device.o(i.event_ioctl) referenced from device.o(.constdata)
 <LI><a href="#[6b]">event_open</a> from device.o(i.event_open) referenced from device.o(.constdata)
 <LI><a href="#[70]">event_poll</a> from device.o(i.event_poll) referenced from device.o(.constdata)
 <LI><a href="#[6d]">event_read</a> from device.o(i.event_read) referenced from device.o(.constdata)
 <LI><a href="#[4e]">event_read_cb</a> from local_event.o(i.event_read_cb) referenced from local_event.o(i.aos_event_service_deinit)
 <LI><a href="#[4e]">event_read_cb</a> from local_event.o(i.event_read_cb) referenced from local_event.o(i.aos_event_service_init)
 <LI><a href="#[6e]">event_write</a> from device.o(i.event_write) referenced from device.o(.constdata)
 <LI><a href="#[73]">exit_cmd</a> from cli.o(i.exit_cmd) referenced from cli.o(.constdata)
 <LI><a href="#[4a]">fputc</a> from soc_init.o(i.fputc) referenced from printfa.o(i.__0fprintf)
 <LI><a href="#[4a]">fputc</a> from soc_init.o(i.fputc) referenced from printfa.o(i.__0printf)
 <LI><a href="#[4a]">fputc</a> from soc_init.o(i.fputc) referenced from printfa.o(i.__0vprintf)
 <LI><a href="#[2]">handle_kv_cmd</a> from kvmgr.o(i.handle_kv_cmd) referenced 2 times from kvmgr.o(.data)
 <LI><a href="#[3]">handle_yts_cmd</a> from main.o(i.handle_yts_cmd) referenced 2 times from main.o(.data)
 <LI><a href="#[71]">help_cmd</a> from cli.o(i.help_cmd) referenced from cli.o(.constdata)
 <LI><a href="#[63]">idle_task</a> from k_idle.o(i.idle_task) referenced from k_sys.o(i.krhino_init)
 <LI><a href="#[50]">krhino_task_deathbed</a> from k_task.o(i.krhino_task_deathbed) referenced from port_c.o(i.cpu_task_stack_init)
 <LI><a href="#[4]">log_cmd</a> from log.o(i.log_cmd) referenced 2 times from log.o(.data)
 <LI><a href="#[47]">main</a> from aos.o(i.main) referenced from entry9a.o(.ARM.Collect$$$$0000000B)
 <LI><a href="#[78]">ota_cmd</a> from cli.o(i.ota_cmd) referenced from cli.o(.constdata)
 <LI><a href="#[76]">reboot_cmd</a> from cli.o(i.reboot_cmd) referenced from cli.o(.constdata)
 <LI><a href="#[1]">soc_err_proc</a> from soc_impl.o(i.soc_err_proc) referenced 2 times from soc_impl.o(.data)
 <LI><a href="#[69]">sys_init</a> from aos.o(i.sys_init) referenced from aos.o(i.sys_start)
 <LI><a href="#[54]">task0</a> from aos_test.o(i.task0) referenced from aos_test.o(i.cut_test_task_aos_1_012_run)
 <LI><a href="#[51]">task1</a> from aos_test.o(i.task1) referenced from aos_test.o(i.cut_test_task_aos_1_006_run)
 <LI><a href="#[51]">task1</a> from aos_test.o(i.task1) referenced from aos_test.o(i.cut_test_task_aos_1_007_run)
 <LI><a href="#[51]">task1</a> from aos_test.o(i.task1) referenced from aos_test.o(i.cut_test_task_aos_1_011_run)
 <LI><a href="#[52]">task2</a> from aos_test.o(i.task2) referenced from aos_test.o(i.cut_test_task_aos_1_008_run)
 <LI><a href="#[52]">task2</a> from aos_test.o(i.task2) referenced from aos_test.o(i.cut_test_task_aos_1_009_run)
 <LI><a href="#[53]">task3</a> from aos_test.o(i.task3) referenced from aos_test.o(i.cut_test_task_aos_1_010_run)
 <LI><a href="#[55]">task4</a> from aos_test.o(i.task4) referenced from aos_test.o(i.cut_test_task_comm_aos_1_014_run)
 <LI><a href="#[56]">task5</a> from aos_test.o(i.task5) referenced from aos_test.o(i.cut_test_task_comm_aos_1_014_run)
 <LI><a href="#[57]">task6</a> from aos_test.o(i.task6) referenced from aos_test.o(i.cut_test_task_comm_aos_1_016_run)
 <LI><a href="#[58]">task7</a> from aos_test.o(i.task7) referenced from aos_test.o(i.cut_test_task_comm_aos_1_016_run)
 <LI><a href="#[59]">task8</a> from aos_test.o(i.task8) referenced from aos_test.o(i.cut_test_task_comm_aos_1_018_run)
 <LI><a href="#[5a]">task9</a> from aos_test.o(i.task9) referenced from aos_test.o(i.cut_test_task_comm_aos_1_018_run)
 <LI><a href="#[5f]">task_loop1</a> from aos_test.o(i.task_loop1) referenced from aos_test.o(i.cut_test_yloop_aos_2_006_run)
 <LI><a href="#[5f]">task_loop1</a> from aos_test.o(i.task_loop1) referenced from aos_test.o(i.cut_test_yloop_aos_2_009_run)
 <LI><a href="#[67]">tftp_ota_thread</a> from cli.o(i.tftp_ota_thread) referenced from cli.o(i.ota_cmd)
 <LI><a href="#[5b]">timer_handler</a> from aos_test.o(i.timer_handler) referenced from aos_test.o(i.cut_test_timer_aos_1_019_run)
 <LI><a href="#[5b]">timer_handler</a> from aos_test.o(i.timer_handler) referenced from aos_test.o(i.cut_test_timer_aos_1_020_run)
 <LI><a href="#[64]">timer_task</a> from k_timer.o(i.timer_task) referenced from k_timer.o(i.ktimer_init)
 <LI><a href="#[77]">uptime_cmd</a> from cli.o(i.uptime_cmd) referenced from cli.o(.constdata)
 <LI><a href="#[75]">version_cmd</a> from cli.o(i.version_cmd) referenced from cli.o(.constdata)
 <LI><a href="#[68]">vfs_poll_notify</a> from select.o(i.vfs_poll_notify) referenced from select.o(i.pre_poll)
</UL>
<P>
<H3>
Global Symbols
</H3>
<P><STRONG><a name="[49]"></a>__main</STRONG> (Thumb, 0 bytes, Stack size unknown bytes, entry.o(.ARM.Collect$$$$00000000))
<BR>[Address Reference Count : 1]<UL><LI> startup_fm33a0xx.o(.text)
</UL>
<P><STRONG><a name="[234]"></a>_main_stk</STRONG> (Thumb, 0 bytes, Stack size unknown bytes, entry2.o(.ARM.Collect$$$$00000001))

<P><STRONG><a name="[79]"></a>_main_scatterload</STRONG> (Thumb, 0 bytes, Stack size unknown bytes, entry5.o(.ARM.Collect$$$$00000004))
<BR><BR>[Calls]<UL><LI><a href="#[7a]">&gt;&gt;</a>&nbsp;&nbsp;&nbsp;__scatterload
</UL>

<P><STRONG><a name="[94]"></a>__main_after_scatterload</STRONG> (Thumb, 0 bytes, Stack size unknown bytes, entry5.o(.ARM.Collect$$$$00000004))
<BR><BR>[Called By]<UL><LI><a href="#[7a]">&gt;&gt;</a>&nbsp;&nbsp;&nbsp;__scatterload
</UL>

<P><STRONG><a name="[235]"></a>_main_clock</STRONG> (Thumb, 0 bytes, Stack size unknown bytes, entry7b.o(.ARM.Collect$$$$00000008))

<P><STRONG><a name="[236]"></a>_main_cpp_init</STRONG> (Thumb, 0 bytes, Stack size unknown bytes, entry8b.o(.ARM.Collect$$$$0000000A))

<P><STRONG><a name="[237]"></a>_main_init</STRONG> (Thumb, 0 bytes, Stack size unknown bytes, entry9a.o(.ARM.Collect$$$$0000000B))

<P><STRONG><a name="[238]"></a>__rt_final_cpp</STRONG> (Thumb, 0 bytes, Stack size unknown bytes, entry10a.o(.ARM.Collect$$$$0000000D))

<P><STRONG><a name="[239]"></a>__rt_final_exit</STRONG> (Thumb, 0 bytes, Stack size unknown bytes, entry11a.o(.ARM.Collect$$$$0000000F))

<P><STRONG><a name="[1a1]"></a>cpu_intrpt_save</STRONG> (Thumb, 0 bytes, Stack size unknown bytes, port_s.o(.text))
<BR><BR>[Called By]<UL><LI><a href="#[189]">&gt;&gt;</a>&nbsp;&nbsp;&nbsp;krhino_cur_task_get
<LI><a href="#[eb]">&gt;&gt;</a>&nbsp;&nbsp;&nbsp;krhino_intrpt_exit
<LI><a href="#[e9]">&gt;&gt;</a>&nbsp;&nbsp;&nbsp;krhino_intrpt_enter
<LI><a href="#[1f6]">&gt;&gt;</a>&nbsp;&nbsp;&nbsp;mutex_create
<LI><a href="#[161]">&gt;&gt;</a>&nbsp;&nbsp;&nbsp;krhino_mutex_unlock
<LI><a href="#[15e]">&gt;&gt;</a>&nbsp;&nbsp;&nbsp;krhino_mutex_lock
<LI><a href="#[15d]">&gt;&gt;</a>&nbsp;&nbsp;&nbsp;krhino_mutex_del
<LI><a href="#[1f4]">&gt;&gt;</a>&nbsp;&nbsp;&nbsp;krhino_mblk_pool_init
<LI><a href="#[1e7]">&gt;&gt;</a>&nbsp;&nbsp;&nbsp;krhino_mblk_free
<LI><a href="#[1e6]">&gt;&gt;</a>&nbsp;&nbsp;&nbsp;krhino_mblk_alloc
<LI><a href="#[1e4]">&gt;&gt;</a>&nbsp;&nbsp;&nbsp;krhino_add_mm_region
<LI><a href="#[1e5]">&gt;&gt;</a>&nbsp;&nbsp;&nbsp;k_mm_realloc
<LI><a href="#[1e0]">&gt;&gt;</a>&nbsp;&nbsp;&nbsp;k_mm_free
<LI><a href="#[1da]">&gt;&gt;</a>&nbsp;&nbsp;&nbsp;k_mm_alloc
<LI><a href="#[63]">&gt;&gt;</a>&nbsp;&nbsp;&nbsp;idle_task
<LI><a href="#[184]">&gt;&gt;</a>&nbsp;&nbsp;&nbsp;krhino_sem_take
<LI><a href="#[61]">&gt;&gt;</a>&nbsp;&nbsp;&nbsp;dyn_mem_proc_task
<LI><a href="#[1a8]">&gt;&gt;</a>&nbsp;&nbsp;&nbsp;core_sched
<LI><a href="#[175]">&gt;&gt;</a>&nbsp;&nbsp;&nbsp;krhino_buf_queue_recv
<LI><a href="#[171]">&gt;&gt;</a>&nbsp;&nbsp;&nbsp;krhino_buf_queue_del
<LI><a href="#[1a4]">&gt;&gt;</a>&nbsp;&nbsp;&nbsp;buf_queue_send
<LI><a href="#[1a0]">&gt;&gt;</a>&nbsp;&nbsp;&nbsp;buf_queue_create
<LI><a href="#[1fe]">&gt;&gt;</a>&nbsp;&nbsp;&nbsp;krhino_sys_tick_get
<LI><a href="#[209]">&gt;&gt;</a>&nbsp;&nbsp;&nbsp;tick_list_update
<LI><a href="#[15b]">&gt;&gt;</a>&nbsp;&nbsp;&nbsp;krhino_task_sleep
<LI><a href="#[18e]">&gt;&gt;</a>&nbsp;&nbsp;&nbsp;krhino_task_info_set
<LI><a href="#[188]">&gt;&gt;</a>&nbsp;&nbsp;&nbsp;krhino_task_dyn_del
<LI><a href="#[200]">&gt;&gt;</a>&nbsp;&nbsp;&nbsp;krhino_task_del
<LI><a href="#[1ff]">&gt;&gt;</a>&nbsp;&nbsp;&nbsp;task_create
<LI><a href="#[17f]">&gt;&gt;</a>&nbsp;&nbsp;&nbsp;krhino_sem_del
<LI><a href="#[1fc]">&gt;&gt;</a>&nbsp;&nbsp;&nbsp;sem_give
<LI><a href="#[1fa]">&gt;&gt;</a>&nbsp;&nbsp;&nbsp;sem_create
</UL>

<P><STRONG><a name="[1a2]"></a>cpu_intrpt_restore</STRONG> (Thumb, 0 bytes, Stack size unknown bytes, port_s.o(.text))
<BR><BR>[Called By]<UL><LI><a href="#[189]">&gt;&gt;</a>&nbsp;&nbsp;&nbsp;krhino_cur_task_get
<LI><a href="#[eb]">&gt;&gt;</a>&nbsp;&nbsp;&nbsp;krhino_intrpt_exit
<LI><a href="#[e9]">&gt;&gt;</a>&nbsp;&nbsp;&nbsp;krhino_intrpt_enter
<LI><a href="#[1f6]">&gt;&gt;</a>&nbsp;&nbsp;&nbsp;mutex_create
<LI><a href="#[161]">&gt;&gt;</a>&nbsp;&nbsp;&nbsp;krhino_mutex_unlock
<LI><a href="#[15e]">&gt;&gt;</a>&nbsp;&nbsp;&nbsp;krhino_mutex_lock
<LI><a href="#[15d]">&gt;&gt;</a>&nbsp;&nbsp;&nbsp;krhino_mutex_del
<LI><a href="#[1f4]">&gt;&gt;</a>&nbsp;&nbsp;&nbsp;krhino_mblk_pool_init
<LI><a href="#[1e7]">&gt;&gt;</a>&nbsp;&nbsp;&nbsp;krhino_mblk_free
<LI><a href="#[1e6]">&gt;&gt;</a>&nbsp;&nbsp;&nbsp;krhino_mblk_alloc
<LI><a href="#[1e4]">&gt;&gt;</a>&nbsp;&nbsp;&nbsp;krhino_add_mm_region
<LI><a href="#[1e5]">&gt;&gt;</a>&nbsp;&nbsp;&nbsp;k_mm_realloc
<LI><a href="#[1e0]">&gt;&gt;</a>&nbsp;&nbsp;&nbsp;k_mm_free
<LI><a href="#[1da]">&gt;&gt;</a>&nbsp;&nbsp;&nbsp;k_mm_alloc
<LI><a href="#[63]">&gt;&gt;</a>&nbsp;&nbsp;&nbsp;idle_task
<LI><a href="#[184]">&gt;&gt;</a>&nbsp;&nbsp;&nbsp;krhino_sem_take
<LI><a href="#[61]">&gt;&gt;</a>&nbsp;&nbsp;&nbsp;dyn_mem_proc_task
<LI><a href="#[1a8]">&gt;&gt;</a>&nbsp;&nbsp;&nbsp;core_sched
<LI><a href="#[175]">&gt;&gt;</a>&nbsp;&nbsp;&nbsp;krhino_buf_queue_recv
<LI><a href="#[171]">&gt;&gt;</a>&nbsp;&nbsp;&nbsp;krhino_buf_queue_del
<LI><a href="#[1a4]">&gt;&gt;</a>&nbsp;&nbsp;&nbsp;buf_queue_send
<LI><a href="#[1a0]">&gt;&gt;</a>&nbsp;&nbsp;&nbsp;buf_queue_create
<LI><a href="#[1fe]">&gt;&gt;</a>&nbsp;&nbsp;&nbsp;krhino_sys_tick_get
<LI><a href="#[209]">&gt;&gt;</a>&nbsp;&nbsp;&nbsp;tick_list_update
<LI><a href="#[15b]">&gt;&gt;</a>&nbsp;&nbsp;&nbsp;krhino_task_sleep
<LI><a href="#[18e]">&gt;&gt;</a>&nbsp;&nbsp;&nbsp;krhino_task_info_set
<LI><a href="#[188]">&gt;&gt;</a>&nbsp;&nbsp;&nbsp;krhino_task_dyn_del
<LI><a href="#[200]">&gt;&gt;</a>&nbsp;&nbsp;&nbsp;krhino_task_del
<LI><a href="#[1ff]">&gt;&gt;</a>&nbsp;&nbsp;&nbsp;task_create
<LI><a href="#[17f]">&gt;&gt;</a>&nbsp;&nbsp;&nbsp;krhino_sem_del
<LI><a href="#[1fc]">&gt;&gt;</a>&nbsp;&nbsp;&nbsp;sem_give
<LI><a href="#[1fa]">&gt;&gt;</a>&nbsp;&nbsp;&nbsp;sem_create
</UL>

<P><STRONG><a name="[1b3]"></a>cpu_task_switch</STRONG> (Thumb, 0 bytes, Stack size unknown bytes, port_s.o(.text))
<BR><BR>[Called By]<UL><LI><a href="#[1a8]">&gt;&gt;</a>&nbsp;&nbsp;&nbsp;core_sched
</UL>

<P><STRONG><a name="[1f5]"></a>cpu_intrpt_switch</STRONG> (Thumb, 0 bytes, Stack size unknown bytes, port_s.o(.text))
<BR><BR>[Called By]<UL><LI><a href="#[eb]">&gt;&gt;</a>&nbsp;&nbsp;&nbsp;krhino_intrpt_exit
</UL>

<P><STRONG><a name="[1fd]"></a>cpu_first_task_start</STRONG> (Thumb, 0 bytes, Stack size unknown bytes, port_s.o(.text))
<BR><BR>[Called By]<UL><LI><a href="#[187]">&gt;&gt;</a>&nbsp;&nbsp;&nbsp;krhino_start
</UL>

<P><STRONG><a name="[26]"></a>PendSV_Handler</STRONG> (Thumb, 0 bytes, Stack size unknown bytes, port_s.o(.text))
<BR><BR>[Stack]<UL><LI>Max Depth = 16 + Unknown Stack Size
<LI>Call Chain = PendSV_Handler &rArr; krhino_stack_ovf_check
</UL>
<BR>[Calls]<UL><LI><a href="#[7b]">&gt;&gt;</a>&nbsp;&nbsp;&nbsp;krhino_stack_ovf_check
</UL>
<BR>[Address Reference Count : 1]<UL><LI> startup_fm33a0xx.o(RESET)
</UL>
<P><STRONG><a name="[22]"></a>Reset_Handler</STRONG> (Thumb, 8 bytes, Stack size 0 bytes, startup_fm33a0xx.o(.text))
<BR>[Address Reference Count : 1]<UL><LI> startup_fm33a0xx.o(RESET)
</UL>
<P><STRONG><a name="[23]"></a>NMI_Handler</STRONG> (Thumb, 2 bytes, Stack size 0 bytes, startup_fm33a0xx.o(.text))
<BR><BR>[Calls]<UL><LI><a href="#[23]">&gt;&gt;</a>&nbsp;&nbsp;&nbsp;NMI_Handler
</UL>
<BR>[Called By]<UL><LI><a href="#[23]">&gt;&gt;</a>&nbsp;&nbsp;&nbsp;NMI_Handler
</UL>
<BR>[Address Reference Count : 1]<UL><LI> startup_fm33a0xx.o(RESET)
</UL>
<P><STRONG><a name="[24]"></a>HardFault_Handler</STRONG> (Thumb, 2 bytes, Stack size 0 bytes, startup_fm33a0xx.o(.text))
<BR><BR>[Calls]<UL><LI><a href="#[24]">&gt;&gt;</a>&nbsp;&nbsp;&nbsp;HardFault_Handler
</UL>
<BR>[Called By]<UL><LI><a href="#[24]">&gt;&gt;</a>&nbsp;&nbsp;&nbsp;HardFault_Handler
</UL>
<BR>[Address Reference Count : 1]<UL><LI> startup_fm33a0xx.o(RESET)
</UL>
<P><STRONG><a name="[25]"></a>SVC_Handler</STRONG> (Thumb, 2 bytes, Stack size 0 bytes, startup_fm33a0xx.o(.text))
<BR><BR>[Calls]<UL><LI><a href="#[25]">&gt;&gt;</a>&nbsp;&nbsp;&nbsp;SVC_Handler
</UL>
<BR>[Called By]<UL><LI><a href="#[25]">&gt;&gt;</a>&nbsp;&nbsp;&nbsp;SVC_Handler
</UL>
<BR>[Address Reference Count : 1]<UL><LI> startup_fm33a0xx.o(RESET)
</UL>
<P><STRONG><a name="[2d]"></a>ADC_IRQHandler</STRONG> (Thumb, 0 bytes, Stack size 0 bytes, startup_fm33a0xx.o(.text))
<BR><BR>[Calls]<UL><LI><a href="#[2d]">&gt;&gt;</a>&nbsp;&nbsp;&nbsp;ADC_IRQHandler
</UL>
<BR>[Called By]<UL><LI><a href="#[2d]">&gt;&gt;</a>&nbsp;&nbsp;&nbsp;ADC_IRQHandler
</UL>
<BR>[Address Reference Count : 1]<UL><LI> startup_fm33a0xx.o(RESET)
</UL>
<P><STRONG><a name="[3b]"></a>AES_IRQHandler</STRONG> (Thumb, 0 bytes, Stack size 0 bytes, startup_fm33a0xx.o(.text))
<BR>[Address Reference Count : 1]<UL><LI> startup_fm33a0xx.o(RESET)
</UL>
<P><STRONG><a name="[40]"></a>BTIM1_IRQHandler</STRONG> (Thumb, 0 bytes, Stack size 0 bytes, startup_fm33a0xx.o(.text))
<BR>[Address Reference Count : 1]<UL><LI> startup_fm33a0xx.o(RESET)
</UL>
<P><STRONG><a name="[41]"></a>BTIM2_IRQHandler</STRONG> (Thumb, 0 bytes, Stack size 0 bytes, startup_fm33a0xx.o(.text))
<BR>[Address Reference Count : 1]<UL><LI> startup_fm33a0xx.o(RESET)
</UL>
<P><STRONG><a name="[3f]"></a>COMP_IRQHandler</STRONG> (Thumb, 0 bytes, Stack size 0 bytes, startup_fm33a0xx.o(.text))
<BR>[Address Reference Count : 1]<UL><LI> startup_fm33a0xx.o(RESET)
</UL>
<P><STRONG><a name="[3d]"></a>DMA_IRQHandler</STRONG> (Thumb, 0 bytes, Stack size 0 bytes, startup_fm33a0xx.o(.text))
<BR>[Address Reference Count : 1]<UL><LI> startup_fm33a0xx.o(RESET)
</UL>
<P><STRONG><a name="[42]"></a>ETIM1_IRQHandler</STRONG> (Thumb, 0 bytes, Stack size 0 bytes, startup_fm33a0xx.o(.text))
<BR>[Address Reference Count : 1]<UL><LI> startup_fm33a0xx.o(RESET)
</UL>
<P><STRONG><a name="[43]"></a>ETIM2_IRQHandler</STRONG> (Thumb, 0 bytes, Stack size 0 bytes, startup_fm33a0xx.o(.text))
<BR>[Address Reference Count : 1]<UL><LI> startup_fm33a0xx.o(RESET)
</UL>
<P><STRONG><a name="[44]"></a>ETIM3_IRQHandler</STRONG> (Thumb, 0 bytes, Stack size 0 bytes, startup_fm33a0xx.o(.text))
<BR>[Address Reference Count : 1]<UL><LI> startup_fm33a0xx.o(RESET)
</UL>
<P><STRONG><a name="[45]"></a>ETIM4_IRQHandler</STRONG> (Thumb, 0 bytes, Stack size 0 bytes, startup_fm33a0xx.o(.text))
<BR>[Address Reference Count : 1]<UL><LI> startup_fm33a0xx.o(RESET)
</UL>
<P><STRONG><a name="[2c]"></a>FDET_IRQHandler</STRONG> (Thumb, 0 bytes, Stack size 0 bytes, startup_fm33a0xx.o(.text))
<BR>[Address Reference Count : 1]<UL><LI> startup_fm33a0xx.o(RESET)
</UL>
<P><STRONG><a name="[2e]"></a>HSPI_IRQHandler</STRONG> (Thumb, 0 bytes, Stack size 0 bytes, startup_fm33a0xx.o(.text))
<BR>[Address Reference Count : 1]<UL><LI> startup_fm33a0xx.o(RESET)
</UL>
<P><STRONG><a name="[39]"></a>I2C_IRQHandler</STRONG> (Thumb, 0 bytes, Stack size 0 bytes, startup_fm33a0xx.o(.text))
<BR>[Address Reference Count : 1]<UL><LI> startup_fm33a0xx.o(RESET)
</UL>
<P><STRONG><a name="[3a]"></a>LCD_IRQHandler</STRONG> (Thumb, 0 bytes, Stack size 0 bytes, startup_fm33a0xx.o(.text))
<BR>[Address Reference Count : 1]<UL><LI> startup_fm33a0xx.o(RESET)
</UL>
<P><STRONG><a name="[3c]"></a>LPTIM_IRQHandler</STRONG> (Thumb, 0 bytes, Stack size 0 bytes, startup_fm33a0xx.o(.text))
<BR>[Address Reference Count : 1]<UL><LI> startup_fm33a0xx.o(RESET)
</UL>
<P><STRONG><a name="[2b]"></a>NVMIF_IRQHandler</STRONG> (Thumb, 0 bytes, Stack size 0 bytes, startup_fm33a0xx.o(.text))
<BR>[Address Reference Count : 1]<UL><LI> startup_fm33a0xx.o(RESET)
</UL>
<P><STRONG><a name="[2a]"></a>RTC_IRQHandler</STRONG> (Thumb, 0 bytes, Stack size 0 bytes, startup_fm33a0xx.o(.text))
<BR>[Address Reference Count : 1]<UL><LI> startup_fm33a0xx.o(RESET)
</UL>
<P><STRONG><a name="[2f]"></a>SPI1_IRQHandler</STRONG> (Thumb, 0 bytes, Stack size 0 bytes, startup_fm33a0xx.o(.text))
<BR>[Address Reference Count : 1]<UL><LI> startup_fm33a0xx.o(RESET)
</UL>
<P><STRONG><a name="[30]"></a>SPI2_IRQHandler</STRONG> (Thumb, 0 bytes, Stack size 0 bytes, startup_fm33a0xx.o(.text))
<BR>[Address Reference Count : 1]<UL><LI> startup_fm33a0xx.o(RESET)
</UL>
<P><STRONG><a name="[29]"></a>SVD_IRQHandler</STRONG> (Thumb, 0 bytes, Stack size 0 bytes, startup_fm33a0xx.o(.text))
<BR>[Address Reference Count : 1]<UL><LI> startup_fm33a0xx.o(RESET)
</UL>
<P><STRONG><a name="[3e]"></a>TRNG_IRQHandler</STRONG> (Thumb, 0 bytes, Stack size 0 bytes, startup_fm33a0xx.o(.text))
<BR>[Address Reference Count : 1]<UL><LI> startup_fm33a0xx.o(RESET)
</UL>
<P><STRONG><a name="[37]"></a>U78160_IRQHandler</STRONG> (Thumb, 0 bytes, Stack size 0 bytes, startup_fm33a0xx.o(.text))
<BR>[Address Reference Count : 1]<UL><LI> startup_fm33a0xx.o(RESET)
</UL>
<P><STRONG><a name="[38]"></a>U78161_IRQHandler</STRONG> (Thumb, 0 bytes, Stack size 0 bytes, startup_fm33a0xx.o(.text))
<BR>[Address Reference Count : 1]<UL><LI> startup_fm33a0xx.o(RESET)
</UL>
<P><STRONG><a name="[28]"></a>WWDT_IRQHandler</STRONG> (Thumb, 0 bytes, Stack size 0 bytes, startup_fm33a0xx.o(.text))
<BR>[Address Reference Count : 1]<UL><LI> startup_fm33a0xx.o(RESET)
</UL>
<P><STRONG><a name="[23a]"></a>__aeabi_uidiv</STRONG> (Thumb, 0 bytes, Stack size 12 bytes, uidiv.o(.text), UNUSED)

<P><STRONG><a name="[7d]"></a>__aeabi_uidivmod</STRONG> (Thumb, 44 bytes, Stack size 12 bytes, uidiv.o(.text))
<BR><BR>[Stack]<UL><LI>Max Depth = 12<LI>Call Chain = __aeabi_uidivmod
</UL>
<BR>[Called By]<UL><LI><a href="#[b9]">&gt;&gt;</a>&nbsp;&nbsp;&nbsp;Init_SysTick
<LI><a href="#[15a]">&gt;&gt;</a>&nbsp;&nbsp;&nbsp;krhino_ms_to_ticks
<LI><a href="#[7c]">&gt;&gt;</a>&nbsp;&nbsp;&nbsp;__aeabi_idivmod
<LI><a href="#[fd]">&gt;&gt;</a>&nbsp;&nbsp;&nbsp;_printf_core
</UL>

<P><STRONG><a name="[23b]"></a>__aeabi_idiv</STRONG> (Thumb, 0 bytes, Stack size 16 bytes, idiv.o(.text), UNUSED)

<P><STRONG><a name="[7c]"></a>__aeabi_idivmod</STRONG> (Thumb, 40 bytes, Stack size 16 bytes, idiv.o(.text))
<BR><BR>[Stack]<UL><LI>Max Depth = 28<LI>Call Chain = __aeabi_idivmod &rArr; __aeabi_uidivmod
</UL>
<BR>[Calls]<UL><LI><a href="#[7d]">&gt;&gt;</a>&nbsp;&nbsp;&nbsp;__aeabi_uidivmod
</UL>
<BR>[Called By]<UL><LI><a href="#[19c]">&gt;&gt;</a>&nbsp;&nbsp;&nbsp;hal_uart_send
<LI><a href="#[19a]">&gt;&gt;</a>&nbsp;&nbsp;&nbsp;hal_uart_recv_II
<LI><a href="#[165]">&gt;&gt;</a>&nbsp;&nbsp;&nbsp;get_fd
<LI><a href="#[1aa]">&gt;&gt;</a>&nbsp;&nbsp;&nbsp;get_input
<LI><a href="#[4d]">&gt;&gt;</a>&nbsp;&nbsp;&nbsp;cli_main
<LI><a href="#[16]">&gt;&gt;</a>&nbsp;&nbsp;&nbsp;cut_test_task_comm_aos_1_018_run
<LI><a href="#[10]">&gt;&gt;</a>&nbsp;&nbsp;&nbsp;cut_test_task_aos_1_012_run
<LI><a href="#[1b]">&gt;&gt;</a>&nbsp;&nbsp;&nbsp;cut_test_kv_aos_2_003_run
</UL>

<P><STRONG><a name="[7e]"></a>__aeabi_uldivmod</STRONG> (Thumb, 96 bytes, Stack size 48 bytes, uldiv.o(.text))
<BR><BR>[Stack]<UL><LI>Max Depth = 56<LI>Call Chain = __aeabi_uldivmod &rArr; __aeabi_llsr
</UL>
<BR>[Calls]<UL><LI><a href="#[7f]">&gt;&gt;</a>&nbsp;&nbsp;&nbsp;__aeabi_llsr
<LI><a href="#[80]">&gt;&gt;</a>&nbsp;&nbsp;&nbsp;__aeabi_llsl
</UL>
<BR>[Called By]<UL><LI><a href="#[162]">&gt;&gt;</a>&nbsp;&nbsp;&nbsp;krhino_sys_time_get
<LI><a href="#[15a]">&gt;&gt;</a>&nbsp;&nbsp;&nbsp;krhino_ms_to_ticks
<LI><a href="#[fd]">&gt;&gt;</a>&nbsp;&nbsp;&nbsp;_printf_core
<LI><a href="#[114]">&gt;&gt;</a>&nbsp;&nbsp;&nbsp;_fp_digits
</UL>

<P><STRONG><a name="[81]"></a>__aeabi_lmul</STRONG> (Thumb, 122 bytes, Stack size 64 bytes, llmul.o(.text))
<BR><BR>[Stack]<UL><LI>Max Depth = 72<LI>Call Chain = __aeabi_lmul &rArr; __aeabi_llsl
</UL>
<BR>[Calls]<UL><LI><a href="#[80]">&gt;&gt;</a>&nbsp;&nbsp;&nbsp;__aeabi_llsl
</UL>
<BR>[Called By]<UL><LI><a href="#[162]">&gt;&gt;</a>&nbsp;&nbsp;&nbsp;krhino_sys_time_get
<LI><a href="#[15a]">&gt;&gt;</a>&nbsp;&nbsp;&nbsp;krhino_ms_to_ticks
</UL>

<P><STRONG><a name="[23c]"></a>_ll_mul</STRONG> (Thumb, 0 bytes, Stack size 64 bytes, llmul.o(.text), UNUSED)

<P><STRONG><a name="[23d]"></a>____aeabi_memcpy8$ret$move</STRONG> (Thumb, 0 bytes, Stack size 8 bytes, memmove.o(.text), UNUSED)

<P><STRONG><a name="[23e]"></a>___aeabi_memmove$ret</STRONG> (Thumb, 0 bytes, Stack size 8 bytes, memmove.o(.text), UNUSED)

<P><STRONG><a name="[23f]"></a>___aeabi_memmove8$ret</STRONG> (Thumb, 0 bytes, Stack size 8 bytes, memmove.o(.text), UNUSED)

<P><STRONG><a name="[e5]"></a>__aeabi_memcpy</STRONG> (Thumb, 66 bytes, Stack size 8 bytes, memmove.o(.text))
<BR><BR>[Stack]<UL><LI>Max Depth = 8<LI>Call Chain = __aeabi_memcpy
</UL>
<BR>[Called By]<UL><LI><a href="#[111]">&gt;&gt;</a>&nbsp;&nbsp;&nbsp;_flash_update
<LI><a href="#[10f]">&gt;&gt;</a>&nbsp;&nbsp;&nbsp;_flash_read_at
<LI><a href="#[e6]">&gt;&gt;</a>&nbsp;&nbsp;&nbsp;Serial_SvSend
<LI><a href="#[e4]">&gt;&gt;</a>&nbsp;&nbsp;&nbsp;Serial_SvRecv
<LI><a href="#[1e5]">&gt;&gt;</a>&nbsp;&nbsp;&nbsp;k_mm_realloc
<LI><a href="#[1a6]">&gt;&gt;</a>&nbsp;&nbsp;&nbsp;ringbuf_push
<LI><a href="#[1ec]">&gt;&gt;</a>&nbsp;&nbsp;&nbsp;ringbuf_pop
<LI><a href="#[1a4]">&gt;&gt;</a>&nbsp;&nbsp;&nbsp;buf_queue_send
<LI><a href="#[21f]">&gt;&gt;</a>&nbsp;&nbsp;&nbsp;ringbuf_headlen_decompress
<LI><a href="#[6d]">&gt;&gt;</a>&nbsp;&nbsp;&nbsp;event_read
<LI><a href="#[10c]">&gt;&gt;</a>&nbsp;&nbsp;&nbsp;_event_write
<LI><a href="#[1d9]">&gt;&gt;</a>&nbsp;&nbsp;&nbsp;inode_set_name
<LI><a href="#[144]">&gt;&gt;</a>&nbsp;&nbsp;&nbsp;aos_kv_get
<LI><a href="#[14c]">&gt;&gt;</a>&nbsp;&nbsp;&nbsp;kv_item_store
<LI><a href="#[1c9]">&gt;&gt;</a>&nbsp;&nbsp;&nbsp;tab_complete
<LI><a href="#[1ac]">&gt;&gt;</a>&nbsp;&nbsp;&nbsp;handle_input
</UL>

<P><STRONG><a name="[16c]"></a>__aeabi_memcpy4</STRONG> (Thumb, 0 bytes, Stack size 8 bytes, memmove.o(.text))
<BR><BR>[Stack]<UL><LI>Max Depth = 8<LI>Call Chain = __aeabi_memcpy4
</UL>
<BR>[Called By]<UL><LI><a href="#[61]">&gt;&gt;</a>&nbsp;&nbsp;&nbsp;dyn_mem_proc_task
<LI><a href="#[12f]">&gt;&gt;</a>&nbsp;&nbsp;&nbsp;aos_poll_read_fd
<LI><a href="#[4]">&gt;&gt;</a>&nbsp;&nbsp;&nbsp;log_cmd
</UL>

<P><STRONG><a name="[120]"></a>__aeabi_memmove4</STRONG> (Thumb, 0 bytes, Stack size 8 bytes, memmove.o(.text))
<BR><BR>[Stack]<UL><LI>Max Depth = 8<LI>Call Chain = __aeabi_memmove4
</UL>
<BR>[Called By]<UL><LI><a href="#[11f]">&gt;&gt;</a>&nbsp;&nbsp;&nbsp;aos_cancel_poll_read_fd
</UL>

<P><STRONG><a name="[240]"></a>memcpy</STRONG> (Thumb, 0 bytes, Stack size 8 bytes, memmove.o(.text), UNUSED)

<P><STRONG><a name="[241]"></a>memmove</STRONG> (Thumb, 0 bytes, Stack size 8 bytes, memmove.o(.text), UNUSED)

<P><STRONG><a name="[83]"></a>__aeabi_memset</STRONG> (Thumb, 14 bytes, Stack size 0 bytes, memseta.o(.text))
<BR><BR>[Called By]<UL><LI><a href="#[1ca]">&gt;&gt;</a>&nbsp;&nbsp;&nbsp;hal_flash_erase
<LI><a href="#[84]">&gt;&gt;</a>&nbsp;&nbsp;&nbsp;_memset$wrapper
<LI><a href="#[82]">&gt;&gt;</a>&nbsp;&nbsp;&nbsp;__aeabi_memclr
<LI><a href="#[9]">&gt;&gt;</a>&nbsp;&nbsp;&nbsp;cut_test_mm_aos_1_005_run
<LI><a href="#[8]">&gt;&gt;</a>&nbsp;&nbsp;&nbsp;cut_test_mm_aos_1_004_run
<LI><a href="#[7]">&gt;&gt;</a>&nbsp;&nbsp;&nbsp;cut_test_mm_aos_1_003_run
</UL>

<P><STRONG><a name="[242]"></a>__aeabi_memset4</STRONG> (Thumb, 0 bytes, Stack size 0 bytes, memseta.o(.text), UNUSED)

<P><STRONG><a name="[243]"></a>__aeabi_memset8</STRONG> (Thumb, 0 bytes, Stack size 0 bytes, memseta.o(.text), UNUSED)

<P><STRONG><a name="[82]"></a>__aeabi_memclr</STRONG> (Thumb, 4 bytes, Stack size 0 bytes, memseta.o(.text))
<BR><BR>[Calls]<UL><LI><a href="#[83]">&gt;&gt;</a>&nbsp;&nbsp;&nbsp;__aeabi_memset
</UL>
<BR>[Called By]<UL><LI><a href="#[1e4]">&gt;&gt;</a>&nbsp;&nbsp;&nbsp;krhino_add_mm_region
<LI><a href="#[154]">&gt;&gt;</a>&nbsp;&nbsp;&nbsp;aos_zalloc
<LI><a href="#[14c]">&gt;&gt;</a>&nbsp;&nbsp;&nbsp;kv_item_store
<LI><a href="#[2]">&gt;&gt;</a>&nbsp;&nbsp;&nbsp;handle_kv_cmd
<LI><a href="#[62]">&gt;&gt;</a>&nbsp;&nbsp;&nbsp;__item_print_cb
<LI><a href="#[53]">&gt;&gt;</a>&nbsp;&nbsp;&nbsp;task3
<LI><a href="#[52]">&gt;&gt;</a>&nbsp;&nbsp;&nbsp;task2
<LI><a href="#[21]">&gt;&gt;</a>&nbsp;&nbsp;&nbsp;cut_test_yloop_aos_2_009_run
<LI><a href="#[20]">&gt;&gt;</a>&nbsp;&nbsp;&nbsp;cut_test_yloop_aos_2_008_run
<LI><a href="#[1f]">&gt;&gt;</a>&nbsp;&nbsp;&nbsp;cut_test_yloop_aos_2_007_run
<LI><a href="#[1e]">&gt;&gt;</a>&nbsp;&nbsp;&nbsp;cut_test_yloop_aos_2_006_run
<LI><a href="#[1d]">&gt;&gt;</a>&nbsp;&nbsp;&nbsp;cut_test_yloop_aos_2_005_run
<LI><a href="#[1c]">&gt;&gt;</a>&nbsp;&nbsp;&nbsp;cut_test_yloop_aos_2_004_run
<LI><a href="#[18]">&gt;&gt;</a>&nbsp;&nbsp;&nbsp;cut_test_timer_aos_1_020_run
<LI><a href="#[17]">&gt;&gt;</a>&nbsp;&nbsp;&nbsp;cut_test_timer_aos_1_019_run
<LI><a href="#[16]">&gt;&gt;</a>&nbsp;&nbsp;&nbsp;cut_test_task_comm_aos_1_018_run
<LI><a href="#[15]">&gt;&gt;</a>&nbsp;&nbsp;&nbsp;cut_test_task_comm_aos_1_017_run
<LI><a href="#[14]">&gt;&gt;</a>&nbsp;&nbsp;&nbsp;cut_test_task_comm_aos_1_016_run
<LI><a href="#[13]">&gt;&gt;</a>&nbsp;&nbsp;&nbsp;cut_test_task_comm_aos_1_015_run
<LI><a href="#[12]">&gt;&gt;</a>&nbsp;&nbsp;&nbsp;cut_test_task_comm_aos_1_014_run
<LI><a href="#[11]">&gt;&gt;</a>&nbsp;&nbsp;&nbsp;cut_test_task_comm_aos_1_013_run
<LI><a href="#[10]">&gt;&gt;</a>&nbsp;&nbsp;&nbsp;cut_test_task_aos_1_012_run
<LI><a href="#[f]">&gt;&gt;</a>&nbsp;&nbsp;&nbsp;cut_test_task_aos_1_011_run
<LI><a href="#[e]">&gt;&gt;</a>&nbsp;&nbsp;&nbsp;cut_test_task_aos_1_010_run
<LI><a href="#[d]">&gt;&gt;</a>&nbsp;&nbsp;&nbsp;cut_test_task_aos_1_009_run
<LI><a href="#[c]">&gt;&gt;</a>&nbsp;&nbsp;&nbsp;cut_test_task_aos_1_008_run
<LI><a href="#[b]">&gt;&gt;</a>&nbsp;&nbsp;&nbsp;cut_test_task_aos_1_007_run
<LI><a href="#[a]">&gt;&gt;</a>&nbsp;&nbsp;&nbsp;cut_test_task_aos_1_006_run
<LI><a href="#[9]">&gt;&gt;</a>&nbsp;&nbsp;&nbsp;cut_test_mm_aos_1_005_run
<LI><a href="#[8]">&gt;&gt;</a>&nbsp;&nbsp;&nbsp;cut_test_mm_aos_1_004_run
<LI><a href="#[7]">&gt;&gt;</a>&nbsp;&nbsp;&nbsp;cut_test_mm_aos_1_003_run
<LI><a href="#[6]">&gt;&gt;</a>&nbsp;&nbsp;&nbsp;cut_test_mm_aos_1_002_run
<LI><a href="#[5]">&gt;&gt;</a>&nbsp;&nbsp;&nbsp;cut_test_mm_aos_1_001_run
<LI><a href="#[1b]">&gt;&gt;</a>&nbsp;&nbsp;&nbsp;cut_test_kv_aos_2_003_run
<LI><a href="#[1a]">&gt;&gt;</a>&nbsp;&nbsp;&nbsp;cut_test_kv_aos_2_002_run
<LI><a href="#[19]">&gt;&gt;</a>&nbsp;&nbsp;&nbsp;cut_test_kv_aos_2_001_run
</UL>

<P><STRONG><a name="[112]"></a>__aeabi_memclr4</STRONG> (Thumb, 0 bytes, Stack size 0 bytes, memseta.o(.text))
<BR><BR>[Called By]<UL><LI><a href="#[111]">&gt;&gt;</a>&nbsp;&nbsp;&nbsp;_flash_update
<LI><a href="#[be]">&gt;&gt;</a>&nbsp;&nbsp;&nbsp;hal_uart_init
<LI><a href="#[1e3]">&gt;&gt;</a>&nbsp;&nbsp;&nbsp;krhino_init_mm_head
<LI><a href="#[1ff]">&gt;&gt;</a>&nbsp;&nbsp;&nbsp;task_create
<LI><a href="#[17b]">&gt;&gt;</a>&nbsp;&nbsp;&nbsp;aos_register_driver
<LI><a href="#[6b]">&gt;&gt;</a>&nbsp;&nbsp;&nbsp;event_open
<LI><a href="#[1d5]">&gt;&gt;</a>&nbsp;&nbsp;&nbsp;inode_init
<LI><a href="#[109]">&gt;&gt;</a>&nbsp;&nbsp;&nbsp;aos_cli_printf
<LI><a href="#[139]">&gt;&gt;</a>&nbsp;&nbsp;&nbsp;aos_kv_init
<LI><a href="#[22a]">&gt;&gt;</a>&nbsp;&nbsp;&nbsp;yunit_test_init
<LI><a href="#[1d3]">&gt;&gt;</a>&nbsp;&nbsp;&nbsp;proc_onecmd
<LI><a href="#[1ac]">&gt;&gt;</a>&nbsp;&nbsp;&nbsp;handle_input
<LI><a href="#[121]">&gt;&gt;</a>&nbsp;&nbsp;&nbsp;aos_cli_init
<LI><a href="#[15]">&gt;&gt;</a>&nbsp;&nbsp;&nbsp;cut_test_task_comm_aos_1_017_run
<LI><a href="#[1b]">&gt;&gt;</a>&nbsp;&nbsp;&nbsp;cut_test_kv_aos_2_003_run
<LI><a href="#[1a]">&gt;&gt;</a>&nbsp;&nbsp;&nbsp;cut_test_kv_aos_2_002_run
<LI><a href="#[19]">&gt;&gt;</a>&nbsp;&nbsp;&nbsp;cut_test_kv_aos_2_001_run
</UL>

<P><STRONG><a name="[244]"></a>__aeabi_memclr8</STRONG> (Thumb, 0 bytes, Stack size 0 bytes, memseta.o(.text), UNUSED)

<P><STRONG><a name="[84]"></a>_memset$wrapper</STRONG> (Thumb, 18 bytes, Stack size 8 bytes, memseta.o(.text), UNUSED)
<BR><BR>[Calls]<UL><LI><a href="#[83]">&gt;&gt;</a>&nbsp;&nbsp;&nbsp;__aeabi_memset
</UL>

<P><STRONG><a name="[1c8]"></a>strstr</STRONG> (Thumb, 40 bytes, Stack size 12 bytes, strstr.o(.text))
<BR><BR>[Stack]<UL><LI>Max Depth = 12<LI>Call Chain = strstr
</UL>
<BR>[Called By]<UL><LI><a href="#[1b6]">&gt;&gt;</a>&nbsp;&nbsp;&nbsp;parse_arg
<LI><a href="#[1b7]">&gt;&gt;</a>&nbsp;&nbsp;&nbsp;filter
</UL>

<P><STRONG><a name="[1ab]"></a>strncpy</STRONG> (Thumb, 26 bytes, Stack size 8 bytes, strncpy.o(.text))
<BR><BR>[Stack]<UL><LI>Max Depth = 8<LI>Call Chain = strncpy
</UL>
<BR>[Called By]<UL><LI><a href="#[1aa]">&gt;&gt;</a>&nbsp;&nbsp;&nbsp;get_input
<LI><a href="#[4d]">&gt;&gt;</a>&nbsp;&nbsp;&nbsp;cli_main
</UL>

<P><STRONG><a name="[219]"></a>strchr</STRONG> (Thumb, 20 bytes, Stack size 0 bytes, strchr.o(.text))
<BR><BR>[Called By]<UL><LI><a href="#[1d3]">&gt;&gt;</a>&nbsp;&nbsp;&nbsp;proc_onecmd
</UL>

<P><STRONG><a name="[104]"></a>strlen</STRONG> (Thumb, 14 bytes, Stack size 0 bytes, strlen.o(.text))
<BR><BR>[Called By]<UL><LI><a href="#[1d9]">&gt;&gt;</a>&nbsp;&nbsp;&nbsp;inode_set_name
<LI><a href="#[163]">&gt;&gt;</a>&nbsp;&nbsp;&nbsp;inode_open
<LI><a href="#[12e]">&gt;&gt;</a>&nbsp;&nbsp;&nbsp;aos_open
<LI><a href="#[109]">&gt;&gt;</a>&nbsp;&nbsp;&nbsp;aos_cli_printf
<LI><a href="#[149]">&gt;&gt;</a>&nbsp;&nbsp;&nbsp;aos_kv_set
<LI><a href="#[14c]">&gt;&gt;</a>&nbsp;&nbsp;&nbsp;kv_item_store
<LI><a href="#[2]">&gt;&gt;</a>&nbsp;&nbsp;&nbsp;handle_kv_cmd
<LI><a href="#[66]">&gt;&gt;</a>&nbsp;&nbsp;&nbsp;__item_find_cb
<LI><a href="#[127]">&gt;&gt;</a>&nbsp;&nbsp;&nbsp;cli_putstr
<LI><a href="#[1c9]">&gt;&gt;</a>&nbsp;&nbsp;&nbsp;tab_complete
<LI><a href="#[1ac]">&gt;&gt;</a>&nbsp;&nbsp;&nbsp;handle_input
<LI><a href="#[1aa]">&gt;&gt;</a>&nbsp;&nbsp;&nbsp;get_input
<LI><a href="#[4d]">&gt;&gt;</a>&nbsp;&nbsp;&nbsp;cli_main
<LI><a href="#[4]">&gt;&gt;</a>&nbsp;&nbsp;&nbsp;log_cmd
<LI><a href="#[15]">&gt;&gt;</a>&nbsp;&nbsp;&nbsp;cut_test_task_comm_aos_1_017_run
<LI><a href="#[1b]">&gt;&gt;</a>&nbsp;&nbsp;&nbsp;cut_test_kv_aos_2_003_run
<LI><a href="#[1a]">&gt;&gt;</a>&nbsp;&nbsp;&nbsp;cut_test_kv_aos_2_002_run
<LI><a href="#[19]">&gt;&gt;</a>&nbsp;&nbsp;&nbsp;cut_test_kv_aos_2_001_run
</UL>

<P><STRONG><a name="[1bd]"></a>strcmp</STRONG> (Thumb, 28 bytes, Stack size 8 bytes, strcmp.o(.text))
<BR><BR>[Stack]<UL><LI>Max Depth = 8<LI>Call Chain = strcmp
</UL>
<BR>[Called By]<UL><LI><a href="#[163]">&gt;&gt;</a>&nbsp;&nbsp;&nbsp;inode_open
<LI><a href="#[2]">&gt;&gt;</a>&nbsp;&nbsp;&nbsp;handle_kv_cmd
<LI><a href="#[22b]">&gt;&gt;</a>&nbsp;&nbsp;&nbsp;yunit_get_test_suite
<LI><a href="#[22e]">&gt;&gt;</a>&nbsp;&nbsp;&nbsp;yunit_get_test_case
<LI><a href="#[20d]">&gt;&gt;</a>&nbsp;&nbsp;&nbsp;lookup_command
<LI><a href="#[72]">&gt;&gt;</a>&nbsp;&nbsp;&nbsp;echo_cmd
<LI><a href="#[15]">&gt;&gt;</a>&nbsp;&nbsp;&nbsp;cut_test_task_comm_aos_1_017_run
<LI><a href="#[19]">&gt;&gt;</a>&nbsp;&nbsp;&nbsp;cut_test_kv_aos_2_001_run
<LI><a href="#[1b6]">&gt;&gt;</a>&nbsp;&nbsp;&nbsp;parse_arg
<LI><a href="#[1b7]">&gt;&gt;</a>&nbsp;&nbsp;&nbsp;filter
</UL>

<P><STRONG><a name="[106]"></a>memcmp</STRONG> (Thumb, 26 bytes, Stack size 12 bytes, memcmp.o(.text))
<BR><BR>[Stack]<UL><LI>Max Depth = 12<LI>Call Chain = memcmp
</UL>
<BR>[Called By]<UL><LI><a href="#[14b]">&gt;&gt;</a>&nbsp;&nbsp;&nbsp;kv_item_update
<LI><a href="#[10b]">&gt;&gt;</a>&nbsp;&nbsp;&nbsp;kv_item_del
<LI><a href="#[66]">&gt;&gt;</a>&nbsp;&nbsp;&nbsp;__item_find_cb
<LI><a href="#[1b]">&gt;&gt;</a>&nbsp;&nbsp;&nbsp;cut_test_kv_aos_2_003_run
</UL>

<P><STRONG><a name="[125]"></a>strcpy</STRONG> (Thumb, 18 bytes, Stack size 0 bytes, strcpy.o(.text))
<BR><BR>[Called By]<UL><LI><a href="#[109]">&gt;&gt;</a>&nbsp;&nbsp;&nbsp;aos_cli_printf
</UL>

<P><STRONG><a name="[1d6]"></a>strncmp</STRONG> (Thumb, 30 bytes, Stack size 12 bytes, strncmp.o(.text))
<BR><BR>[Stack]<UL><LI>Max Depth = 12<LI>Call Chain = strncmp
</UL>
<BR>[Called By]<UL><LI><a href="#[163]">&gt;&gt;</a>&nbsp;&nbsp;&nbsp;inode_open
<LI><a href="#[1c9]">&gt;&gt;</a>&nbsp;&nbsp;&nbsp;tab_complete
<LI><a href="#[20d]">&gt;&gt;</a>&nbsp;&nbsp;&nbsp;lookup_command
<LI><a href="#[4]">&gt;&gt;</a>&nbsp;&nbsp;&nbsp;log_cmd
</UL>

<P><STRONG><a name="[22d]"></a>strrchr</STRONG> (Thumb, 32 bytes, Stack size 0 bytes, strrchr.o(.text))
<BR><BR>[Called By]<UL><LI><a href="#[1d4]">&gt;&gt;</a>&nbsp;&nbsp;&nbsp;yts_run
</UL>

<P><STRONG><a name="[85]"></a>__aeabi_fdiv</STRONG> (Thumb, 124 bytes, Stack size 16 bytes, fdiv.o(.text))
<BR><BR>[Stack]<UL><LI>Max Depth = 16<LI>Call Chain = __aeabi_fdiv
</UL>
<BR>[Calls]<UL><LI><a href="#[86]">&gt;&gt;</a>&nbsp;&nbsp;&nbsp;_float_round
</UL>
<BR>[Called By]<UL><LI><a href="#[ed]">&gt;&gt;</a>&nbsp;&nbsp;&nbsp;UART_BaudREGCalc
</UL>

<P><STRONG><a name="[87]"></a>__aeabi_dadd</STRONG> (Thumb, 328 bytes, Stack size 48 bytes, dadd.o(.text))
<BR><BR>[Stack]<UL><LI>Max Depth = 104<LI>Call Chain = __aeabi_dadd &rArr; _double_epilogue &rArr; __aeabi_llsr
</UL>
<BR>[Calls]<UL><LI><a href="#[88]">&gt;&gt;</a>&nbsp;&nbsp;&nbsp;__aeabi_lasr
<LI><a href="#[80]">&gt;&gt;</a>&nbsp;&nbsp;&nbsp;__aeabi_llsl
<LI><a href="#[8a]">&gt;&gt;</a>&nbsp;&nbsp;&nbsp;_double_round
<LI><a href="#[89]">&gt;&gt;</a>&nbsp;&nbsp;&nbsp;_double_epilogue
</UL>
<BR>[Called By]<UL><LI><a href="#[8b]">&gt;&gt;</a>&nbsp;&nbsp;&nbsp;__aeabi_dsub
<LI><a href="#[8c]">&gt;&gt;</a>&nbsp;&nbsp;&nbsp;__aeabi_drsub
<LI><a href="#[ed]">&gt;&gt;</a>&nbsp;&nbsp;&nbsp;UART_BaudREGCalc
<LI><a href="#[114]">&gt;&gt;</a>&nbsp;&nbsp;&nbsp;_fp_digits
</UL>

<P><STRONG><a name="[8b]"></a>__aeabi_dsub</STRONG> (Thumb, 12 bytes, Stack size 8 bytes, dadd.o(.text))
<BR><BR>[Stack]<UL><LI>Max Depth = 112<LI>Call Chain = __aeabi_dsub &rArr; __aeabi_dadd &rArr; _double_epilogue &rArr; __aeabi_llsr
</UL>
<BR>[Calls]<UL><LI><a href="#[87]">&gt;&gt;</a>&nbsp;&nbsp;&nbsp;__aeabi_dadd
</UL>
<BR>[Called By]<UL><LI><a href="#[ed]">&gt;&gt;</a>&nbsp;&nbsp;&nbsp;UART_BaudREGCalc
</UL>

<P><STRONG><a name="[8c]"></a>__aeabi_drsub</STRONG> (Thumb, 12 bytes, Stack size 8 bytes, dadd.o(.text), UNUSED)
<BR><BR>[Calls]<UL><LI><a href="#[87]">&gt;&gt;</a>&nbsp;&nbsp;&nbsp;__aeabi_dadd
</UL>

<P><STRONG><a name="[8d]"></a>__aeabi_dmul</STRONG> (Thumb, 202 bytes, Stack size 72 bytes, dmul.o(.text), UNUSED)
<BR><BR>[Calls]<UL><LI><a href="#[89]">&gt;&gt;</a>&nbsp;&nbsp;&nbsp;_double_epilogue
</UL>
<BR>[Called By]<UL><LI><a href="#[114]">&gt;&gt;</a>&nbsp;&nbsp;&nbsp;_fp_digits
</UL>

<P><STRONG><a name="[8e]"></a>__aeabi_ddiv</STRONG> (Thumb, 234 bytes, Stack size 40 bytes, ddiv.o(.text), UNUSED)
<BR><BR>[Calls]<UL><LI><a href="#[8a]">&gt;&gt;</a>&nbsp;&nbsp;&nbsp;_double_round
</UL>
<BR>[Called By]<UL><LI><a href="#[114]">&gt;&gt;</a>&nbsp;&nbsp;&nbsp;_fp_digits
</UL>

<P><STRONG><a name="[8f]"></a>__aeabi_ui2f</STRONG> (Thumb, 14 bytes, Stack size 8 bytes, ffltui.o(.text))
<BR><BR>[Stack]<UL><LI>Max Depth = 20<LI>Call Chain = __aeabi_ui2f &rArr; _float_epilogue
</UL>
<BR>[Calls]<UL><LI><a href="#[90]">&gt;&gt;</a>&nbsp;&nbsp;&nbsp;_float_epilogue
</UL>
<BR>[Called By]<UL><LI><a href="#[ed]">&gt;&gt;</a>&nbsp;&nbsp;&nbsp;UART_BaudREGCalc
</UL>

<P><STRONG><a name="[91]"></a>__aeabi_d2uiz</STRONG> (Thumb, 50 bytes, Stack size 8 bytes, dfixui.o(.text))
<BR><BR>[Stack]<UL><LI>Max Depth = 16<LI>Call Chain = __aeabi_d2uiz &rArr; __aeabi_llsr
</UL>
<BR>[Calls]<UL><LI><a href="#[7f]">&gt;&gt;</a>&nbsp;&nbsp;&nbsp;__aeabi_llsr
</UL>
<BR>[Called By]<UL><LI><a href="#[ed]">&gt;&gt;</a>&nbsp;&nbsp;&nbsp;UART_BaudREGCalc
</UL>

<P><STRONG><a name="[ee]"></a>__aeabi_f2d</STRONG> (Thumb, 40 bytes, Stack size 0 bytes, f2d.o(.text))
<BR><BR>[Called By]<UL><LI><a href="#[ed]">&gt;&gt;</a>&nbsp;&nbsp;&nbsp;UART_BaudREGCalc
</UL>

<P><STRONG><a name="[80]"></a>__aeabi_llsl</STRONG> (Thumb, 32 bytes, Stack size 8 bytes, llshl.o(.text))
<BR><BR>[Stack]<UL><LI>Max Depth = 8<LI>Call Chain = __aeabi_llsl
</UL>
<BR>[Called By]<UL><LI><a href="#[87]">&gt;&gt;</a>&nbsp;&nbsp;&nbsp;__aeabi_dadd
<LI><a href="#[81]">&gt;&gt;</a>&nbsp;&nbsp;&nbsp;__aeabi_lmul
<LI><a href="#[7e]">&gt;&gt;</a>&nbsp;&nbsp;&nbsp;__aeabi_uldivmod
<LI><a href="#[89]">&gt;&gt;</a>&nbsp;&nbsp;&nbsp;_double_epilogue
<LI><a href="#[93]">&gt;&gt;</a>&nbsp;&nbsp;&nbsp;__aeabi_d2ulz
</UL>

<P><STRONG><a name="[245]"></a>_ll_shift_l</STRONG> (Thumb, 0 bytes, Stack size 8 bytes, llshl.o(.text), UNUSED)

<P><STRONG><a name="[7f]"></a>__aeabi_llsr</STRONG> (Thumb, 34 bytes, Stack size 8 bytes, llushr.o(.text))
<BR><BR>[Stack]<UL><LI>Max Depth = 8<LI>Call Chain = __aeabi_llsr
</UL>
<BR>[Called By]<UL><LI><a href="#[91]">&gt;&gt;</a>&nbsp;&nbsp;&nbsp;__aeabi_d2uiz
<LI><a href="#[7e]">&gt;&gt;</a>&nbsp;&nbsp;&nbsp;__aeabi_uldivmod
<LI><a href="#[89]">&gt;&gt;</a>&nbsp;&nbsp;&nbsp;_double_epilogue
<LI><a href="#[93]">&gt;&gt;</a>&nbsp;&nbsp;&nbsp;__aeabi_d2ulz
</UL>

<P><STRONG><a name="[246]"></a>_ll_ushift_r</STRONG> (Thumb, 0 bytes, Stack size 8 bytes, llushr.o(.text), UNUSED)

<P><STRONG><a name="[88]"></a>__aeabi_lasr</STRONG> (Thumb, 38 bytes, Stack size 8 bytes, llsshr.o(.text))
<BR><BR>[Stack]<UL><LI>Max Depth = 8<LI>Call Chain = __aeabi_lasr
</UL>
<BR>[Called By]<UL><LI><a href="#[87]">&gt;&gt;</a>&nbsp;&nbsp;&nbsp;__aeabi_dadd
</UL>

<P><STRONG><a name="[247]"></a>_ll_sshift_r</STRONG> (Thumb, 0 bytes, Stack size 8 bytes, llsshr.o(.text), UNUSED)

<P><STRONG><a name="[248]"></a>__I$use$fp</STRONG> (Thumb, 0 bytes, Stack size 0 bytes, iusefp.o(.text), UNUSED)

<P><STRONG><a name="[86]"></a>_float_round</STRONG> (Thumb, 16 bytes, Stack size 0 bytes, fepilogue.o(.text))
<BR><BR>[Called By]<UL><LI><a href="#[85]">&gt;&gt;</a>&nbsp;&nbsp;&nbsp;__aeabi_fdiv
</UL>

<P><STRONG><a name="[90]"></a>_float_epilogue</STRONG> (Thumb, 114 bytes, Stack size 12 bytes, fepilogue.o(.text))
<BR><BR>[Stack]<UL><LI>Max Depth = 12<LI>Call Chain = _float_epilogue
</UL>
<BR>[Called By]<UL><LI><a href="#[8f]">&gt;&gt;</a>&nbsp;&nbsp;&nbsp;__aeabi_ui2f
</UL>

<P><STRONG><a name="[8a]"></a>_double_round</STRONG> (Thumb, 26 bytes, Stack size 8 bytes, depilogue.o(.text))
<BR><BR>[Stack]<UL><LI>Max Depth = 8<LI>Call Chain = _double_round
</UL>
<BR>[Called By]<UL><LI><a href="#[8e]">&gt;&gt;</a>&nbsp;&nbsp;&nbsp;__aeabi_ddiv
<LI><a href="#[87]">&gt;&gt;</a>&nbsp;&nbsp;&nbsp;__aeabi_dadd
<LI><a href="#[89]">&gt;&gt;</a>&nbsp;&nbsp;&nbsp;_double_epilogue
</UL>

<P><STRONG><a name="[89]"></a>_double_epilogue</STRONG> (Thumb, 164 bytes, Stack size 48 bytes, depilogue.o(.text))
<BR><BR>[Stack]<UL><LI>Max Depth = 56<LI>Call Chain = _double_epilogue &rArr; __aeabi_llsr
</UL>
<BR>[Calls]<UL><LI><a href="#[92]">&gt;&gt;</a>&nbsp;&nbsp;&nbsp;__ARM_clz
<LI><a href="#[7f]">&gt;&gt;</a>&nbsp;&nbsp;&nbsp;__aeabi_llsr
<LI><a href="#[80]">&gt;&gt;</a>&nbsp;&nbsp;&nbsp;__aeabi_llsl
<LI><a href="#[8a]">&gt;&gt;</a>&nbsp;&nbsp;&nbsp;_double_round
</UL>
<BR>[Called By]<UL><LI><a href="#[8d]">&gt;&gt;</a>&nbsp;&nbsp;&nbsp;__aeabi_dmul
<LI><a href="#[87]">&gt;&gt;</a>&nbsp;&nbsp;&nbsp;__aeabi_dadd
</UL>

<P><STRONG><a name="[93]"></a>__aeabi_d2ulz</STRONG> (Thumb, 54 bytes, Stack size 8 bytes, dfixul.o(.text), UNUSED)
<BR><BR>[Calls]<UL><LI><a href="#[7f]">&gt;&gt;</a>&nbsp;&nbsp;&nbsp;__aeabi_llsr
<LI><a href="#[80]">&gt;&gt;</a>&nbsp;&nbsp;&nbsp;__aeabi_llsl
</UL>
<BR>[Called By]<UL><LI><a href="#[114]">&gt;&gt;</a>&nbsp;&nbsp;&nbsp;_fp_digits
</UL>

<P><STRONG><a name="[115]"></a>__aeabi_cdrcmple</STRONG> (Thumb, 38 bytes, Stack size 0 bytes, cdrcmple.o(.text), UNUSED)
<BR><BR>[Called By]<UL><LI><a href="#[114]">&gt;&gt;</a>&nbsp;&nbsp;&nbsp;_fp_digits
</UL>

<P><STRONG><a name="[7a]"></a>__scatterload</STRONG> (Thumb, 28 bytes, Stack size 0 bytes, init.o(.text))
<BR><BR>[Calls]<UL><LI><a href="#[94]">&gt;&gt;</a>&nbsp;&nbsp;&nbsp;__main_after_scatterload
</UL>
<BR>[Called By]<UL><LI><a href="#[79]">&gt;&gt;</a>&nbsp;&nbsp;&nbsp;_main_scatterload
</UL>

<P><STRONG><a name="[249]"></a>__scatterload_rt2</STRONG> (Thumb, 0 bytes, Stack size 0 bytes, init.o(.text), UNUSED)

<P><STRONG><a name="[24a]"></a>__decompress</STRONG> (Thumb, 0 bytes, Stack size unknown bytes, __dczerorl2.o(.text), UNUSED)

<P><STRONG><a name="[24b]"></a>__decompress1</STRONG> (Thumb, 86 bytes, Stack size unknown bytes, __dczerorl2.o(.text), UNUSED)

<P><STRONG><a name="[b7]"></a>ANAC_BORCON_OFF_BOR_Setable</STRONG> (Thumb, 26 bytes, Stack size 0 bytes, fm33a0xx_anac.o(i.ANAC_BORCON_OFF_BOR_Setable))
<BR><BR>[Called By]<UL><LI><a href="#[b3]">&gt;&gt;</a>&nbsp;&nbsp;&nbsp;Init_SysClk_Gen
</UL>

<P><STRONG><a name="[b6]"></a>ANAC_PDRCON_PDREN_Setable</STRONG> (Thumb, 26 bytes, Stack size 0 bytes, fm33a0xx_anac.o(i.ANAC_PDRCON_PDREN_Setable))
<BR><BR>[Called By]<UL><LI><a href="#[b3]">&gt;&gt;</a>&nbsp;&nbsp;&nbsp;Init_SysClk_Gen
</UL>

<P><STRONG><a name="[95]"></a>AltFunIO</STRONG> (Thumb, 144 bytes, Stack size 32 bytes, soc_init.o(i.AltFunIO))
<BR><BR>[Stack]<UL><LI>Max Depth = 48<LI>Call Chain = AltFunIO &rArr; GPIO_Init
</UL>
<BR>[Calls]<UL><LI><a href="#[97]">&gt;&gt;</a>&nbsp;&nbsp;&nbsp;GPIO_Init
<LI><a href="#[96]">&gt;&gt;</a>&nbsp;&nbsp;&nbsp;GPIO_Get_InitPara
</UL>
<BR>[Called By]<UL><LI><a href="#[aa]">&gt;&gt;</a>&nbsp;&nbsp;&nbsp;Init_IO
<LI><a href="#[be]">&gt;&gt;</a>&nbsp;&nbsp;&nbsp;hal_uart_init
</UL>

<P><STRONG><a name="[223]"></a>FLASH_Deinit</STRONG> (Thumb, 14 bytes, Stack size 0 bytes, fm33a0xx_flash.o(i.FLASH_Deinit))
<BR><BR>[Called By]<UL><LI><a href="#[19f]">&gt;&gt;</a>&nbsp;&nbsp;&nbsp;soc_init
</UL>

<P><STRONG><a name="[9a]"></a>FLASH_EPCON_EREQ_Set</STRONG> (Thumb, 18 bytes, Stack size 0 bytes, fm33a0xx_flash.o(i.FLASH_EPCON_EREQ_Set))
<BR><BR>[Called By]<UL><LI><a href="#[98]">&gt;&gt;</a>&nbsp;&nbsp;&nbsp;FLASH_Erase_Sector
</UL>

<P><STRONG><a name="[99]"></a>FLASH_EPCON_ERTYPE_Set</STRONG> (Thumb, 18 bytes, Stack size 0 bytes, fm33a0xx_flash.o(i.FLASH_EPCON_ERTYPE_Set))
<BR><BR>[Called By]<UL><LI><a href="#[98]">&gt;&gt;</a>&nbsp;&nbsp;&nbsp;FLASH_Erase_Sector
</UL>

<P><STRONG><a name="[9f]"></a>FLASH_EPCON_PREQ_Set</STRONG> (Thumb, 16 bytes, Stack size 0 bytes, fm33a0xx_flash.o(i.FLASH_EPCON_PREQ_Set))
<BR><BR>[Called By]<UL><LI><a href="#[9e]">&gt;&gt;</a>&nbsp;&nbsp;&nbsp;FLASH_Prog_ByteString
</UL>

<P><STRONG><a name="[98]"></a>FLASH_Erase_Sector</STRONG> (Thumb, 56 bytes, Stack size 8 bytes, fm33a0xx_flash.o(i.FLASH_Erase_Sector))
<BR><BR>[Stack]<UL><LI>Max Depth = 8<LI>Call Chain = FLASH_Erase_Sector
</UL>
<BR>[Calls]<UL><LI><a href="#[9b]">&gt;&gt;</a>&nbsp;&nbsp;&nbsp;FLASH_FLSKEY_Write
<LI><a href="#[9d]">&gt;&gt;</a>&nbsp;&nbsp;&nbsp;FLASH_FLSIF_ERDIF_Clr
<LI><a href="#[9c]">&gt;&gt;</a>&nbsp;&nbsp;&nbsp;FLASH_FLSIF_ERDIF_Chk
<LI><a href="#[99]">&gt;&gt;</a>&nbsp;&nbsp;&nbsp;FLASH_EPCON_ERTYPE_Set
<LI><a href="#[9a]">&gt;&gt;</a>&nbsp;&nbsp;&nbsp;FLASH_EPCON_EREQ_Set
</UL>
<BR>[Called By]<UL><LI><a href="#[110]">&gt;&gt;</a>&nbsp;&nbsp;&nbsp;_flash_unlock_erase
</UL>

<P><STRONG><a name="[9c]"></a>FLASH_FLSIF_ERDIF_Chk</STRONG> (Thumb, 16 bytes, Stack size 0 bytes, fm33a0xx_flash.o(i.FLASH_FLSIF_ERDIF_Chk))
<BR><BR>[Called By]<UL><LI><a href="#[98]">&gt;&gt;</a>&nbsp;&nbsp;&nbsp;FLASH_Erase_Sector
</UL>

<P><STRONG><a name="[9d]"></a>FLASH_FLSIF_ERDIF_Clr</STRONG> (Thumb, 8 bytes, Stack size 0 bytes, fm33a0xx_flash.o(i.FLASH_FLSIF_ERDIF_Clr))
<BR><BR>[Called By]<UL><LI><a href="#[98]">&gt;&gt;</a>&nbsp;&nbsp;&nbsp;FLASH_Erase_Sector
</UL>

<P><STRONG><a name="[a0]"></a>FLASH_FLSIF_PRDIF_Chk</STRONG> (Thumb, 16 bytes, Stack size 0 bytes, fm33a0xx_flash.o(i.FLASH_FLSIF_PRDIF_Chk))
<BR><BR>[Called By]<UL><LI><a href="#[9e]">&gt;&gt;</a>&nbsp;&nbsp;&nbsp;FLASH_Prog_ByteString
</UL>

<P><STRONG><a name="[a1]"></a>FLASH_FLSIF_PRDIF_Clr</STRONG> (Thumb, 8 bytes, Stack size 0 bytes, fm33a0xx_flash.o(i.FLASH_FLSIF_PRDIF_Clr))
<BR><BR>[Called By]<UL><LI><a href="#[9e]">&gt;&gt;</a>&nbsp;&nbsp;&nbsp;FLASH_Prog_ByteString
</UL>

<P><STRONG><a name="[9b]"></a>FLASH_FLSKEY_Write</STRONG> (Thumb, 6 bytes, Stack size 0 bytes, fm33a0xx_flash.o(i.FLASH_FLSKEY_Write))
<BR><BR>[Called By]<UL><LI><a href="#[9e]">&gt;&gt;</a>&nbsp;&nbsp;&nbsp;FLASH_Prog_ByteString
<LI><a href="#[98]">&gt;&gt;</a>&nbsp;&nbsp;&nbsp;FLASH_Erase_Sector
</UL>

<P><STRONG><a name="[b4]"></a>FLASH_FLSRDCON_WAIT_Set</STRONG> (Thumb, 18 bytes, Stack size 0 bytes, fm33a0xx_flash.o(i.FLASH_FLSRDCON_WAIT_Set))
<BR><BR>[Called By]<UL><LI><a href="#[b3]">&gt;&gt;</a>&nbsp;&nbsp;&nbsp;Init_SysClk_Gen
</UL>

<P><STRONG><a name="[9e]"></a>FLASH_Prog_ByteString</STRONG> (Thumb, 74 bytes, Stack size 20 bytes, fm33a0xx_flash.o(i.FLASH_Prog_ByteString))
<BR><BR>[Stack]<UL><LI>Max Depth = 20<LI>Call Chain = FLASH_Prog_ByteString
</UL>
<BR>[Calls]<UL><LI><a href="#[9b]">&gt;&gt;</a>&nbsp;&nbsp;&nbsp;FLASH_FLSKEY_Write
<LI><a href="#[a1]">&gt;&gt;</a>&nbsp;&nbsp;&nbsp;FLASH_FLSIF_PRDIF_Clr
<LI><a href="#[a0]">&gt;&gt;</a>&nbsp;&nbsp;&nbsp;FLASH_FLSIF_PRDIF_Chk
<LI><a href="#[9f]">&gt;&gt;</a>&nbsp;&nbsp;&nbsp;FLASH_EPCON_PREQ_Set
</UL>
<BR>[Called By]<UL><LI><a href="#[113]">&gt;&gt;</a>&nbsp;&nbsp;&nbsp;_flash_write_at
</UL>

<P><STRONG><a name="[a3]"></a>GPIO_EXTI_EXTIxIF_ChkEx</STRONG> (Thumb, 220 bytes, Stack size 16 bytes, fm33a0xx_gpio.o(i.GPIO_EXTI_EXTIxIF_ChkEx))
<BR><BR>[Stack]<UL><LI>Max Depth = 16<LI>Call Chain = GPIO_EXTI_EXTIxIF_ChkEx
</UL>
<BR>[Called By]<UL><LI><a href="#[46]">&gt;&gt;</a>&nbsp;&nbsp;&nbsp;GPIO_IRQHandler
</UL>

<P><STRONG><a name="[a4]"></a>GPIO_EXTI_EXTIxIF_ClrEx</STRONG> (Thumb, 168 bytes, Stack size 12 bytes, fm33a0xx_gpio.o(i.GPIO_EXTI_EXTIxIF_ClrEx))
<BR><BR>[Stack]<UL><LI>Max Depth = 12<LI>Call Chain = GPIO_EXTI_EXTIxIF_ClrEx
</UL>
<BR>[Called By]<UL><LI><a href="#[46]">&gt;&gt;</a>&nbsp;&nbsp;&nbsp;GPIO_IRQHandler
</UL>

<P><STRONG><a name="[96]"></a>GPIO_Get_InitPara</STRONG> (Thumb, 120 bytes, Stack size 16 bytes, fm33a0xx_gpio.o(i.GPIO_Get_InitPara))
<BR><BR>[Stack]<UL><LI>Max Depth = 16<LI>Call Chain = GPIO_Get_InitPara
</UL>
<BR>[Called By]<UL><LI><a href="#[95]">&gt;&gt;</a>&nbsp;&nbsp;&nbsp;AltFunIO
<LI><a href="#[ab]">&gt;&gt;</a>&nbsp;&nbsp;&nbsp;OutputIO
</UL>

<P><STRONG><a name="[46]"></a>GPIO_IRQHandler</STRONG> (Thumb, 70 bytes, Stack size 16 bytes, gpio.o(i.GPIO_IRQHandler))
<BR><BR>[Stack]<UL><LI>Max Depth = 32<LI>Call Chain = GPIO_IRQHandler &rArr; GPIO_EXTI_EXTIxIF_ChkEx
</UL>
<BR>[Calls]<UL><LI><a href="#[a4]">&gt;&gt;</a>&nbsp;&nbsp;&nbsp;GPIO_EXTI_EXTIxIF_ClrEx
<LI><a href="#[a3]">&gt;&gt;</a>&nbsp;&nbsp;&nbsp;GPIO_EXTI_EXTIxIF_ChkEx
<LI><a href="#[a2]">&gt;&gt;</a>&nbsp;&nbsp;&nbsp;port_transform_GPIOx
</UL>
<BR>[Address Reference Count : 1]<UL><LI> startup_fm33a0xx.o(RESET)
</UL>
<P><STRONG><a name="[97]"></a>GPIO_Init</STRONG> (Thumb, 80 bytes, Stack size 16 bytes, fm33a0xx_gpio.o(i.GPIO_Init))
<BR><BR>[Stack]<UL><LI>Max Depth = 16<LI>Call Chain = GPIO_Init
</UL>
<BR>[Called By]<UL><LI><a href="#[95]">&gt;&gt;</a>&nbsp;&nbsp;&nbsp;AltFunIO
<LI><a href="#[ab]">&gt;&gt;</a>&nbsp;&nbsp;&nbsp;OutputIO
</UL>

<P><STRONG><a name="[a7]"></a>IWDT_Clr</STRONG> (Thumb, 8 bytes, Stack size 0 bytes, fm33a0xx_iwdt.o(i.IWDT_Clr))
<BR><BR>[Called By]<UL><LI><a href="#[27]">&gt;&gt;</a>&nbsp;&nbsp;&nbsp;SysTick_Handler
<LI><a href="#[bb]">&gt;&gt;</a>&nbsp;&nbsp;&nbsp;Init_System
<LI><a href="#[a5]">&gt;&gt;</a>&nbsp;&nbsp;&nbsp;IWDT_Init
<LI><a href="#[bc]">&gt;&gt;</a>&nbsp;&nbsp;&nbsp;configDelay
<LI><a href="#[19c]">&gt;&gt;</a>&nbsp;&nbsp;&nbsp;hal_uart_send
<LI><a href="#[19a]">&gt;&gt;</a>&nbsp;&nbsp;&nbsp;hal_uart_recv_II
</UL>

<P><STRONG><a name="[a8]"></a>IWDT_IWDTCFG_IWDTOVP_Set</STRONG> (Thumb, 18 bytes, Stack size 0 bytes, fm33a0xx_iwdt.o(i.IWDT_IWDTCFG_IWDTOVP_Set))
<BR><BR>[Called By]<UL><LI><a href="#[a5]">&gt;&gt;</a>&nbsp;&nbsp;&nbsp;IWDT_Init
</UL>

<P><STRONG><a name="[a9]"></a>IWDT_IWDTCFG_IWDTSLP4096S_Setable</STRONG> (Thumb, 24 bytes, Stack size 0 bytes, fm33a0xx_iwdt.o(i.IWDT_IWDTCFG_IWDTSLP4096S_Setable))
<BR><BR>[Called By]<UL><LI><a href="#[a5]">&gt;&gt;</a>&nbsp;&nbsp;&nbsp;IWDT_Init
</UL>

<P><STRONG><a name="[a5]"></a>IWDT_Init</STRONG> (Thumb, 28 bytes, Stack size 8 bytes, soc_init.o(i.IWDT_Init))
<BR><BR>[Stack]<UL><LI>Max Depth = 16<LI>Call Chain = IWDT_Init &rArr; RCC_PERCLK_SetableEx
</UL>
<BR>[Calls]<UL><LI><a href="#[a9]">&gt;&gt;</a>&nbsp;&nbsp;&nbsp;IWDT_IWDTCFG_IWDTSLP4096S_Setable
<LI><a href="#[a8]">&gt;&gt;</a>&nbsp;&nbsp;&nbsp;IWDT_IWDTCFG_IWDTOVP_Set
<LI><a href="#[a7]">&gt;&gt;</a>&nbsp;&nbsp;&nbsp;IWDT_Clr
<LI><a href="#[a6]">&gt;&gt;</a>&nbsp;&nbsp;&nbsp;RCC_PERCLK_SetableEx
</UL>
<BR>[Called By]<UL><LI><a href="#[bb]">&gt;&gt;</a>&nbsp;&nbsp;&nbsp;Init_System
</UL>

<P><STRONG><a name="[aa]"></a>Init_IO</STRONG> (Thumb, 72 bytes, Stack size 16 bytes, soc_init.o(i.Init_IO))
<BR><BR>[Stack]<UL><LI>Max Depth = 64<LI>Call Chain = Init_IO &rArr; AltFunIO &rArr; GPIO_Init
</UL>
<BR>[Calls]<UL><LI><a href="#[95]">&gt;&gt;</a>&nbsp;&nbsp;&nbsp;AltFunIO
<LI><a href="#[ab]">&gt;&gt;</a>&nbsp;&nbsp;&nbsp;OutputIO
</UL>
<BR>[Called By]<UL><LI><a href="#[19f]">&gt;&gt;</a>&nbsp;&nbsp;&nbsp;soc_init
</UL>

<P><STRONG><a name="[ac]"></a>Init_PLL</STRONG> (Thumb, 32 bytes, Stack size 24 bytes, soc_init.o(i.Init_PLL))
<BR><BR>[Stack]<UL><LI>Max Depth = 36<LI>Call Chain = Init_PLL &rArr; RCC_PLL_Init &rArr; RCC_PLLDB_WriteEx
</UL>
<BR>[Calls]<UL><LI><a href="#[ad]">&gt;&gt;</a>&nbsp;&nbsp;&nbsp;RCC_PLL_Init
<LI><a href="#[ae]">&gt;&gt;</a>&nbsp;&nbsp;&nbsp;RCC_PLLCON_PLLEN_Setable
</UL>
<BR>[Called By]<UL><LI><a href="#[b3]">&gt;&gt;</a>&nbsp;&nbsp;&nbsp;Init_SysClk_Gen
</UL>

<P><STRONG><a name="[af]"></a>Init_RCC_PERIPH_clk</STRONG> (Thumb, 390 bytes, Stack size 8 bytes, soc_init.o(i.Init_RCC_PERIPH_clk))
<BR><BR>[Stack]<UL><LI>Max Depth = 16<LI>Call Chain = Init_RCC_PERIPH_clk &rArr; RCC_PERCLK_SetableEx
</UL>
<BR>[Calls]<UL><LI><a href="#[a6]">&gt;&gt;</a>&nbsp;&nbsp;&nbsp;RCC_PERCLK_SetableEx
</UL>
<BR>[Called By]<UL><LI><a href="#[b3]">&gt;&gt;</a>&nbsp;&nbsp;&nbsp;Init_SysClk_Gen
</UL>

<P><STRONG><a name="[b0]"></a>Init_SysClk</STRONG> (Thumb, 42 bytes, Stack size 40 bytes, soc_init.o(i.Init_SysClk))
<BR><BR>[Stack]<UL><LI>Max Depth = 48<LI>Call Chain = Init_SysClk &rArr; RCC_SysClk_Init
</UL>
<BR>[Calls]<UL><LI><a href="#[b2]">&gt;&gt;</a>&nbsp;&nbsp;&nbsp;RCC_SysClk_Init
<LI><a href="#[b1]">&gt;&gt;</a>&nbsp;&nbsp;&nbsp;RCC_RCHF_Init
</UL>
<BR>[Called By]<UL><LI><a href="#[b3]">&gt;&gt;</a>&nbsp;&nbsp;&nbsp;Init_SysClk_Gen
</UL>

<P><STRONG><a name="[b3]"></a>Init_SysClk_Gen</STRONG> (Thumb, 46 bytes, Stack size 8 bytes, soc_init.o(i.Init_SysClk_Gen))
<BR><BR>[Stack]<UL><LI>Max Depth = 56<LI>Call Chain = Init_SysClk_Gen &rArr; Init_SysClk &rArr; RCC_SysClk_Init
</UL>
<BR>[Calls]<UL><LI><a href="#[b4]">&gt;&gt;</a>&nbsp;&nbsp;&nbsp;FLASH_FLSRDCON_WAIT_Set
<LI><a href="#[b6]">&gt;&gt;</a>&nbsp;&nbsp;&nbsp;ANAC_PDRCON_PDREN_Setable
<LI><a href="#[b7]">&gt;&gt;</a>&nbsp;&nbsp;&nbsp;ANAC_BORCON_OFF_BOR_Setable
<LI><a href="#[b5]">&gt;&gt;</a>&nbsp;&nbsp;&nbsp;RCC_MPRIL_MPRIL_Set
<LI><a href="#[b8]">&gt;&gt;</a>&nbsp;&nbsp;&nbsp;SCU_Init
<LI><a href="#[b0]">&gt;&gt;</a>&nbsp;&nbsp;&nbsp;Init_SysClk
<LI><a href="#[af]">&gt;&gt;</a>&nbsp;&nbsp;&nbsp;Init_RCC_PERIPH_clk
<LI><a href="#[ac]">&gt;&gt;</a>&nbsp;&nbsp;&nbsp;Init_PLL
</UL>
<BR>[Called By]<UL><LI><a href="#[bb]">&gt;&gt;</a>&nbsp;&nbsp;&nbsp;Init_System
</UL>

<P><STRONG><a name="[b9]"></a>Init_SysTick</STRONG> (Thumb, 42 bytes, Stack size 16 bytes, soc_init.o(i.Init_SysTick))
<BR><BR>[Stack]<UL><LI>Max Depth = 28<LI>Call Chain = Init_SysTick &rArr; __aeabi_uidivmod
</UL>
<BR>[Calls]<UL><LI><a href="#[ba]">&gt;&gt;</a>&nbsp;&nbsp;&nbsp;NVIC_SetPriority
<LI><a href="#[7d]">&gt;&gt;</a>&nbsp;&nbsp;&nbsp;__aeabi_uidivmod
</UL>
<BR>[Called By]<UL><LI><a href="#[19f]">&gt;&gt;</a>&nbsp;&nbsp;&nbsp;soc_init
</UL>

<P><STRONG><a name="[bb]"></a>Init_System</STRONG> (Thumb, 62 bytes, Stack size 8 bytes, soc_init.o(i.Init_System))
<BR><BR>[Stack]<UL><LI>Max Depth = 216 + Unknown Stack Size
<LI>Call Chain = Init_System &rArr; hal_uart_init &rArr; UART_BaudREGCalc &rArr; __aeabi_dsub &rArr; __aeabi_dadd &rArr; _double_epilogue &rArr; __aeabi_llsr
</UL>
<BR>[Calls]<UL><LI><a href="#[a7]">&gt;&gt;</a>&nbsp;&nbsp;&nbsp;IWDT_Clr
<LI><a href="#[bd]">&gt;&gt;</a>&nbsp;&nbsp;&nbsp;RCC_Init_RCHF_Trim
<LI><a href="#[b3]">&gt;&gt;</a>&nbsp;&nbsp;&nbsp;Init_SysClk_Gen
<LI><a href="#[a5]">&gt;&gt;</a>&nbsp;&nbsp;&nbsp;IWDT_Init
<LI><a href="#[bc]">&gt;&gt;</a>&nbsp;&nbsp;&nbsp;configDelay
<LI><a href="#[be]">&gt;&gt;</a>&nbsp;&nbsp;&nbsp;hal_uart_init
</UL>
<BR>[Called By]<UL><LI><a href="#[19f]">&gt;&gt;</a>&nbsp;&nbsp;&nbsp;soc_init
</UL>

<P><STRONG><a name="[ab]"></a>OutputIO</STRONG> (Thumb, 112 bytes, Stack size 32 bytes, soc_init.o(i.OutputIO))
<BR><BR>[Stack]<UL><LI>Max Depth = 48<LI>Call Chain = OutputIO &rArr; GPIO_Init
</UL>
<BR>[Calls]<UL><LI><a href="#[97]">&gt;&gt;</a>&nbsp;&nbsp;&nbsp;GPIO_Init
<LI><a href="#[96]">&gt;&gt;</a>&nbsp;&nbsp;&nbsp;GPIO_Get_InitPara
</UL>
<BR>[Called By]<UL><LI><a href="#[aa]">&gt;&gt;</a>&nbsp;&nbsp;&nbsp;Init_IO
</UL>

<P><STRONG><a name="[bf]"></a>RCC_GetClocksFreq</STRONG> (Thumb, 254 bytes, Stack size 12 bytes, fm33a0xx_rcc.o(i.RCC_GetClocksFreq))
<BR><BR>[Stack]<UL><LI>Max Depth = 12<LI>Call Chain = RCC_GetClocksFreq
</UL>
<BR>[Calls]<UL><LI><a href="#[c5]">&gt;&gt;</a>&nbsp;&nbsp;&nbsp;RCC_SYSCLKSEL_SYSCLKSEL_Get
<LI><a href="#[c7]">&gt;&gt;</a>&nbsp;&nbsp;&nbsp;RCC_SYSCLKSEL_APBPRES_Get
<LI><a href="#[c6]">&gt;&gt;</a>&nbsp;&nbsp;&nbsp;RCC_SYSCLKSEL_AHBPRES_Get
<LI><a href="#[c0]">&gt;&gt;</a>&nbsp;&nbsp;&nbsp;RCC_RCHFCON_RCHFEN_Getable
<LI><a href="#[c1]">&gt;&gt;</a>&nbsp;&nbsp;&nbsp;RCC_RCHFCON_FSEL_Get
<LI><a href="#[c3]">&gt;&gt;</a>&nbsp;&nbsp;&nbsp;RCC_PLLCON_PLLINSEL_Get
<LI><a href="#[c2]">&gt;&gt;</a>&nbsp;&nbsp;&nbsp;RCC_PLLCON_PLLEN_Getable
<LI><a href="#[c4]">&gt;&gt;</a>&nbsp;&nbsp;&nbsp;RCC_PLLCON_PLLDB_Get
</UL>
<BR>[Called By]<UL><LI><a href="#[be]">&gt;&gt;</a>&nbsp;&nbsp;&nbsp;hal_uart_init
</UL>

<P><STRONG><a name="[bd]"></a>RCC_Init_RCHF_Trim</STRONG> (Thumb, 70 bytes, Stack size 4 bytes, fm33a0xx_rcc.o(i.RCC_Init_RCHF_Trim))
<BR><BR>[Stack]<UL><LI>Max Depth = 4<LI>Call Chain = RCC_Init_RCHF_Trim
</UL>
<BR>[Calls]<UL><LI><a href="#[c8]">&gt;&gt;</a>&nbsp;&nbsp;&nbsp;RCC_RCHFTRIM_Write
</UL>
<BR>[Called By]<UL><LI><a href="#[bb]">&gt;&gt;</a>&nbsp;&nbsp;&nbsp;Init_System
</UL>

<P><STRONG><a name="[b5]"></a>RCC_MPRIL_MPRIL_Set</STRONG> (Thumb, 18 bytes, Stack size 0 bytes, fm33a0xx_rcc.o(i.RCC_MPRIL_MPRIL_Set))
<BR><BR>[Called By]<UL><LI><a href="#[b3]">&gt;&gt;</a>&nbsp;&nbsp;&nbsp;Init_SysClk_Gen
</UL>

<P><STRONG><a name="[a6]"></a>RCC_PERCLK_SetableEx</STRONG> (Thumb, 78 bytes, Stack size 8 bytes, fm33a0xx_rcc.o(i.RCC_PERCLK_SetableEx))
<BR><BR>[Stack]<UL><LI>Max Depth = 8<LI>Call Chain = RCC_PERCLK_SetableEx
</UL>
<BR>[Called By]<UL><LI><a href="#[113]">&gt;&gt;</a>&nbsp;&nbsp;&nbsp;_flash_write_at
<LI><a href="#[110]">&gt;&gt;</a>&nbsp;&nbsp;&nbsp;_flash_unlock_erase
<LI><a href="#[19f]">&gt;&gt;</a>&nbsp;&nbsp;&nbsp;soc_init
<LI><a href="#[af]">&gt;&gt;</a>&nbsp;&nbsp;&nbsp;Init_RCC_PERIPH_clk
<LI><a href="#[a5]">&gt;&gt;</a>&nbsp;&nbsp;&nbsp;IWDT_Init
<LI><a href="#[be]">&gt;&gt;</a>&nbsp;&nbsp;&nbsp;hal_uart_init
</UL>

<P><STRONG><a name="[c4]"></a>RCC_PLLCON_PLLDB_Get</STRONG> (Thumb, 10 bytes, Stack size 0 bytes, fm33a0xx_rcc.o(i.RCC_PLLCON_PLLDB_Get))
<BR><BR>[Called By]<UL><LI><a href="#[bf]">&gt;&gt;</a>&nbsp;&nbsp;&nbsp;RCC_GetClocksFreq
</UL>

<P><STRONG><a name="[ca]"></a>RCC_PLLCON_PLLDB_Set</STRONG> (Thumb, 18 bytes, Stack size 0 bytes, fm33a0xx_rcc.o(i.RCC_PLLCON_PLLDB_Set))
<BR><BR>[Called By]<UL><LI><a href="#[c9]">&gt;&gt;</a>&nbsp;&nbsp;&nbsp;RCC_PLLDB_WriteEx
</UL>

<P><STRONG><a name="[c2]"></a>RCC_PLLCON_PLLEN_Getable</STRONG> (Thumb, 16 bytes, Stack size 0 bytes, fm33a0xx_rcc.o(i.RCC_PLLCON_PLLEN_Getable))
<BR><BR>[Called By]<UL><LI><a href="#[bf]">&gt;&gt;</a>&nbsp;&nbsp;&nbsp;RCC_GetClocksFreq
</UL>

<P><STRONG><a name="[ae]"></a>RCC_PLLCON_PLLEN_Setable</STRONG> (Thumb, 26 bytes, Stack size 0 bytes, fm33a0xx_rcc.o(i.RCC_PLLCON_PLLEN_Setable))
<BR><BR>[Called By]<UL><LI><a href="#[ad]">&gt;&gt;</a>&nbsp;&nbsp;&nbsp;RCC_PLL_Init
<LI><a href="#[ac]">&gt;&gt;</a>&nbsp;&nbsp;&nbsp;Init_PLL
</UL>

<P><STRONG><a name="[c3]"></a>RCC_PLLCON_PLLINSEL_Get</STRONG> (Thumb, 10 bytes, Stack size 0 bytes, fm33a0xx_rcc.o(i.RCC_PLLCON_PLLINSEL_Get))
<BR><BR>[Called By]<UL><LI><a href="#[bf]">&gt;&gt;</a>&nbsp;&nbsp;&nbsp;RCC_GetClocksFreq
</UL>

<P><STRONG><a name="[cc]"></a>RCC_PLLCON_PLLINSEL_Set</STRONG> (Thumb, 16 bytes, Stack size 0 bytes, fm33a0xx_rcc.o(i.RCC_PLLCON_PLLINSEL_Set))
<BR><BR>[Called By]<UL><LI><a href="#[ad]">&gt;&gt;</a>&nbsp;&nbsp;&nbsp;RCC_PLL_Init
</UL>

<P><STRONG><a name="[cb]"></a>RCC_PLLCON_PLLOSEL_Set</STRONG> (Thumb, 16 bytes, Stack size 0 bytes, fm33a0xx_rcc.o(i.RCC_PLLCON_PLLOSEL_Set))
<BR><BR>[Called By]<UL><LI><a href="#[ad]">&gt;&gt;</a>&nbsp;&nbsp;&nbsp;RCC_PLL_Init
</UL>

<P><STRONG><a name="[c9]"></a>RCC_PLLDB_WriteEx</STRONG> (Thumb, 10 bytes, Stack size 4 bytes, fm33a0xx_rcc.o(i.RCC_PLLDB_WriteEx))
<BR><BR>[Stack]<UL><LI>Max Depth = 4<LI>Call Chain = RCC_PLLDB_WriteEx
</UL>
<BR>[Calls]<UL><LI><a href="#[ca]">&gt;&gt;</a>&nbsp;&nbsp;&nbsp;RCC_PLLCON_PLLDB_Set
</UL>
<BR>[Called By]<UL><LI><a href="#[ad]">&gt;&gt;</a>&nbsp;&nbsp;&nbsp;RCC_PLL_Init
</UL>

<P><STRONG><a name="[ad]"></a>RCC_PLL_Init</STRONG> (Thumb, 30 bytes, Stack size 8 bytes, fm33a0xx_rcc.o(i.RCC_PLL_Init))
<BR><BR>[Stack]<UL><LI>Max Depth = 12<LI>Call Chain = RCC_PLL_Init &rArr; RCC_PLLDB_WriteEx
</UL>
<BR>[Calls]<UL><LI><a href="#[c9]">&gt;&gt;</a>&nbsp;&nbsp;&nbsp;RCC_PLLDB_WriteEx
<LI><a href="#[cb]">&gt;&gt;</a>&nbsp;&nbsp;&nbsp;RCC_PLLCON_PLLOSEL_Set
<LI><a href="#[cc]">&gt;&gt;</a>&nbsp;&nbsp;&nbsp;RCC_PLLCON_PLLINSEL_Set
<LI><a href="#[ae]">&gt;&gt;</a>&nbsp;&nbsp;&nbsp;RCC_PLLCON_PLLEN_Setable
</UL>
<BR>[Called By]<UL><LI><a href="#[ac]">&gt;&gt;</a>&nbsp;&nbsp;&nbsp;Init_PLL
</UL>

<P><STRONG><a name="[c1]"></a>RCC_RCHFCON_FSEL_Get</STRONG> (Thumb, 12 bytes, Stack size 0 bytes, fm33a0xx_rcc.o(i.RCC_RCHFCON_FSEL_Get))
<BR><BR>[Called By]<UL><LI><a href="#[bf]">&gt;&gt;</a>&nbsp;&nbsp;&nbsp;RCC_GetClocksFreq
</UL>

<P><STRONG><a name="[cd]"></a>RCC_RCHFCON_FSEL_Set</STRONG> (Thumb, 18 bytes, Stack size 0 bytes, fm33a0xx_rcc.o(i.RCC_RCHFCON_FSEL_Set))
<BR><BR>[Called By]<UL><LI><a href="#[b1]">&gt;&gt;</a>&nbsp;&nbsp;&nbsp;RCC_RCHF_Init
</UL>

<P><STRONG><a name="[c0]"></a>RCC_RCHFCON_RCHFEN_Getable</STRONG> (Thumb, 16 bytes, Stack size 0 bytes, fm33a0xx_rcc.o(i.RCC_RCHFCON_RCHFEN_Getable))
<BR><BR>[Called By]<UL><LI><a href="#[bf]">&gt;&gt;</a>&nbsp;&nbsp;&nbsp;RCC_GetClocksFreq
</UL>

<P><STRONG><a name="[ce]"></a>RCC_RCHFCON_RCHFEN_Setable</STRONG> (Thumb, 26 bytes, Stack size 0 bytes, fm33a0xx_rcc.o(i.RCC_RCHFCON_RCHFEN_Setable))
<BR><BR>[Called By]<UL><LI><a href="#[b1]">&gt;&gt;</a>&nbsp;&nbsp;&nbsp;RCC_RCHF_Init
</UL>

<P><STRONG><a name="[c8]"></a>RCC_RCHFTRIM_Write</STRONG> (Thumb, 10 bytes, Stack size 0 bytes, fm33a0xx_rcc.o(i.RCC_RCHFTRIM_Write))
<BR><BR>[Called By]<UL><LI><a href="#[bd]">&gt;&gt;</a>&nbsp;&nbsp;&nbsp;RCC_Init_RCHF_Trim
</UL>

<P><STRONG><a name="[b1]"></a>RCC_RCHF_Init</STRONG> (Thumb, 18 bytes, Stack size 8 bytes, fm33a0xx_rcc.o(i.RCC_RCHF_Init))
<BR><BR>[Stack]<UL><LI>Max Depth = 8<LI>Call Chain = RCC_RCHF_Init
</UL>
<BR>[Calls]<UL><LI><a href="#[ce]">&gt;&gt;</a>&nbsp;&nbsp;&nbsp;RCC_RCHFCON_RCHFEN_Setable
<LI><a href="#[cd]">&gt;&gt;</a>&nbsp;&nbsp;&nbsp;RCC_RCHFCON_FSEL_Set
</UL>
<BR>[Called By]<UL><LI><a href="#[b0]">&gt;&gt;</a>&nbsp;&nbsp;&nbsp;Init_SysClk
</UL>

<P><STRONG><a name="[c6]"></a>RCC_SYSCLKSEL_AHBPRES_Get</STRONG> (Thumb, 12 bytes, Stack size 0 bytes, fm33a0xx_rcc.o(i.RCC_SYSCLKSEL_AHBPRES_Get))
<BR><BR>[Called By]<UL><LI><a href="#[bf]">&gt;&gt;</a>&nbsp;&nbsp;&nbsp;RCC_GetClocksFreq
</UL>

<P><STRONG><a name="[d0]"></a>RCC_SYSCLKSEL_AHBPRES_Set</STRONG> (Thumb, 18 bytes, Stack size 0 bytes, fm33a0xx_rcc.o(i.RCC_SYSCLKSEL_AHBPRES_Set))
<BR><BR>[Called By]<UL><LI><a href="#[b2]">&gt;&gt;</a>&nbsp;&nbsp;&nbsp;RCC_SysClk_Init
</UL>

<P><STRONG><a name="[c7]"></a>RCC_SYSCLKSEL_APBPRES_Get</STRONG> (Thumb, 12 bytes, Stack size 0 bytes, fm33a0xx_rcc.o(i.RCC_SYSCLKSEL_APBPRES_Get))
<BR><BR>[Called By]<UL><LI><a href="#[bf]">&gt;&gt;</a>&nbsp;&nbsp;&nbsp;RCC_GetClocksFreq
</UL>

<P><STRONG><a name="[d1]"></a>RCC_SYSCLKSEL_APBPRES_Set</STRONG> (Thumb, 18 bytes, Stack size 0 bytes, fm33a0xx_rcc.o(i.RCC_SYSCLKSEL_APBPRES_Set))
<BR><BR>[Called By]<UL><LI><a href="#[b2]">&gt;&gt;</a>&nbsp;&nbsp;&nbsp;RCC_SysClk_Init
</UL>

<P><STRONG><a name="[d2]"></a>RCC_SYSCLKSEL_EXTICKSEL_Set</STRONG> (Thumb, 16 bytes, Stack size 0 bytes, fm33a0xx_rcc.o(i.RCC_SYSCLKSEL_EXTICKSEL_Set))
<BR><BR>[Called By]<UL><LI><a href="#[b2]">&gt;&gt;</a>&nbsp;&nbsp;&nbsp;RCC_SysClk_Init
</UL>

<P><STRONG><a name="[d4]"></a>RCC_SYSCLKSEL_LPM_RCLP_OFF_Setable</STRONG> (Thumb, 28 bytes, Stack size 0 bytes, fm33a0xx_rcc.o(i.RCC_SYSCLKSEL_LPM_RCLP_OFF_Setable))
<BR><BR>[Called By]<UL><LI><a href="#[b2]">&gt;&gt;</a>&nbsp;&nbsp;&nbsp;RCC_SysClk_Init
</UL>

<P><STRONG><a name="[d3]"></a>RCC_SYSCLKSEL_SLP_ENEXTI_Setable</STRONG> (Thumb, 24 bytes, Stack size 0 bytes, fm33a0xx_rcc.o(i.RCC_SYSCLKSEL_SLP_ENEXTI_Setable))
<BR><BR>[Called By]<UL><LI><a href="#[b2]">&gt;&gt;</a>&nbsp;&nbsp;&nbsp;RCC_SysClk_Init
</UL>

<P><STRONG><a name="[c5]"></a>RCC_SYSCLKSEL_SYSCLKSEL_Get</STRONG> (Thumb, 10 bytes, Stack size 0 bytes, fm33a0xx_rcc.o(i.RCC_SYSCLKSEL_SYSCLKSEL_Get))
<BR><BR>[Called By]<UL><LI><a href="#[bf]">&gt;&gt;</a>&nbsp;&nbsp;&nbsp;RCC_GetClocksFreq
</UL>

<P><STRONG><a name="[cf]"></a>RCC_SYSCLKSEL_SYSCLKSEL_Set</STRONG> (Thumb, 18 bytes, Stack size 0 bytes, fm33a0xx_rcc.o(i.RCC_SYSCLKSEL_SYSCLKSEL_Set))
<BR><BR>[Called By]<UL><LI><a href="#[b2]">&gt;&gt;</a>&nbsp;&nbsp;&nbsp;RCC_SysClk_Init
</UL>

<P><STRONG><a name="[b2]"></a>RCC_SysClk_Init</STRONG> (Thumb, 42 bytes, Stack size 8 bytes, fm33a0xx_rcc.o(i.RCC_SysClk_Init))
<BR><BR>[Stack]<UL><LI>Max Depth = 8<LI>Call Chain = RCC_SysClk_Init
</UL>
<BR>[Calls]<UL><LI><a href="#[cf]">&gt;&gt;</a>&nbsp;&nbsp;&nbsp;RCC_SYSCLKSEL_SYSCLKSEL_Set
<LI><a href="#[d3]">&gt;&gt;</a>&nbsp;&nbsp;&nbsp;RCC_SYSCLKSEL_SLP_ENEXTI_Setable
<LI><a href="#[d4]">&gt;&gt;</a>&nbsp;&nbsp;&nbsp;RCC_SYSCLKSEL_LPM_RCLP_OFF_Setable
<LI><a href="#[d2]">&gt;&gt;</a>&nbsp;&nbsp;&nbsp;RCC_SYSCLKSEL_EXTICKSEL_Set
<LI><a href="#[d1]">&gt;&gt;</a>&nbsp;&nbsp;&nbsp;RCC_SYSCLKSEL_APBPRES_Set
<LI><a href="#[d0]">&gt;&gt;</a>&nbsp;&nbsp;&nbsp;RCC_SYSCLKSEL_AHBPRES_Set
</UL>
<BR>[Called By]<UL><LI><a href="#[b0]">&gt;&gt;</a>&nbsp;&nbsp;&nbsp;Init_SysClk
</UL>

<P><STRONG><a name="[b8]"></a>SCU_Init</STRONG> (Thumb, 70 bytes, Stack size 8 bytes, soc_init.o(i.SCU_Init))
<BR><BR>[Stack]<UL><LI>Max Depth = 8<LI>Call Chain = SCU_Init
</UL>
<BR>[Calls]<UL><LI><a href="#[d5]">&gt;&gt;</a>&nbsp;&nbsp;&nbsp;SCU_MCUDBGCR_DBG_WWDT_STOP_Setable
<LI><a href="#[d6]">&gt;&gt;</a>&nbsp;&nbsp;&nbsp;SCU_MCUDBGCR_DBG_IWDT_STOP_Setable
<LI><a href="#[d7]">&gt;&gt;</a>&nbsp;&nbsp;&nbsp;SCU_MCUDBGCR_DBG_ET4_STOP_Setable
<LI><a href="#[d8]">&gt;&gt;</a>&nbsp;&nbsp;&nbsp;SCU_MCUDBGCR_DBG_ET3_STOP_Setable
<LI><a href="#[d9]">&gt;&gt;</a>&nbsp;&nbsp;&nbsp;SCU_MCUDBGCR_DBG_ET2_STOP_Setable
<LI><a href="#[da]">&gt;&gt;</a>&nbsp;&nbsp;&nbsp;SCU_MCUDBGCR_DBG_ET1_STOP_Setable
<LI><a href="#[db]">&gt;&gt;</a>&nbsp;&nbsp;&nbsp;SCU_MCUDBGCR_DBG_BT2_STOP_Setable
<LI><a href="#[dc]">&gt;&gt;</a>&nbsp;&nbsp;&nbsp;SCU_MCUDBGCR_DBG_BT1_STOP_Setable
</UL>
<BR>[Called By]<UL><LI><a href="#[b3]">&gt;&gt;</a>&nbsp;&nbsp;&nbsp;Init_SysClk_Gen
</UL>

<P><STRONG><a name="[dc]"></a>SCU_MCUDBGCR_DBG_BT1_STOP_Setable</STRONG> (Thumb, 26 bytes, Stack size 0 bytes, fm33a0xx_scu.o(i.SCU_MCUDBGCR_DBG_BT1_STOP_Setable))
<BR><BR>[Called By]<UL><LI><a href="#[b8]">&gt;&gt;</a>&nbsp;&nbsp;&nbsp;SCU_Init
</UL>

<P><STRONG><a name="[db]"></a>SCU_MCUDBGCR_DBG_BT2_STOP_Setable</STRONG> (Thumb, 26 bytes, Stack size 0 bytes, fm33a0xx_scu.o(i.SCU_MCUDBGCR_DBG_BT2_STOP_Setable))
<BR><BR>[Called By]<UL><LI><a href="#[b8]">&gt;&gt;</a>&nbsp;&nbsp;&nbsp;SCU_Init
</UL>

<P><STRONG><a name="[da]"></a>SCU_MCUDBGCR_DBG_ET1_STOP_Setable</STRONG> (Thumb, 26 bytes, Stack size 0 bytes, fm33a0xx_scu.o(i.SCU_MCUDBGCR_DBG_ET1_STOP_Setable))
<BR><BR>[Called By]<UL><LI><a href="#[b8]">&gt;&gt;</a>&nbsp;&nbsp;&nbsp;SCU_Init
</UL>

<P><STRONG><a name="[d9]"></a>SCU_MCUDBGCR_DBG_ET2_STOP_Setable</STRONG> (Thumb, 26 bytes, Stack size 0 bytes, fm33a0xx_scu.o(i.SCU_MCUDBGCR_DBG_ET2_STOP_Setable))
<BR><BR>[Called By]<UL><LI><a href="#[b8]">&gt;&gt;</a>&nbsp;&nbsp;&nbsp;SCU_Init
</UL>

<P><STRONG><a name="[d8]"></a>SCU_MCUDBGCR_DBG_ET3_STOP_Setable</STRONG> (Thumb, 26 bytes, Stack size 0 bytes, fm33a0xx_scu.o(i.SCU_MCUDBGCR_DBG_ET3_STOP_Setable))
<BR><BR>[Called By]<UL><LI><a href="#[b8]">&gt;&gt;</a>&nbsp;&nbsp;&nbsp;SCU_Init
</UL>

<P><STRONG><a name="[d7]"></a>SCU_MCUDBGCR_DBG_ET4_STOP_Setable</STRONG> (Thumb, 26 bytes, Stack size 0 bytes, fm33a0xx_scu.o(i.SCU_MCUDBGCR_DBG_ET4_STOP_Setable))
<BR><BR>[Called By]<UL><LI><a href="#[b8]">&gt;&gt;</a>&nbsp;&nbsp;&nbsp;SCU_Init
</UL>

<P><STRONG><a name="[d6]"></a>SCU_MCUDBGCR_DBG_IWDT_STOP_Setable</STRONG> (Thumb, 28 bytes, Stack size 0 bytes, fm33a0xx_scu.o(i.SCU_MCUDBGCR_DBG_IWDT_STOP_Setable))
<BR><BR>[Called By]<UL><LI><a href="#[b8]">&gt;&gt;</a>&nbsp;&nbsp;&nbsp;SCU_Init
</UL>

[...]
</UL>
<BR>[Address Reference Count : 1]<UL><LI> aos_test.o(.data)
</UL>
<P><STRONG><a name="[1e]"></a>cut_test_yloop_aos_2_006_run</STRONG> (Thumb, 348 bytes, Stack size 40 bytes, aos_test.o(i.cut_test_yloop_aos_2_006_run))
<BR><BR>[Stack]<UL><LI>Max Depth = 280 + Unknown Stack Size
<LI>Call Chain = cut_test_yloop_aos_2_006_run &rArr; aos_task_new &rArr; krhino_task_dyn_create &rArr; task_dyn_create &rArr; task_create &rArr; ready_list_add_tail &rArr; ready_list_init
</UL>
<BR>[Calls]<UL><LI><a href="#[103]">&gt;&gt;</a>&nbsp;&nbsp;&nbsp;__aeabi_assert
<LI><a href="#[18c]">&gt;&gt;</a>&nbsp;&nbsp;&nbsp;aos_task_new
<LI><a href="#[14a]">&gt;&gt;</a>&nbsp;&nbsp;&nbsp;aos_sem_wait
<LI><a href="#[147]">&gt;&gt;</a>&nbsp;&nbsp;&nbsp;aos_sem_new
<LI><a href="#[17e]">&gt;&gt;</a>&nbsp;&nbsp;&nbsp;aos_sem_free
<LI><a href="#[1bb]">&gt;&gt;</a>&nbsp;&nbsp;&nbsp;malloc
<LI><a href="#[82]">&gt;&gt;</a>&nbsp;&nbsp;&nbsp;__aeabi_memclr
<LI><a href="#[1bc]">&gt;&gt;</a>&nbsp;&nbsp;&nbsp;__2snprintf
</UL>
<BR>[Address Reference Count : 1]<UL><LI> aos_test.o(.data)
</UL>
<P><STRONG><a name="[1f]"></a>cut_test_yloop_aos_2_007_run</STRONG> (Thumb, 220 bytes, Stack size 40 bytes, aos_test.o(i.cut_test_yloop_aos_2_007_run))
<BR><BR>[Stack]<UL><LI>Max Depth = 224 + Unknown Stack Size
<LI>Call Chain = cut_test_yloop_aos_2_007_run &rArr; aos_loop_run &rArr; aos_poll &rArr; wait_io &rArr; aos_sem_wait &rArr; krhino_ms_to_ticks &rArr; __aeabi_lmul &rArr; __aeabi_llsl
</UL>
<BR>[Calls]<UL><LI><a href="#[103]">&gt;&gt;</a>&nbsp;&nbsp;&nbsp;__aeabi_assert
<LI><a href="#[16d]">&gt;&gt;</a>&nbsp;&nbsp;&nbsp;aos_post_delayed_action
<LI><a href="#[155]">&gt;&gt;</a>&nbsp;&nbsp;&nbsp;aos_loop_run
<LI><a href="#[1bb]">&gt;&gt;</a>&nbsp;&nbsp;&nbsp;malloc
<LI><a href="#[82]">&gt;&gt;</a>&nbsp;&nbsp;&nbsp;__aeabi_memclr
<LI><a href="#[1bc]">&gt;&gt;</a>&nbsp;&nbsp;&nbsp;__2snprintf
</UL>
<BR>[Address Reference Count : 1]<UL><LI> aos_test.o(.data)
</UL>
<P><STRONG><a name="[20]"></a>cut_test_yloop_aos_2_008_run</STRONG> (Thumb, 342 bytes, Stack size 40 bytes, aos_test.o(i.cut_test_yloop_aos_2_008_run))
<BR><BR>[Stack]<UL><LI>Max Depth = 224 + Unknown Stack Size
<LI>Call Chain = cut_test_yloop_aos_2_008_run &rArr; aos_loop_run &rArr; aos_poll &rArr; wait_io &rArr; aos_sem_wait &rArr; krhino_ms_to_ticks &rArr; __aeabi_lmul &rArr; __aeabi_llsl
</UL>
<BR>[Calls]<UL><LI><a href="#[103]">&gt;&gt;</a>&nbsp;&nbsp;&nbsp;__aeabi_assert
<LI><a href="#[159]">&gt;&gt;</a>&nbsp;&nbsp;&nbsp;aos_msleep
<LI><a href="#[16d]">&gt;&gt;</a>&nbsp;&nbsp;&nbsp;aos_post_delayed_action
<LI><a href="#[155]">&gt;&gt;</a>&nbsp;&nbsp;&nbsp;aos_loop_run
<LI><a href="#[1bb]">&gt;&gt;</a>&nbsp;&nbsp;&nbsp;malloc
<LI><a href="#[82]">&gt;&gt;</a>&nbsp;&nbsp;&nbsp;__aeabi_memclr
<LI><a href="#[1bc]">&gt;&gt;</a>&nbsp;&nbsp;&nbsp;__2snprintf
</UL>
<BR>[Address Reference Count : 1]<UL><LI> aos_test.o(.data)
</UL>
<P><STRONG><a name="[21]"></a>cut_test_yloop_aos_2_009_run</STRONG> (Thumb, 310 bytes, Stack size 56 bytes, aos_test.o(i.cut_test_yloop_aos_2_009_run))
<BR><BR>[Stack]<UL><LI>Max Depth = 296 + Unknown Stack Size
<LI>Call Chain = cut_test_yloop_aos_2_009_run &rArr; aos_task_new &rArr; krhino_task_dyn_create &rArr; task_dyn_create &rArr; task_create &rArr; ready_list_add_tail &rArr; ready_list_init
</UL>
<BR>[Calls]<UL><LI><a href="#[103]">&gt;&gt;</a>&nbsp;&nbsp;&nbsp;__aeabi_assert
<LI><a href="#[159]">&gt;&gt;</a>&nbsp;&nbsp;&nbsp;aos_msleep
<LI><a href="#[18c]">&gt;&gt;</a>&nbsp;&nbsp;&nbsp;aos_task_new
<LI><a href="#[14a]">&gt;&gt;</a>&nbsp;&nbsp;&nbsp;aos_sem_wait
<LI><a href="#[147]">&gt;&gt;</a>&nbsp;&nbsp;&nbsp;aos_sem_new
<LI><a href="#[17e]">&gt;&gt;</a>&nbsp;&nbsp;&nbsp;aos_sem_free
<LI><a href="#[1bb]">&gt;&gt;</a>&nbsp;&nbsp;&nbsp;malloc
<LI><a href="#[82]">&gt;&gt;</a>&nbsp;&nbsp;&nbsp;__aeabi_memclr
<LI><a href="#[1bc]">&gt;&gt;</a>&nbsp;&nbsp;&nbsp;__2snprintf
<LI><a href="#[1b8]">&gt;&gt;</a>&nbsp;&nbsp;&nbsp;__2printf
</UL>
<BR>[Address Reference Count : 1]<UL><LI> aos_test.o(.data)
</UL>
<P><STRONG><a name="[5d]"></a>delayed_action1</STRONG> (Thumb, 42 bytes, Stack size 8 bytes, aos_test.o(i.delayed_action1))
<BR><BR>[Stack]<UL><LI>Max Depth = 128 + Unknown Stack Size
<LI>Call Chain = delayed_action1 &rArr; aos_post_delayed_action &rArr; aos_now_ms &rArr; krhino_sys_time_get &rArr; __aeabi_lmul &rArr; __aeabi_llsl
</UL>
<BR>[Calls]<UL><LI><a href="#[16d]">&gt;&gt;</a>&nbsp;&nbsp;&nbsp;aos_post_delayed_action
<LI><a href="#[11d]">&gt;&gt;</a>&nbsp;&nbsp;&nbsp;aos_cancel_delayed_action
<LI><a href="#[1b8]">&gt;&gt;</a>&nbsp;&nbsp;&nbsp;__2printf
</UL>
<BR>[Address Reference Count : 2]<UL><LI> aos_test.o(i.cut_test_yloop_aos_2_005_run)
<LI> aos_test.o(i.delayed_action1)
</UL>
<P><STRONG><a name="[5e]"></a>delayed_action2</STRONG> (Thumb, 22 bytes, Stack size 8 bytes, aos_test.o(i.delayed_action2))
<BR><BR>[Stack]<UL><LI>Max Depth = 56 + Unknown Stack Size
<LI>Call Chain = delayed_action2 &rArr; aos_loop_exit &rArr; get_context &rArr; aos_task_setspecific &rArr; krhino_task_info_set
</UL>
<BR>[Calls]<UL><LI><a href="#[151]">&gt;&gt;</a>&nbsp;&nbsp;&nbsp;aos_loop_exit
<LI><a href="#[1b8]">&gt;&gt;</a>&nbsp;&nbsp;&nbsp;__2printf
</UL>
<BR>[Address Reference Count : 4]<UL><LI> aos_test.o(i.cut_test_yloop_aos_2_005_run)
<LI> aos_test.o(i.cut_test_yloop_aos_2_007_run)
<LI> aos_test.o(i.cut_test_yloop_aos_2_008_run)
<LI> aos_test.o(i.task_loop1)
</UL>
<P><STRONG><a name="[60]"></a>delayed_action3</STRONG> (Thumb, 10 bytes, Stack size 0 bytes, aos_test.o(i.delayed_action3))
<BR>[Address Reference Count : 1]<UL><LI> aos_test.o(i.cut_test_yloop_aos_2_008_run)
</UL>
<P><STRONG><a name="[1c3]"></a>dump_test_config</STRONG> (Thumb, 206 bytes, Stack size 8 bytes, aos_test.o(i.dump_test_config))
<BR><BR>[Stack]<UL><LI>Max Depth = 32<LI>Call Chain = dump_test_config &rArr; __2printf
</UL>
<BR>[Calls]<UL><LI><a href="#[1b8]">&gt;&gt;</a>&nbsp;&nbsp;&nbsp;__2printf
</UL>
<BR>[Called By]<UL><LI><a href="#[11c]">&gt;&gt;</a>&nbsp;&nbsp;&nbsp;test_certificate
</UL>

<P><STRONG><a name="[5c]"></a>ev_callback1</STRONG> (Thumb, 20 bytes, Stack size 8 bytes, aos_test.o(i.ev_callback1))
<BR><BR>[Stack]<UL><LI>Max Depth = 56 + Unknown Stack Size
<LI>Call Chain = ev_callback1 &rArr; aos_loop_exit &rArr; get_context &rArr; aos_task_setspecific &rArr; krhino_task_info_set
</UL>
<BR>[Calls]<UL><LI><a href="#[151]">&gt;&gt;</a>&nbsp;&nbsp;&nbsp;aos_loop_exit
<LI><a href="#[1b8]">&gt;&gt;</a>&nbsp;&nbsp;&nbsp;__2printf
</UL>
<BR>[Address Reference Count : 1]<UL><LI> aos_test.o(i.cut_test_yloop_aos_2_004_run)
</UL>
<P><STRONG><a name="[54]"></a>task0</STRONG> (Thumb, 16 bytes, Stack size 8 bytes, aos_test.o(i.task0))
<BR><BR>[Stack]<UL><LI>Max Depth = 120 + Unknown Stack Size
<LI>Call Chain = task0 &rArr; aos_task_exit &rArr; krhino_task_dyn_del &rArr; krhino_sem_give &rArr; sem_give &rArr; pend_task_wakeup &rArr; ready_list_add &rArr; ready_list_add_tail &rArr; ready_list_init
</UL>
<BR>[Calls]<UL><LI><a href="#[181]">&gt;&gt;</a>&nbsp;&nbsp;&nbsp;aos_sem_signal
<LI><a href="#[143]">&gt;&gt;</a>&nbsp;&nbsp;&nbsp;aos_task_exit
</UL>
<BR>[Address Reference Count : 1]<UL><LI> aos_test.o(i.cut_test_task_aos_1_012_run)
</UL>
<P><STRONG><a name="[51]"></a>task1</STRONG> (Thumb, 28 bytes, Stack size 8 bytes, aos_test.o(i.task1))
<BR><BR>[Stack]<UL><LI>Max Depth = 120 + Unknown Stack Size
<LI>Call Chain = task1 &rArr; aos_task_exit &rArr; krhino_task_dyn_del &rArr; krhino_sem_give &rArr; sem_give &rArr; pend_task_wakeup &rArr; ready_list_add &rArr; ready_list_add_tail &rArr; ready_list_init
</UL>
<BR>[Calls]<UL><LI><a href="#[181]">&gt;&gt;</a>&nbsp;&nbsp;&nbsp;aos_sem_signal
<LI><a href="#[143]">&gt;&gt;</a>&nbsp;&nbsp;&nbsp;aos_task_exit
<LI><a href="#[18b]">&gt;&gt;</a>&nbsp;&nbsp;&nbsp;aos_task_name
<LI><a href="#[1b8]">&gt;&gt;</a>&nbsp;&nbsp;&nbsp;__2printf
</UL>
<BR>[Address Reference Count : 3]<UL><LI> aos_test.o(i.cut_test_task_aos_1_006_run)
<LI> aos_test.o(i.cut_test_task_aos_1_007_run)
<LI> aos_test.o(i.cut_test_task_aos_1_011_run)
</UL>
<P><STRONG><a name="[52]"></a>task2</STRONG> (Thumb, 158 bytes, Stack size 40 bytes, aos_test.o(i.task2))
<BR><BR>[Stack]<UL><LI>Max Depth = 152 + Unknown Stack Size
<LI>Call Chain = task2 &rArr; aos_task_exit &rArr; krhino_task_dyn_del &rArr; krhino_sem_give &rArr; sem_give &rArr; pend_task_wakeup &rArr; ready_list_add &rArr; ready_list_add_tail &rArr; ready_list_init
</UL>
<BR>[Calls]<UL><LI><a href="#[103]">&gt;&gt;</a>&nbsp;&nbsp;&nbsp;__aeabi_assert
<LI><a href="#[181]">&gt;&gt;</a>&nbsp;&nbsp;&nbsp;aos_sem_signal
<LI><a href="#[153]">&gt;&gt;</a>&nbsp;&nbsp;&nbsp;aos_task_key_create
<LI><a href="#[143]">&gt;&gt;</a>&nbsp;&nbsp;&nbsp;aos_task_exit
<LI><a href="#[1bb]">&gt;&gt;</a>&nbsp;&nbsp;&nbsp;malloc
<LI><a href="#[18b]">&gt;&gt;</a>&nbsp;&nbsp;&nbsp;aos_task_name
<LI><a href="#[226]">&gt;&gt;</a>&nbsp;&nbsp;&nbsp;aos_task_key_delete
<LI><a href="#[82]">&gt;&gt;</a>&nbsp;&nbsp;&nbsp;__aeabi_memclr
<LI><a href="#[1bc]">&gt;&gt;</a>&nbsp;&nbsp;&nbsp;__2snprintf
<LI><a href="#[1b8]">&gt;&gt;</a>&nbsp;&nbsp;&nbsp;__2printf
</UL>
<BR>[Address Reference Count : 2]<UL><LI> aos_test.o(i.cut_test_task_aos_1_008_run)
<LI> aos_test.o(i.cut_test_task_aos_1_009_run)
</UL>
<P><STRONG><a name="[53]"></a>task3</STRONG> (Thumb, 670 bytes, Stack size 40 bytes, aos_test.o(i.task3))
<BR><BR>[Stack]<UL><LI>Max Depth = 152 + Unknown Stack Size
<LI>Call Chain = task3 &rArr; aos_task_exit &rArr; krhino_task_dyn_del &rArr; krhino_sem_give &rArr; sem_give &rArr; pend_task_wakeup &rArr; ready_list_add &rArr; ready_list_add_tail &rArr; ready_list_init
</UL>
<BR>[Calls]<UL><LI><a href="#[103]">&gt;&gt;</a>&nbsp;&nbsp;&nbsp;__aeabi_assert
<LI><a href="#[181]">&gt;&gt;</a>&nbsp;&nbsp;&nbsp;aos_sem_signal
<LI><a href="#[150]">&gt;&gt;</a>&nbsp;&nbsp;&nbsp;aos_task_setspecific
<LI><a href="#[153]">&gt;&gt;</a>&nbsp;&nbsp;&nbsp;aos_task_key_create
<LI><a href="#[14e]">&gt;&gt;</a>&nbsp;&nbsp;&nbsp;aos_task_getspecific
<LI><a href="#[143]">&gt;&gt;</a>&nbsp;&nbsp;&nbsp;aos_task_exit
<LI><a href="#[1bb]">&gt;&gt;</a>&nbsp;&nbsp;&nbsp;malloc
<LI><a href="#[18b]">&gt;&gt;</a>&nbsp;&nbsp;&nbsp;aos_task_name
<LI><a href="#[226]">&gt;&gt;</a>&nbsp;&nbsp;&nbsp;aos_task_key_delete
<LI><a href="#[82]">&gt;&gt;</a>&nbsp;&nbsp;&nbsp;__aeabi_memclr
<LI><a href="#[1bc]">&gt;&gt;</a>&nbsp;&nbsp;&nbsp;__2snprintf
<LI><a href="#[1b8]">&gt;&gt;</a>&nbsp;&nbsp;&nbsp;__2printf
</UL>
<BR>[Address Reference Count : 1]<UL><LI> aos_test.o(i.cut_test_task_aos_1_010_run)
</UL>
<P><STRONG><a name="[55]"></a>task4</STRONG> (Thumb, 68 bytes, Stack size 24 bytes, aos_test.o(i.task4))
<BR><BR>[Stack]<UL><LI>Max Depth = 136 + Unknown Stack Size
<LI>Call Chain = task4 &rArr; aos_task_exit &rArr; krhino_task_dyn_del &rArr; krhino_sem_give &rArr; sem_give &rArr; pend_task_wakeup &rArr; ready_list_add &rArr; ready_list_add_tail &rArr; ready_list_init
</UL>
<BR>[Calls]<UL><LI><a href="#[181]">&gt;&gt;</a>&nbsp;&nbsp;&nbsp;aos_sem_signal
<LI><a href="#[143]">&gt;&gt;</a>&nbsp;&nbsp;&nbsp;aos_task_exit
<LI><a href="#[10e]">&gt;&gt;</a>&nbsp;&nbsp;&nbsp;aos_mutex_unlock
<LI><a href="#[10d]">&gt;&gt;</a>&nbsp;&nbsp;&nbsp;aos_mutex_lock
<LI><a href="#[18b]">&gt;&gt;</a>&nbsp;&nbsp;&nbsp;aos_task_name
<LI><a href="#[1b8]">&gt;&gt;</a>&nbsp;&nbsp;&nbsp;__2printf
</UL>
<BR>[Address Reference Count : 1]<UL><LI> aos_test.o(i.cut_test_task_comm_aos_1_014_run)
</UL>
<P><STRONG><a name="[56]"></a>task5</STRONG> (Thumb, 68 bytes, Stack size 24 bytes, aos_test.o(i.task5))
<BR><BR>[Stack]<UL><LI>Max Depth = 136 + Unknown Stack Size
<LI>Call Chain = task5 &rArr; aos_task_exit &rArr; krhino_task_dyn_del &rArr; krhino_sem_give &rArr; sem_give &rArr; pend_task_wakeup &rArr; ready_list_add &rArr; ready_list_add_tail &rArr; ready_list_init
</UL>
<BR>[Calls]<UL><LI><a href="#[181]">&gt;&gt;</a>&nbsp;&nbsp;&nbsp;aos_sem_signal
<LI><a href="#[143]">&gt;&gt;</a>&nbsp;&nbsp;&nbsp;aos_task_exit
<LI><a href="#[10e]">&gt;&gt;</a>&nbsp;&nbsp;&nbsp;aos_mutex_unlock
<LI><a href="#[10d]">&gt;&gt;</a>&nbsp;&nbsp;&nbsp;aos_mutex_lock
<LI><a href="#[18b]">&gt;&gt;</a>&nbsp;&nbsp;&nbsp;aos_task_name
<LI><a href="#[1b8]">&gt;&gt;</a>&nbsp;&nbsp;&nbsp;__2printf
</UL>
<BR>[Address Reference Count : 1]<UL><LI> aos_test.o(i.cut_test_task_comm_aos_1_014_run)
</UL>
<P><STRONG><a name="[57]"></a>task6</STRONG> (Thumb, 68 bytes, Stack size 24 bytes, aos_test.o(i.task6))
<BR><BR>[Stack]<UL><LI>Max Depth = 136 + Unknown Stack Size
<LI>Call Chain = task6 &rArr; aos_task_exit &rArr; krhino_task_dyn_del &rArr; krhino_sem_give &rArr; sem_give &rArr; pend_task_wakeup &rArr; ready_list_add &rArr; ready_list_add_tail &rArr; ready_list_init
</UL>
<BR>[Calls]<UL><LI><a href="#[181]">&gt;&gt;</a>&nbsp;&nbsp;&nbsp;aos_sem_signal
<LI><a href="#[143]">&gt;&gt;</a>&nbsp;&nbsp;&nbsp;aos_task_exit
<LI><a href="#[14a]">&gt;&gt;</a>&nbsp;&nbsp;&nbsp;aos_sem_wait
<LI><a href="#[18b]">&gt;&gt;</a>&nbsp;&nbsp;&nbsp;aos_task_name
<LI><a href="#[1b8]">&gt;&gt;</a>&nbsp;&nbsp;&nbsp;__2printf
</UL>
<BR>[Address Reference Count : 1]<UL><LI> aos_test.o(i.cut_test_task_comm_aos_1_016_run)
</UL>
<P><STRONG><a name="[58]"></a>task7</STRONG> (Thumb, 68 bytes, Stack size 24 bytes, aos_test.o(i.task7))
<BR><BR>[Stack]<UL><LI>Max Depth = 136 + Unknown Stack Size
<LI>Call Chain = task7 &rArr; aos_task_exit &rArr; krhino_task_dyn_del &rArr; krhino_sem_give &rArr; sem_give &rArr; pend_task_wakeup &rArr; ready_list_add &rArr; ready_list_add_tail &rArr; ready_list_init
</UL>
<BR>[Calls]<UL><LI><a href="#[181]">&gt;&gt;</a>&nbsp;&nbsp;&nbsp;aos_sem_signal
<LI><a href="#[143]">&gt;&gt;</a>&nbsp;&nbsp;&nbsp;aos_task_exit
<LI><a href="#[14a]">&gt;&gt;</a>&nbsp;&nbsp;&nbsp;aos_sem_wait
<LI><a href="#[18b]">&gt;&gt;</a>&nbsp;&nbsp;&nbsp;aos_task_name
<LI><a href="#[1b8]">&gt;&gt;</a>&nbsp;&nbsp;&nbsp;__2printf
</UL>
<BR>[Address Reference Count : 1]<UL><LI> aos_test.o(i.cut_test_task_comm_aos_1_016_run)
</UL>
<P><STRONG><a name="[59]"></a>task8</STRONG> (Thumb, 64 bytes, Stack size 24 bytes, aos_test.o(i.task8))
<BR><BR>[Stack]<UL><LI>Max Depth = 160 + Unknown Stack Size
<LI>Call Chain = task8 &rArr; aos_queue_recv &rArr; krhino_buf_queue_recv &rArr; ringbuf_pop &rArr; ringbuf_headlen_decompress &rArr; __aeabi_memcpy
</UL>
<BR>[Calls]<UL><LI><a href="#[143]">&gt;&gt;</a>&nbsp;&nbsp;&nbsp;aos_task_exit
<LI><a href="#[18b]">&gt;&gt;</a>&nbsp;&nbsp;&nbsp;aos_task_name
<LI><a href="#[176]">&gt;&gt;</a>&nbsp;&nbsp;&nbsp;aos_queue_send
<LI><a href="#[174]">&gt;&gt;</a>&nbsp;&nbsp;&nbsp;aos_queue_recv
<LI><a href="#[1b8]">&gt;&gt;</a>&nbsp;&nbsp;&nbsp;__2printf
</UL>
<BR>[Address Reference Count : 1]<UL><LI> aos_test.o(i.cut_test_task_comm_aos_1_018_run)
</UL>
<P><STRONG><a name="[5a]"></a>task9</STRONG> (Thumb, 64 bytes, Stack size 24 bytes, aos_test.o(i.task9))
<BR><BR>[Stack]<UL><LI>Max Depth = 160 + Unknown Stack Size
<LI>Call Chain = task9 &rArr; aos_queue_recv &rArr; krhino_buf_queue_recv &rArr; ringbuf_pop &rArr; ringbuf_headlen_decompress &rArr; __aeabi_memcpy
</UL>
<BR>[Calls]<UL><LI><a href="#[143]">&gt;&gt;</a>&nbsp;&nbsp;&nbsp;aos_task_exit
<LI><a href="#[18b]">&gt;&gt;</a>&nbsp;&nbsp;&nbsp;aos_task_name
<LI><a href="#[176]">&gt;&gt;</a>&nbsp;&nbsp;&nbsp;aos_queue_send
<LI><a href="#[174]">&gt;&gt;</a>&nbsp;&nbsp;&nbsp;aos_queue_recv
<LI><a href="#[1b8]">&gt;&gt;</a>&nbsp;&nbsp;&nbsp;__2printf
</UL>
<BR>[Address Reference Count : 1]<UL><LI> aos_test.o(i.cut_test_task_comm_aos_1_018_run)
</UL>
<P><STRONG><a name="[5f]"></a>task_loop1</STRONG> (Thumb, 104 bytes, Stack size 16 bytes, aos_test.o(i.task_loop1))
<BR><BR>[Stack]<UL><LI>Max Depth = 224 + Unknown Stack Size
<LI>Call Chain = task_loop1 &rArr; aos_loop_init &rArr; aos_event_service_init &rArr; aos_poll_read_fd &rArr; csp_printf &rArr; aos_mutex_lock &rArr; krhino_ms_to_ticks &rArr; __aeabi_lmul &rArr; __aeabi_llsl
</UL>
<BR>[Calls]<UL><LI><a href="#[181]">&gt;&gt;</a>&nbsp;&nbsp;&nbsp;aos_sem_signal
<LI><a href="#[16d]">&gt;&gt;</a>&nbsp;&nbsp;&nbsp;aos_post_delayed_action
<LI><a href="#[155]">&gt;&gt;</a>&nbsp;&nbsp;&nbsp;aos_loop_run
<LI><a href="#[13a]">&gt;&gt;</a>&nbsp;&nbsp;&nbsp;aos_loop_init
<LI><a href="#[14d]">&gt;&gt;</a>&nbsp;&nbsp;&nbsp;aos_loop_destroy
<LI><a href="#[143]">&gt;&gt;</a>&nbsp;&nbsp;&nbsp;aos_task_exit
<LI><a href="#[18b]">&gt;&gt;</a>&nbsp;&nbsp;&nbsp;aos_task_name
<LI><a href="#[1b8]">&gt;&gt;</a>&nbsp;&nbsp;&nbsp;__2printf
</UL>
<BR>[Address Reference Count : 2]<UL><LI> aos_test.o(i.cut_test_yloop_aos_2_006_run)
<LI> aos_test.o(i.cut_test_yloop_aos_2_009_run)
</UL>
<P><STRONG><a name="[5b]"></a>timer_handler</STRONG> (Thumb, 30 bytes, Stack size 8 bytes, aos_test.o(i.timer_handler))
<BR><BR>[Stack]<UL><LI>Max Depth = 96 + Unknown Stack Size
<LI>Call Chain = timer_handler &rArr; aos_sem_signal &rArr; krhino_sem_give &rArr; sem_give &rArr; pend_task_wakeup &rArr; ready_list_add &rArr; ready_list_add_tail &rArr; ready_list_init
</UL>
<BR>[Calls]<UL><LI><a href="#[181]">&gt;&gt;</a>&nbsp;&nbsp;&nbsp;aos_sem_signal
<LI><a href="#[1b8]">&gt;&gt;</a>&nbsp;&nbsp;&nbsp;__2printf
</UL>
<BR>[Address Reference Count : 2]<UL><LI> aos_test.o(i.cut_test_timer_aos_1_019_run)
<LI> aos_test.o(i.cut_test_timer_aos_1_020_run)
</UL>
<P><STRONG><a name="[114]"></a>_fp_digits</STRONG> (Thumb, 316 bytes, Stack size 56 bytes, printfa.o(i._fp_digits), UNUSED)
<BR><BR>[Calls]<UL><LI><a href="#[8d]">&gt;&gt;</a>&nbsp;&nbsp;&nbsp;__aeabi_dmul
<LI><a href="#[8e]">&gt;&gt;</a>&nbsp;&nbsp;&nbsp;__aeabi_ddiv
<LI><a href="#[87]">&gt;&gt;</a>&nbsp;&nbsp;&nbsp;__aeabi_dadd
<LI><a href="#[7e]">&gt;&gt;</a>&nbsp;&nbsp;&nbsp;__aeabi_uldivmod
<LI><a href="#[93]">&gt;&gt;</a>&nbsp;&nbsp;&nbsp;__aeabi_d2ulz
<LI><a href="#[115]">&gt;&gt;</a>&nbsp;&nbsp;&nbsp;__aeabi_cdrcmple
</UL>
<BR>[Called By]<UL><LI><a href="#[fd]">&gt;&gt;</a>&nbsp;&nbsp;&nbsp;_printf_core
</UL>

<P><STRONG><a name="[fd]"></a>_printf_core</STRONG> (Thumb, 1754 bytes, Stack size 128 bytes, printfa.o(i._printf_core), UNUSED)
<BR><BR>[Calls]<UL><LI><a href="#[7e]">&gt;&gt;</a>&nbsp;&nbsp;&nbsp;__aeabi_uldivmod
<LI><a href="#[7d]">&gt;&gt;</a>&nbsp;&nbsp;&nbsp;__aeabi_uidivmod
<LI><a href="#[116]">&gt;&gt;</a>&nbsp;&nbsp;&nbsp;_printf_pre_padding
<LI><a href="#[117]">&gt;&gt;</a>&nbsp;&nbsp;&nbsp;_printf_post_padding
<LI><a href="#[114]">&gt;&gt;</a>&nbsp;&nbsp;&nbsp;_fp_digits
</UL>
<BR>[Called By]<UL><LI><a href="#[102]">&gt;&gt;</a>&nbsp;&nbsp;&nbsp;__0vsnprintf
<LI><a href="#[101]">&gt;&gt;</a>&nbsp;&nbsp;&nbsp;__0vprintf
<LI><a href="#[100]">&gt;&gt;</a>&nbsp;&nbsp;&nbsp;__0sprintf
<LI><a href="#[ff]">&gt;&gt;</a>&nbsp;&nbsp;&nbsp;__0snprintf
<LI><a href="#[fe]">&gt;&gt;</a>&nbsp;&nbsp;&nbsp;__0printf
<LI><a href="#[fc]">&gt;&gt;</a>&nbsp;&nbsp;&nbsp;__0fprintf
</UL>

<P><STRONG><a name="[117]"></a>_printf_post_padding</STRONG> (Thumb, 32 bytes, Stack size 24 bytes, printfa.o(i._printf_post_padding), UNUSED)
<BR><BR>[Called By]<UL><LI><a href="#[fd]">&gt;&gt;</a>&nbsp;&nbsp;&nbsp;_printf_core
</UL>

<P><STRONG><a name="[116]"></a>_printf_pre_padding</STRONG> (Thumb, 44 bytes, Stack size 40 bytes, printfa.o(i._printf_pre_padding), UNUSED)
<BR><BR>[Called By]<UL><LI><a href="#[fd]">&gt;&gt;</a>&nbsp;&nbsp;&nbsp;_printf_core
</UL>

<P><STRONG><a name="[4b]"></a>_snputc</STRONG> (Thumb, 22 bytes, Stack size 0 bytes, printfa.o(i._snputc))
<BR>[Address Reference Count : 2]<UL><LI> printfa.o(i.__0snprintf)
<LI> printfa.o(i.__0vsnprintf)
</UL>
<P><STRONG><a name="[4c]"></a>_sputc</STRONG> (Thumb, 10 bytes, Stack size 0 bytes, printfa.o(i._sputc))
<BR><BR>[Called By]<UL><LI><a href="#[100]">&gt;&gt;</a>&nbsp;&nbsp;&nbsp;__0sprintf
</UL>
<BR>[Address Reference Count : 1]<UL><LI> printfa.o(i.__0sprintf)
</UL><P>
<H3>
Undefined Global Symbols
</H3><HR></body></html>
